Microchip MPLAB XC8 Compiler V2.36

Linker command line:

-W-3 --edf=C:\Program Files\Microchip\xc8\v2.36\pic\dat\en_msgs.txt -cn \
  -h+dist/default/production\PruebaServosPic.X.production.sym \
  --cmf=dist/default/production\PruebaServosPic.X.production.cmf -z \
  -Q18F46K22 -oC:\Users\HP\AppData\Local\Temp\xcAscfk.4 \
  -Mdist/default/production/PruebaServosPic.X.production.map \
  --md=C:\Users\HP\AppData\Local\Temp\xcAscfk.dat -E1 -ver=XC8 Compiler \
  -ACODE=00h-0FFFFh -ACONST=00h-0FFFFh -ASMALLCONST=01000h-010FFhx240 \
  -AMEDIUMCONST=01000h-0FFFFh -ACOMRAM=01h-05Fh -AABS1=00h-0F37h \
  -ABIGRAM=01h-0F37h -ARAM=060h-0FFh,0100h-01FFhx14,0F00h-0F37h \
  -ABANK0=060h-0FFh -ABANK1=0100h-01FFh -ABANK2=0200h-02FFh \
  -ABANK3=0300h-03FFh -ABANK4=0400h-04FFh -ABANK5=0500h-05FFh \
  -ABANK6=0600h-06FFh -ABANK7=0700h-07FFh -ABANK8=0800h-08FFh \
  -ABANK9=0900h-09FFh -ABANK10=0A00h-0AFFh -ABANK11=0B00h-0BFFh \
  -ABANK12=0C00h-0CFFh -ABANK13=0D00h-0DFFh -ABANK14=0E00h-0EFFh \
  -ABANK15=0F00h-0F37h -ASFR=0F38h-0F5Fh,0F60h-0FFFh -ABIGSFR=0F38h-0FFFh \
  -ACONFIG=0300000h-030000Dh -AIDLOC=0200000h-0200007h \
  -AEEDATA=0F00000h-0F003FFh -peeprom_data=EEDATA \
  -preset_vec=00h,intcode=08h,intcodelo,powerup,init -pramtop=01000h \
  -psmallconst=SMALLCONST -pmediumconst=MEDIUMCONST -pconst=CONST \
  -AFARRAM=00h-00h \
  -prdata=COMRAM,nvrram=COMRAM,nvbit=COMRAM,rbss=COMRAM,rbit=COMRAM \
  -pfarbss=FARRAM,fardata=FARRAM,nvFARRAM=FARRAM \
  -pintsave_regs=BIGRAM,bigbss=BIGRAM,bigdata=BIGRAM -pbss=RAM \
  -pidata=CODE,irdata=CODE,ibigdata=CODE,ifardata=CODE -prparam=COMRAM \
  C:\Users\HP\AppData\Local\Temp\xcAscfk.obj \
  dist/default/production\PruebaServosPic.X.production.obj 

Object code version is 3.11

Machine type is 18F46K22



                Name                               Link     Load   Length Selector   Space Scale
C:\Users\HP\AppData\Local\Temp\xcAscfk.obj
                idloc                            200000   200000        8        0       5
                config                           300000   300000        E        0       4
                init                                394      394        4        4       0
                reset_vec                             0        0        4        0       0
dist/default/production\PruebaServosPic.X.production.obj
                intcode                               8        8      38C        4       0
                idloc                            200000   200000        8        0       5
                config                           300000   300000        E        0       4
                temp                                 5C       5C        1        1       1
                smallconst                         1000     1000       A6      800       0
                text58                             38F8     38F8       AE      853       0
                text57                             4318     4318       38      853       0
                text56                             4490     4490       24      853       0
                text55                             3A52     3A52       A4      853       0
                text54                             4540     4540       16      853       0
                text53                             43D0     43D0       2A      853       0
                text52                             41D4     41D4       4E      853       0
                text51                             452A     452A       16      853       0
                text50                             3DEE     3DEE       74      853       0
                text49                             446C     446C       24      853       0
                text48                             2D6E     2D6E      1A8      853       0
                text47                             4262     4262       40      853       0
                text46                             3778     3778       D2      853       0
                text45                             3C82     3C82       82      853       0
                text44                             4018     4018       66      853       0
                text43                             40DA     40DA       5C      853       0
                text42                             4446     4446       26      853       0
                text41                             33F0     33F0       F4      853       0
                text40                             3014     3014       FE      853       0
                text39                             32FC     32FC       F4      853       0
                text38                             42DE     42DE       3A      853       0
                text37                             43A6     43A6       2A      853       0
                text36                             29EA     29EA      1DC      853       0
                text35                             44D6     44D6       1E      853       0
                text34                             3BFE     3BFE       84      853       0
                text33                             3ED2     3ED2       70      853       0
                text32                             2472     2472      398      853       0
                text31                             18D8     18D8      7FE      853       0
                text29                             39A6     39A6       AC      853       0
                text28                             4510     4510       1A      853       0
                text27                             437C     437C       2A      853       0
                text26                             4186     4186       4E      853       0
                text25                             384A     384A       AE      853       0
                text24                             34E4     34E4       E6      853       0
                text23                             2BC6     2BC6      1A8      853       0
                text22                             4222     4222       40      853       0
                text21                             36A2     36A2       D6      853       0
                text20                             35CA     35CA       D8      853       0
                text19                             44F4     44F4       1C      853       0
                text18                             3F42     3F42       6E      853       0
                text17                             3D7A     3D7A       74      853       0
                text16                             4420     4420       26      853       0
                text15                             3B7A     3B7A       84      853       0
                text14                             3FB0     3FB0       68      853       0
                text13                             407E     407E       5C      853       0
                text12                             43FA     43FA       26      853       0
                text11                             3112     3112       F6      853       0
                text10                             2F16     2F16       FE      853       0
                text9                              3208     3208       F4      853       0
                text8                              42A2     42A2       3C      853       0
                text7                              4350     4350       2C      853       0
                text6                              280A     280A      1E0      853       0
                text5                              44B4     44B4       22      853       0
                text4                              3AF6     3AF6       84      853       0
                text3                              3E62     3E62       70      853       0
                text2                              20D6     20D6      39C      853       0
                text1                              10A6     10A6      832      853       0
                text0                              3D04     3D04       76      853       0
                cstackCOMRAM                          1        1       5A        1       1
                cstackBANK0                          60       60       6E       60       1
                cstackBANK1                         100      100       1F      100       1
                bssBANK1                            11F      11F       14      100       1
                dataBANK0                            E3       E3        2       60       1
                bssBANK0                             CE       CE       15       60       1
                dataCOMRAM                           5B       5B        1        1       1
                cinit                              4136     4136       50      853       0
                idataBANK0                         4556     4556        2      853       0
                idataCOMRAM                        4558     4558        1      853       0

TOTAL           Name                               Link     Load   Length     Space
        CLASS   CODE           
                intcode                               8        8      38C         0
                init                                394      394        4         0
                reset_vec                             0        0        4         0
                text58                             38F8     38F8       AE         0
                text57                             4318     4318       38         0
                text56                             4490     4490       24         0
                text55                             3A52     3A52       A4         0
                text54                             4540     4540       16         0
                text53                             43D0     43D0       2A         0
                text52                             41D4     41D4       4E         0
                text51                             452A     452A       16         0
                text50                             3DEE     3DEE       74         0
                text49                             446C     446C       24         0
                text48                             2D6E     2D6E      1A8         0
                text47                             4262     4262       40         0
                text46                             3778     3778       D2         0
                text45                             3C82     3C82       82         0
                text44                             4018     4018       66         0
                text43                             40DA     40DA       5C         0
                text42                             4446     4446       26         0
                text41                             33F0     33F0       F4         0
                text40                             3014     3014       FE         0
                text39                             32FC     32FC       F4         0
                text38                             42DE     42DE       3A         0
                text37                             43A6     43A6       2A         0
                text36                             29EA     29EA      1DC         0
                text35                             44D6     44D6       1E         0
                text34                             3BFE     3BFE       84         0
                text33                             3ED2     3ED2       70         0
                text32                             2472     2472      398         0
                text31                             18D8     18D8      7FE         0
                text29                             39A6     39A6       AC         0
                text28                             4510     4510       1A         0
                text27                             437C     437C       2A         0
                text26                             4186     4186       4E         0
                text25                             384A     384A       AE         0
                text24                             34E4     34E4       E6         0
                text23                             2BC6     2BC6      1A8         0
                text22                             4222     4222       40         0
                text21                             36A2     36A2       D6         0
                text20                             35CA     35CA       D8         0
                text19                             44F4     44F4       1C         0
                text18                             3F42     3F42       6E         0
                text17                             3D7A     3D7A       74         0
                text16                             4420     4420       26         0
                text15                             3B7A     3B7A       84         0
                text14                             3FB0     3FB0       68         0
                text13                             407E     407E       5C         0
                text12                             43FA     43FA       26         0
                text11                             3112     3112       F6         0
                text10                             2F16     2F16       FE         0
                text9                              3208     3208       F4         0
                text8                              42A2     42A2       3C         0
                text7                              4350     4350       2C         0
                text6                              280A     280A      1E0         0
                text5                              44B4     44B4       22         0
                text4                              3AF6     3AF6       84         0
                text3                              3E62     3E62       70         0
                text2                              20D6     20D6      39C         0
                text1                              10A6     10A6      832         0
                text0                              3D04     3D04       76         0
                cinit                              4136     4136       50         0
                idataBANK0                         4556     4556        2         0
                idataCOMRAM                        4558     4558        1         0

        CLASS   CONST          

        CLASS   SMALLCONST     
                smallconst                         1000     1000       A6         0

        CLASS   MEDIUMCONST    

        CLASS   COMRAM         
                temp                                 5C       5C        1         1
                cstackCOMRAM                          1        1       5A         1
                dataCOMRAM                           5B       5B        1         1

        CLASS   ABS1           

        CLASS   BIGRAM         

        CLASS   RAM            

        CLASS   BANK0          
                cstackBANK0                          60       60       6E         1
                dataBANK0                            E3       E3        2         1
                bssBANK0                             CE       CE       15         1

        CLASS   BANK1          
                cstackBANK1                         100      100       1F         1
                bssBANK1                            11F      11F       14         1

        CLASS   BANK2          

        CLASS   BANK3          

        CLASS   BANK4          

        CLASS   BANK5          

        CLASS   BANK6          

        CLASS   BANK7          

        CLASS   BANK8          

        CLASS   BANK9          

        CLASS   BANK10         

        CLASS   BANK11         

        CLASS   BANK12         

        CLASS   BANK13         

        CLASS   BANK14         

        CLASS   BANK15         

        CLASS   SFR            

        CLASS   BIGSFR         

        CLASS   CONFIG         
                config                           300000   300000        E         4

        CLASS   IDLOC          
                idloc                            200000   200000        8         5

        CLASS   EEDATA         

        CLASS   FARRAM         

        CLASS   HEAP           

        CLASS   STACK          



SEGMENTS        Name                           Load    Length   Top    Selector   Space  Class

                reset_vec                      000000  000004  000004         0       0  CODE    
                cstackCOMRAM                   000001  00005C  00005D         1       1  COMRAM  
                intcode                        000008  000390  000398         4       0  CODE    
                cstackBANK0                    000060  000085  0000E5        60       1  BANK0   
                cstackBANK1                    000100  000033  000133       100       1  BANK1   
                smallconst                     001000  0000A6  0010A6       800       0  SMALLCON
                text1                          0010A6  0034B3  004559       853       0  CODE    


UNUSED ADDRESS RANGES

        Name                Unused          Largest block    Delta
        BANK0            0000E5-0000FF               1B
        BANK1            000133-0001FF               CD
        BANK10           000A00-000AFF              100
        BANK11           000B00-000BFF              100
        BANK12           000C00-000CFF              100
        BANK13           000D00-000DFF              100
        BANK14           000E00-000EFF              100
        BANK15           000F00-000F37               38
        BANK2            000200-0002FF              100
        BANK3            000300-0003FF              100
        BANK4            000400-0004FF              100
        BANK5            000500-0005FF              100
        BANK6            000600-0006FF              100
        BANK7            000700-0007FF              100
        BANK8            000800-0008FF              100
        BANK9            000900-0009FF              100
        BIGRAM           00005D-00005F                3
                         0000E5-0000FF               1B
                         000133-000F37              E05
        BIGSFR           000F38-000FFF               C8
        CODE             000004-000007                4
                         000398-000FFF              C68
                         004559-00FFFF             BAA7
        COMRAM           00005D-00005F                3
        CONST            000004-000007                4
                         000398-000FFF              C68
                         004559-00FFFF             BAA7
        EEDATA           F00000-F003FF              400
        MEDIUMCONST      004559-00FFFF             BAA7
        RAM              0000E5-0000FF               1B
                         000133-000F37              100
        SFR              000F38-000FFF               28
        SMALLCONST       004559-00FFFF              100

                                  Symbol Table

?___awdiv                cstackBANK0  000080
?___awmod                cstackBANK0  00007A
?___awtoft               cstackCOMRAM 000009
?___ftadd                cstackBANK0  0000A5
?___ftdiv                cstackBANK0  000082
?___ftmul                cstackBANK0  000088
?___ftneg                cstackBANK0  00007A
?___ftpack               cstackBANK0  00007A
?___ftsub                cstackBANK0  0000B1
?___fttol                cstackBANK0  0000B7
?___lldiv                cstackBANK0  00007A
?___llmod                cstackBANK0  000087
?___lltoft               cstackBANK0  000082
?___lwtoft               cstackCOMRAM 000009
?___wmul                 cstackBANK0  00007A
?__div_to_l_             cstackBANK0  00007A
?__tdiv_to_l_            cstackBANK0  00007A
?_fround                 cstackBANK0  000097
?_scale                  cstackBANK0  000097
?_sprintf                cstackBANK0  0000C6
?_strlen                 cstackBANK0  00007A
?i2___awdiv              cstackCOMRAM 000007
?i2___awmod              cstackCOMRAM 000001
?i2___ftadd              cstackCOMRAM 00002C
?i2___ftmul              cstackCOMRAM 00000F
?i2___ftneg              cstackCOMRAM 000001
?i2___ftpack             cstackCOMRAM 000001
?i2___ftsub              cstackCOMRAM 000038
?i2___fttol              cstackCOMRAM 000038
?i2___lldiv              cstackCOMRAM 000001
?i2___llmod              cstackCOMRAM 00000E
?i2___lltoft             cstackCOMRAM 000009
?i2___wmul               cstackCOMRAM 000001
?i2__div_to_l_           cstackCOMRAM 000001
?i2__tdiv_to_l_          cstackCOMRAM 000001
?i2_fround               cstackCOMRAM 00001E
?i2_scale                cstackCOMRAM 00001E
?i2_sprintf              cstackCOMRAM 000047
?i2_strlen               cstackCOMRAM 000001
LCD@data                 cstackBANK0  00007B
SettingsLCD@word         cstackBANK0  00007C
TMR1_ISR@d               cstackBANK0  000079
WriteLCD@word            cstackBANK0  00007C
_ANSELC                  (abs)        000F3A
_ANSELD                  (abs)        000F3B
_ANSELE                  (abs)        000F3C
_DataLCD                 text26       004186
_GIE                     (abs)        007F97
_LATD                    (abs)        000F8C
_LATD6                   (abs)        007C66
_LATD7                   (abs)        007C67
_LATDbits                (abs)        000F8C
_LATE                    (abs)        000F8D
_LATEbits                (abs)        000F8D
_LCD                     text29       0039A6
_OSCCON                  (abs)        000FD3
_PEIE                    (abs)        007F96
_RC1IE                   (abs)        007CED
_RC1IF                   (abs)        007CF5
_RCREG1                  (abs)        000FAE
_RCSTA1                  (abs)        000FAB
_SPBRG1                  (abs)        000FAF
_SettingsLCD             text19       0044F4
_T1CON                   (abs)        000FCD
_TMR1                    (abs)        000FCE
_TMR1IE                  (abs)        007CE8
_TMR1IF                  (abs)        007CF0
_TMR1ON                  (abs)        007E68
_TMR1_ISR                intcode      000008
_TMR1_ISR$1137           cstackBANK0  000076
_TRISCbits               (abs)        000F94
_TRISD                   (abs)        000F95
_TRISE                   (abs)        000F96
_TXSTA1                  (abs)        000FAC
_WriteLCD                text28       004510
__HRAM                   (abs)        000000
__Habs1                  abs1         000000
__Hbank0                 bank0        000000
__Hbank1                 bank1        000000
__Hbank10                bank10       000000
__Hbank11                bank11       000000
__Hbank12                bank12       000000
__Hbank13                bank13       000000
__Hbank14                bank14       000000
__Hbank15                bank15       000000
__Hbank2                 bank2        000000
__Hbank3                 bank3        000000
__Hbank4                 bank4        000000
__Hbank5                 bank5        000000
__Hbank6                 bank6        000000
__Hbank7                 bank7        000000
__Hbank8                 bank8        000000
__Hbank9                 bank9        000000
__Hbigbss                bigbss       000000
__Hbigdata               bigdata      000000
__Hbigram                bigram       000000
__Hbigsfr                bigsfr       000000
__Hbss                   bss          000000
__HbssBANK0              bssBANK0     000000
__HbssBANK1              bssBANK1     000000
__Hcinit                 cinit        000000
__Hclrtext               clrtext      000000
__Hcomram                comram       000000
__Hconfig                config       30000E
__Hconst                 const        000000
__HcstackBANK0           cstackBANK0  000000
__HcstackBANK1           cstackBANK1  000000
__HcstackCOMRAM          cstackCOMRAM 000000
__Hdata                  data         000000
__HdataBANK0             dataBANK0    000000
__HdataCOMRAM            dataCOMRAM   000000
__Heeprom_data           eeprom_data  000000
__Hfarbss                farbss       000000
__Hfardata               fardata      000000
__Hheap                  heap         000000
__Hibigdata              ibigdata     000000
__Hidata                 idata        000000
__HidataBANK0            idataBANK0   000000
__HidataCOMRAM           idataCOMRAM  000000
__Hidloc                 idloc        200008
__Hifardata              ifardata     000000
__Hinit                  init         000398
__Hintcode               intcode      000394
__Hintcode_body          intcode_body 000000
__Hintcodelo             intcodelo    000394
__Hintentry              intentry     000000
__Hintret                intret       000000
__Hintsave_regs          intsave_regs 000000
__Hirdata                irdata       000000
__Hmediumconst           mediumconst  000000
__HnvFARRAM              nvFARRAM     000000
__Hnvbit                 nvbit        000000
__Hnvrram                nvrram       000000
__Hparam                 rparam       000000
__Hpowerup               powerup      000394
__Hram                   ram          000000
__Hramtop                ramtop       001000
__Hrbit                  rbit         000000
__Hrbss                  rbss         000000
__Hrdata                 rdata        000000
__Hreset_vec             reset_vec    000004
__Hrparam                rparam       000000
__Hsfr                   sfr          000000
__Hsmallconst            smallconst   0010A6
__Hspace_0               (abs)        004559
__Hspace_1               (abs)        000133
__Hspace_2               (abs)        000000
__Hspace_4               (abs)        60000E
__Hstack                 stack        000000
__Hstruct                struct       000000
__Htemp                  temp         00005D
__Htext                  text         000000
__Htext0                 text0        000000
__Htext1                 text1        000000
__Htext10                text10       000000
__Htext11                text11       000000
__Htext12                text12       000000
__Htext13                text13       000000
__Htext14                text14       000000
__Htext15                text15       000000
__Htext16                text16       000000
__Htext17                text17       000000
__Htext18                text18       000000
__Htext19                text19       000000
__Htext2                 text2        000000
__Htext20                text20       000000
__Htext21                text21       000000
__Htext22                text22       000000
__Htext23                text23       000000
__Htext24                text24       000000
__Htext25                text25       000000
__Htext26                text26       000000
__Htext27                text27       000000
__Htext28                text28       000000
__Htext29                text29       000000
__Htext3                 text3        000000
__Htext31                text31       000000
__Htext32                text32       000000
__Htext33                text33       000000
__Htext34                text34       000000
__Htext35                text35       000000
__Htext36                text36       000000
__Htext37                text37       000000
__Htext38                text38       000000
__Htext39                text39       000000
__Htext4                 text4        000000
__Htext40                text40       000000
__Htext41                text41       000000
__Htext42                text42       000000
__Htext43                text43       000000
__Htext44                text44       000000
__Htext45                text45       000000
__Htext46                text46       000000
__Htext47                text47       000000
__Htext48                text48       000000
__Htext49                text49       000000
__Htext5                 text5        000000
__Htext50                text50       000000
__Htext51                text51       000000
__Htext52                text52       000000
__Htext53                text53       000000
__Htext54                text54       000000
__Htext55                text55       000000
__Htext56                text56       000000
__Htext57                text57       000000
__Htext58                text58       000000
__Htext6                 text6        000000
__Htext7                 text7        000000
__Htext8                 text8        000000
__Htext9                 text9        000000
__LRAM                   (abs)        000001
__Labs1                  abs1         000000
__Lbank0                 bank0        000000
__Lbank1                 bank1        000000
__Lbank10                bank10       000000
__Lbank11                bank11       000000
__Lbank12                bank12       000000
__Lbank13                bank13       000000
__Lbank14                bank14       000000
__Lbank15                bank15       000000
__Lbank2                 bank2        000000
__Lbank3                 bank3        000000
__Lbank4                 bank4        000000
__Lbank5                 bank5        000000
__Lbank6                 bank6        000000
__Lbank7                 bank7        000000
__Lbank8                 bank8        000000
__Lbank9                 bank9        000000
__Lbigbss                bigbss       000000
__Lbigdata               bigdata      000000
__Lbigram                bigram       000000
__Lbigsfr                bigsfr       000000
__Lbss                   bss          000000
__LbssBANK0              bssBANK0     000000
__LbssBANK1              bssBANK1     000000
__Lcinit                 cinit        000000
__Lclrtext               clrtext      000000
__Lcomram                comram       000000
__Lconfig                config       000000
__Lconst                 const        000000
__LcstackBANK0           cstackBANK0  000000
__LcstackBANK1           cstackBANK1  000000
__LcstackCOMRAM          cstackCOMRAM 000000
__Ldata                  data         000000
__LdataBANK0             dataBANK0    000000
__LdataCOMRAM            dataCOMRAM   000000
__Leeprom_data           eeprom_data  000000
__Lfarbss                farbss       000000
__Lfardata               fardata      000000
__Lheap                  heap         000000
__Libigdata              ibigdata     000000
__Lidata                 idata        000000
__LidataBANK0            idataBANK0   000000
__LidataCOMRAM           idataCOMRAM  000000
__Lidloc                 idloc        000000
__Lifardata              ifardata     000000
__Linit                  init         000394
__Lintcode               intcode      000008
__Lintcode_body          intcode_body 000000
__Lintcodelo             intcodelo    000394
__Lintentry              intentry     000000
__Lintret                intret       000000
__Lintsave_regs          intsave_regs 000000
__Lirdata                irdata       000000
__Lmediumconst           mediumconst  000000
__LnvFARRAM              nvFARRAM     000000
__Lnvbit                 nvbit        000000
__Lnvrram                nvrram       000000
__Lparam                 rparam       000000
__Lpowerup               powerup      000394
__Lram                   ram          000000
__Lramtop                ramtop       001000
__Lrbit                  rbit         000000
__Lrbss                  rbss         000000
__Lrdata                 rdata        000000
__Lreset_vec             reset_vec    000000
__Lrparam                rparam       000000
__Lsfr                   sfr          000000
__Lsmallconst            smallconst   001000
__Lspace_0               (abs)        000000
__Lspace_1               (abs)        000000
__Lspace_2               (abs)        000000
__Lspace_4               (abs)        000000
__Lstack                 stack        000000
__Lstruct                struct       000000
__Ltemp                  temp         00005C
__Ltext                  text         000000
__Ltext0                 text0        000000
__Ltext1                 text1        000000
__Ltext10                text10       000000
__Ltext11                text11       000000
__Ltext12                text12       000000
__Ltext13                text13       000000
__Ltext14                text14       000000
__Ltext15                text15       000000
__Ltext16                text16       000000
__Ltext17                text17       000000
__Ltext18                text18       000000
__Ltext19                text19       000000
__Ltext2                 text2        000000
__Ltext20                text20       000000
__Ltext21                text21       000000
__Ltext22                text22       000000
__Ltext23                text23       000000
__Ltext24                text24       000000
__Ltext25                text25       000000
__Ltext26                text26       000000
__Ltext27                text27       000000
__Ltext28                text28       000000
__Ltext29                text29       000000
__Ltext3                 text3        000000
__Ltext31                text31       000000
__Ltext32                text32       000000
__Ltext33                text33       000000
__Ltext34                text34       000000
__Ltext35                text35       000000
__Ltext36                text36       000000
__Ltext37                text37       000000
__Ltext38                text38       000000
__Ltext39                text39       000000
__Ltext4                 text4        000000
__Ltext40                text40       000000
__Ltext41                text41       000000
__Ltext42                text42       000000
__Ltext43                text43       000000
__Ltext44                text44       000000
__Ltext45                text45       000000
__Ltext46                text46       000000
__Ltext47                text47       000000
__Ltext48                text48       000000
__Ltext49                text49       000000
__Ltext5                 text5        000000
__Ltext50                text50       000000
__Ltext51                text51       000000
__Ltext52                text52       000000
__Ltext53                text53       000000
__Ltext54                text54       000000
__Ltext55                text55       000000
__Ltext56                text56       000000
__Ltext57                text57       000000
__Ltext58                text58       000000
__Ltext6                 text6        000000
__Ltext7                 text7        000000
__Ltext8                 text8        000000
__Ltext9                 text9        000000
__S0                     (abs)        004559
__S1                     (abs)        000133
__S4                     (abs)        000000
__S5                     (abs)        000000
___awdiv                 text4        003AF6
___awdiv@counter         cstackBANK0  000084
___awdiv@dividend        cstackBANK0  000080
___awdiv@divisor         cstackBANK0  000082
___awdiv@quotient        cstackBANK0  000086
___awdiv@sign            cstackBANK0  000085
___awmod                 text3        003E62
___awmod@counter         cstackBANK0  00007E
___awmod@dividend        cstackBANK0  00007A
___awmod@divisor         cstackBANK0  00007C
___awmod@sign            cstackBANK0  00007F
___awtoft                text57       004318
___awtoft@c              cstackCOMRAM 000009
___awtoft@sign           cstackCOMRAM 00000C
___ftadd                 text23       002BC6
___ftadd@exp1            cstackBANK0  0000B0
___ftadd@exp2            cstackBANK0  0000AF
___ftadd@f1              cstackBANK0  0000A5
___ftadd@f2              cstackBANK0  0000A8
___ftadd@sign            cstackBANK0  0000AE
___ftdiv                 text24       0034E4
___ftdiv@cntr            cstackBANK0  00008B
___ftdiv@exp             cstackBANK0  00008F
___ftdiv@f1              cstackBANK0  000082
___ftdiv@f2              cstackBANK0  000085
___ftdiv@f3              cstackBANK0  00008C
___ftdiv@sign            cstackBANK0  000090
___ftge                  text17       003D7A
___ftge@ff1              cstackBANK0  00007A
___ftge@ff2              cstackBANK0  00007D
___ftmul                 text9        003208
___ftmul@cntr            cstackBANK0  000095
___ftmul@exp             cstackBANK0  000091
___ftmul@f1              cstackBANK0  000088
___ftmul@f2              cstackBANK0  00008B
___ftmul@f3_as_product   cstackBANK0  000092
___ftmul@sign            cstackBANK0  000096
___ftneg                 text16       004420
___ftneg@f1              cstackBANK0  00007A
___ftpack                text25       00384A
___ftpack@arg            cstackBANK0  00007A
___ftpack@exp            cstackBANK0  00007D
___ftpack@sign           cstackBANK0  00007E
___ftsub                 text22       004222
___ftsub@f1              cstackBANK0  0000B1
___ftsub@f2              cstackBANK0  0000B4
___fttol                 text21       0036A2
___fttol@exp1            cstackBANK0  0000C5
___fttol@f1              cstackBANK0  0000B7
___fttol@lval            cstackBANK0  0000C1
___fttol@sign1           cstackBANK0  0000C0
___heap_hi               (abs)        000000
___heap_lo               (abs)        000000
___inthi_sp              stack        000000
___intlo_sp              stack        000000
___lbdiv                 text8        0042A2
___lbdiv@counter         cstackBANK0  000080
___lbdiv@dividend        cstackBANK0  00007F
___lbdiv@divisor         cstackBANK0  00007E
___lbdiv@quotient        cstackBANK0  000081
___lbmod                 text7        004350
___lbmod@counter         cstackBANK0  00007C
___lbmod@dividend        cstackBANK0  00007B
___lbmod@divisor         cstackBANK0  00007A
___lbmod@rem             cstackBANK0  00007D
___lldiv                 text15       003B7A
___lldiv@counter         cstackBANK0  000086
___lldiv@dividend        cstackBANK0  00007A
___lldiv@divisor         cstackBANK0  00007E
___lldiv@quotient        cstackBANK0  000082
___llmod                 text14       003FB0
___llmod@counter         cstackBANK0  00008F
___llmod@dividend        cstackBANK0  000087
___llmod@divisor         cstackBANK0  00008B
___lltoft                text13       00407E
___lltoft@c              cstackBANK0  000082
___lltoft@exp            cstackBANK0  00008A
___lwtoft                text56       004490
___lwtoft@c              cstackCOMRAM 000009
___param_bank            (abs)        000000
___rparam_used           (abs)        000001
___sp                    stack        000000
___wmul                  text12       0043FA
___wmul@multiplicand     cstackBANK0  00007C
___wmul@multiplier       cstackBANK0  00007A
___wmul@product          cstackBANK0  00007E
__accesstop              (abs)        000060
__activetblptr           (abs)        000002
__div_to_l_              text11       003112
__div_to_l_@cntr         cstackBANK0  000084
__div_to_l_@exp1         cstackBANK0  000085
__div_to_l_@f1           cstackBANK0  00007A
__div_to_l_@f2           cstackBANK0  00007D
__div_to_l_@quot         cstackBANK0  000080
__end_of_DataLCD         text26       0041D4
__end_of_LCD             text29       003A52
__end_of_SettingsLCD     text19       004510
__end_of_TMR1_ISR        intcode      000394
__end_of_WriteLCD        text28       00452A
__end_of___awdiv         text4        003B7A
__end_of___awmod         text3        003ED2
__end_of___awtoft        text57       004350
__end_of___ftadd         text23       002D6E
__end_of___ftdiv         text24       0035CA
__end_of___ftge          text17       003DEE
__end_of___ftmul         text9        0032FC
__end_of___ftneg         text16       004446
__end_of___ftpack        text25       0038F8
__end_of___ftsub         text22       004262
__end_of___fttol         text21       003778
__end_of___lbdiv         text8        0042DE
__end_of___lbmod         text7        00437C
__end_of___lldiv         text15       003BFE
__end_of___llmod         text14       004018
__end_of___lltoft        text13       0040DA
__end_of___lwtoft        text56       0044B4
__end_of___wmul          text12       004420
__end_of__div_to_l_      text11       003208
__end_of__initialization cinit        004178
__end_of__npowers_       smallconst   00104F
__end_of__powers_        smallconst   001028
__end_of__tdiv_to_l_     text10       003014
__end_of_deg2time        text20       0036A2
__end_of_dpowers         smallconst   001077
__end_of_fround          text6        0029EA
__end_of_isdigit         text5        0044D6
__end_of_main            text0        003D7A
__end_of_scale           text2        002472
__end_of_settings        text18       003FB0
__end_of_sprintf         text1        0018D8
__end_of_strlen          text27       0043A6
__end_ofi2_DataLCD       text52       004222
__end_ofi2_LCD           text55       003AF6
__end_ofi2_SettingsLCD   text51       004540
__end_ofi2_WriteLCD      text54       004556
__end_ofi2___awdiv       text34       003C82
__end_ofi2___awmod       text33       003F42
__end_ofi2___ftadd       text48       002F16
__end_ofi2___ftge        text50       003E62
__end_ofi2___ftmul       text39       0033F0
__end_ofi2___ftneg       text49       004490
__end_ofi2___ftpack      text58       0039A6
__end_ofi2___ftsub       text47       0042A2
__end_ofi2___fttol       text46       00384A
__end_ofi2___lbdiv       text38       004318
__end_ofi2___lbmod       text37       0043D0
__end_ofi2___lldiv       text45       003D04
__end_ofi2___llmod       text44       00407E
__end_ofi2___lltoft      text43       004136
__end_ofi2___wmul        text42       00446C
__end_ofi2__div_to_l_    text41       0034E4
__end_ofi2__tdiv_to_l_   text40       003112
__end_ofi2_fround        text36       002BC6
__end_ofi2_isdigit       text35       0044F4
__end_ofi2_scale         text32       00280A
__end_ofi2_sprintf       text31       0020D6
__end_ofi2_strlen        text53       0043FA
__initialization         cinit        004136
__mediumconst            mediumconst  000000
__npowers_               smallconst   001028
__pbssBANK0              bssBANK0     0000CE
__pbssBANK1              bssBANK1     00011F
__pcinit                 cinit        004136
__pcstackBANK0           cstackBANK0  000060
__pcstackBANK1           cstackBANK1  000100
__pcstackCOMRAM          cstackCOMRAM 000001
__pdataBANK0             dataBANK0    0000E3
__pdataCOMRAM            dataCOMRAM   00005B
__pidataBANK0            idataBANK0   004556
__pidataCOMRAM           idataCOMRAM  004558
__pintcode               intcode      000008
__powers_                smallconst   001001
__psmallconst            smallconst   001000
__ptext0                 text0        003D04
__ptext1                 text1        0010A6
__ptext10                text10       002F16
__ptext11                text11       003112
__ptext12                text12       0043FA
__ptext13                text13       00407E
__ptext14                text14       003FB0
__ptext15                text15       003B7A
__ptext16                text16       004420
__ptext17                text17       003D7A
__ptext18                text18       003F42
__ptext19                text19       0044F4
__ptext2                 text2        0020D6
__ptext20                text20       0035CA
__ptext21                text21       0036A2
__ptext22                text22       004222
__ptext23                text23       002BC6
__ptext24                text24       0034E4
__ptext25                text25       00384A
__ptext26                text26       004186
__ptext27                text27       00437C
__ptext28                text28       004510
__ptext29                text29       0039A6
__ptext3                 text3        003E62
__ptext31                text31       0018D8
__ptext32                text32       002472
__ptext33                text33       003ED2
__ptext34                text34       003BFE
__ptext35                text35       0044D6
__ptext36                text36       0029EA
__ptext37                text37       0043A6
__ptext38                text38       0042DE
__ptext39                text39       0032FC
__ptext4                 text4        003AF6
__ptext40                text40       003014
__ptext41                text41       0033F0
__ptext42                text42       004446
__ptext43                text43       0040DA
__ptext44                text44       004018
__ptext45                text45       003C82
__ptext46                text46       003778
__ptext47                text47       004262
__ptext48                text48       002D6E
__ptext49                text49       00446C
__ptext5                 text5        0044B4
__ptext50                text50       003DEE
__ptext51                text51       00452A
__ptext52                text52       0041D4
__ptext53                text53       0043D0
__ptext54                text54       004540
__ptext55                text55       003A52
__ptext56                text56       004490
__ptext57                text57       004318
__ptext58                text58       0038F8
__ptext6                 text6        00280A
__ptext7                 text7        004350
__ptext8                 text8        0042A2
__ptext9                 text9        003208
__ramtop                 ramtop       001000
__smallconst             smallconst   001000
__tdiv_to_l_             text10       002F16
__tdiv_to_l_@cntr        cstackBANK0  000087
__tdiv_to_l_@exp1        cstackBANK0  000088
__tdiv_to_l_@f1          cstackBANK0  00007A
__tdiv_to_l_@f2          cstackBANK0  00007D
__tdiv_to_l_@quot        cstackBANK0  000083
_a                       bssBANK0     0000DD
_b                       bssBANK0     0000DB
_deg2time                text20       0035CA
_degrees                 bssBANK0     0000D4
_dpowers                 smallconst   00104F
_flag                    dataBANK0    0000E3
_fround                  text6        00280A
_fround$939              cstackBANK0  0000A1
_fround$940              cstackBANK0  00009E
_i                       bssBANK0     0000D9
_incremento              bssBANK0     0000D7
_isdigit                 text5        0044B4
_isdigit$750             cstackBANK0  00007B
_main                    text0        003D04
_main$937                cstackBANK1  00011C
_scale                   text2        0020D6
_scale$941               cstackBANK0  00009E
_servo                   dataCOMRAM   00005B
_settings                text18       003F42
_sprintf                 text1        0010A6
_sprintf$942             cstackBANK1  000106
_strlen                  text27       00437C
_text                    bssBANK1     00011F
_th                      bssBANK0     0000E1
_time_high               bssBANK0     0000D1
_time_low                bssBANK0     0000CE
_tl                      bssBANK0     0000DF
btemp                    temp         00005C
end_of_initialization    cinit        004178
fround@prec              cstackBANK0  0000A4
i2LCD@data               cstackCOMRAM 000002
i2SettingsLCD@word       cstackCOMRAM 000003
i2WriteLCD@word          cstackCOMRAM 000003
i2_DataLCD               text52       0041D4
i2_LCD                   text55       003A52
i2_SettingsLCD           text51       00452A
i2_WriteLCD              text54       004540
i2___awdiv               text34       003BFE
i2___awdiv@counter       cstackCOMRAM 00000B
i2___awdiv@dividend      cstackCOMRAM 000007
i2___awdiv@divisor       cstackCOMRAM 000009
i2___awdiv@quotient      cstackCOMRAM 00000D
i2___awdiv@sign          cstackCOMRAM 00000C
i2___awmod               text33       003ED2
i2___awmod@counter       cstackCOMRAM 000005
i2___awmod@dividend      cstackCOMRAM 000001
i2___awmod@divisor       cstackCOMRAM 000003
i2___awmod@sign          cstackCOMRAM 000006
i2___ftadd               text48       002D6E
i2___ftadd@exp1          cstackCOMRAM 000037
i2___ftadd@exp2          cstackCOMRAM 000036
i2___ftadd@f1            cstackCOMRAM 00002C
i2___ftadd@f2            cstackCOMRAM 00002F
i2___ftadd@sign          cstackCOMRAM 000035
i2___ftge                text50       003DEE
i2___ftge@ff1            cstackCOMRAM 000001
i2___ftge@ff2            cstackCOMRAM 000004
i2___ftmul               text39       0032FC
i2___ftmul@cntr          cstackCOMRAM 00001C
i2___ftmul@exp           cstackCOMRAM 000018
i2___ftmul@f1            cstackCOMRAM 00000F
i2___ftmul@f2            cstackCOMRAM 000012
i2___ftmul@f3_as_product cstackCOMRAM 000019
i2___ftmul@sign          cstackCOMRAM 00001D
i2___ftneg               text49       00446C
i2___ftneg@f1            cstackCOMRAM 000001
i2___ftpack              text58       0038F8
i2___ftpack@arg          cstackCOMRAM 000001
i2___ftpack@exp          cstackCOMRAM 000004
i2___ftpack@sign         cstackCOMRAM 000005
i2___ftsub               text47       004262
i2___ftsub@f1            cstackCOMRAM 000038
i2___ftsub@f2            cstackCOMRAM 00003B
i2___fttol               text46       003778
i2___fttol@exp1          cstackCOMRAM 000046
i2___fttol@f1            cstackCOMRAM 000038
i2___fttol@lval          cstackCOMRAM 000042
i2___fttol@sign1         cstackCOMRAM 000041
i2___lbdiv               text38       0042DE
i2___lbdiv@counter       cstackCOMRAM 000007
i2___lbdiv@dividend      cstackCOMRAM 000006
i2___lbdiv@divisor       cstackCOMRAM 000005
i2___lbdiv@quotient      cstackCOMRAM 000008
i2___lbmod               text37       0043A6
i2___lbmod@counter       cstackCOMRAM 000003
i2___lbmod@dividend      cstackCOMRAM 000002
i2___lbmod@divisor       cstackCOMRAM 000001
i2___lbmod@rem           cstackCOMRAM 000004
i2___lldiv               text45       003C82
i2___lldiv@counter       cstackCOMRAM 00000D
i2___lldiv@dividend      cstackCOMRAM 000001
i2___lldiv@divisor       cstackCOMRAM 000005
i2___lldiv@quotient      cstackCOMRAM 000009
i2___llmod               text44       004018
i2___llmod@counter       cstackCOMRAM 000016
i2___llmod@dividend      cstackCOMRAM 00000E
i2___llmod@divisor       cstackCOMRAM 000012
i2___lltoft              text43       0040DA
i2___lltoft@c            cstackCOMRAM 000009
i2___lltoft@exp          cstackCOMRAM 000011
i2___wmul                text42       004446
i2___wmul@multiplicand   cstackCOMRAM 000003
i2___wmul@multiplier     cstackCOMRAM 000001
i2___wmul@product        cstackCOMRAM 000005
i2__div_to_l_            text41       0033F0
i2__div_to_l_@cntr       cstackCOMRAM 00000B
i2__div_to_l_@exp1       cstackCOMRAM 00000C
i2__div_to_l_@f1         cstackCOMRAM 000001
i2__div_to_l_@f2         cstackCOMRAM 000004
i2__div_to_l_@quot       cstackCOMRAM 000007
i2__tdiv_to_l_           text40       003014
i2__tdiv_to_l_@cntr      cstackCOMRAM 00000E
i2__tdiv_to_l_@exp1      cstackCOMRAM 00000F
i2__tdiv_to_l_@f1        cstackCOMRAM 000001
i2__tdiv_to_l_@f2        cstackCOMRAM 000004
i2__tdiv_to_l_@quot      cstackCOMRAM 00000A
i2_fround                text36       0029EA
i2_fround$1138           cstackCOMRAM 000028
i2_fround$1139           cstackCOMRAM 000025
i2_isdigit               text35       0044D6
i2_isdigit$750           cstackCOMRAM 000002
i2_scale                 text32       002472
i2_scale$1140            cstackCOMRAM 000025
i2_sprintf               text31       0018D8
i2_sprintf$1141          cstackBANK0  000060
i2_strlen                text53       0043D0
i2fround@prec            cstackCOMRAM 00002B
i2isdigit@c              cstackCOMRAM 000003
i2scale@scl              cstackCOMRAM 000028
i2sprintf@ap             cstackBANK0  000063
i2sprintf@c              cstackBANK0  000075
i2sprintf@eexp           cstackBANK0  000066
i2sprintf@f              cstackCOMRAM 000049
i2sprintf@flag           cstackBANK0  000064
i2sprintf@fval           cstackBANK0  000072
i2sprintf@prec           cstackBANK0  000070
i2sprintf@sp             cstackCOMRAM 000047
i2sprintf@tmpval         cstackBANK0  000068
i2sprintf@val            cstackBANK0  00006C
i2strlen@cp              cstackCOMRAM 000003
i2strlen@s               cstackCOMRAM 000001
int$flags                temp         00005C
intlevel0                text         000000
intlevel1                text         000000
intlevel2                text         000000
intlevel3                text         000000
isa$std                  (abs)        000001
isa$xinst                (abs)        000000
isdigit@c                cstackBANK0  00007C
scale@scl                cstackBANK0  0000A1
sprintf@ap               cstackBANK1  000109
sprintf@c                cstackBANK1  00011B
sprintf@eexp             cstackBANK1  00010C
sprintf@f                cstackBANK0  0000C8
sprintf@flag             cstackBANK1  00010A
sprintf@fval             cstackBANK1  000118
sprintf@prec             cstackBANK1  000116
sprintf@sp               cstackBANK0  0000C6
sprintf@tmpval           cstackBANK1  00010E
sprintf@val              cstackBANK1  000112
stackhi                  (abs)        000000
stacklo                  (abs)        000000
start                    init         000394
start_initialization     cinit        004136
strlen@cp                cstackBANK0  00007C
strlen@s                 cstackBANK0  00007A
ttemp5                   temp         00005D
ttemp6                   temp         000060
ttemp7                   temp         000064
wtemp8                   temp         00005D


MODULE INFORMATION

Module		Function		Class		Link	Load	Size
C:\Program Files\Microchip\xc8\v2.36\pic\sources\c90\common\ftsub.c
		___ftsub       		CODE           	4222	0000	64

C:\Program Files\Microchip\xc8\v2.36\pic\sources\c90\common\ftsub.c estimated size: 64

C:\Program Files\Microchip\xc8\v2.36\pic\sources\c90\common\doprnt.c
		_scale         		CODE           	20D6	0000	924
		_sprintf       		CODE           	10A6	0000	2098
		_fround        		CODE           	280A	0000	480

C:\Program Files\Microchip\xc8\v2.36\pic\sources\c90\common\doprnt.c estimated size: 3502

C:\Program Files\Microchip\xc8\v2.36\pic\sources\c90\common\float.c
		___ftpack      		CODE           	384A	0000	174

C:\Program Files\Microchip\xc8\v2.36\pic\sources\c90\common\float.c estimated size: 174

C:\Program Files\Microchip\xc8\v2.36\pic\sources\c90\common\lwtoft.c
		___lwtoft      		CODE           	4490	0000	36

C:\Program Files\Microchip\xc8\v2.36\pic\sources\c90\common\lwtoft.c estimated size: 36

C:\Program Files\Microchip\xc8\v2.36\pic\sources\c90\common\lltoft.c
		___lltoft      		CODE           	407E	0000	92

C:\Program Files\Microchip\xc8\v2.36\pic\sources\c90\common\lltoft.c estimated size: 92

C:\Program Files\Microchip\xc8\v2.36\pic\sources\c90\common\awmod.c
		___awmod       		CODE           	3E62	0000	112

C:\Program Files\Microchip\xc8\v2.36\pic\sources\c90\common\awmod.c estimated size: 112

C:\Program Files\Microchip\xc8\v2.36\pic\sources\c90\common\ftge.c
		___ftge        		CODE           	3D7A	0000	116

C:\Program Files\Microchip\xc8\v2.36\pic\sources\c90\common\ftge.c estimated size: 116

C:\Program Files\Microchip\xc8\v2.36\pic\sources\c90\common\llmod.c
		___llmod       		CODE           	3FB0	0000	104

C:\Program Files\Microchip\xc8\v2.36\pic\sources\c90\common\llmod.c estimated size: 104

C:\Program Files\Microchip\xc8\v2.36\pic\sources\c90\common\ftdivl.c
		__tdiv_to_l_   		CODE           	2F16	0000	254

C:\Program Files\Microchip\xc8\v2.36\pic\sources\c90\common\ftdivl.c estimated size: 254

C:\Program Files\Microchip\xc8\v2.36\pic\sources\c90\common\ftmul.c
		___ftmul       		CODE           	3208	0000	244

C:\Program Files\Microchip\xc8\v2.36\pic\sources\c90\common\ftmul.c estimated size: 244

C:\Program Files\Microchip\xc8\v2.36\pic\sources\c90\common\Umul16.c
		___wmul        		CODE           	43FA	0000	38

C:\Program Files\Microchip\xc8\v2.36\pic\sources\c90\common\Umul16.c estimated size: 38

PruevaServosPic.c
		_deg2time      		CODE           	35CA	0000	216
		_DataLCD       		CODE           	4186	0000	78
		_settings      		CODE           	3F42	0000	110
		_LCD           		CODE           	39A6	0000	172
		_main          		CODE           	3D04	0000	118
		_WriteLCD      		CODE           	4510	0000	26
		_SettingsLCD   		CODE           	44F4	0000	28
		_TMR1_ISR      		CODE           	0008	0000	908

PruevaServosPic.c estimated size: 1656

C:\Program Files\Microchip\xc8\v2.36\pic\sources\c90\common\ftdiv.c
		___ftdiv       		CODE           	34E4	0000	230

C:\Program Files\Microchip\xc8\v2.36\pic\sources\c90\common\ftdiv.c estimated size: 230

C:\Program Files\Microchip\xc8\v2.36\pic\sources\c90\common\fldivl.c
		__div_to_l_    		CODE           	3112	0000	246

C:\Program Files\Microchip\xc8\v2.36\pic\sources\c90\common\fldivl.c estimated size: 246

C:\Program Files\Microchip\xc8\v2.36\pic\sources\c90\common\awdiv.c
		___awdiv       		CODE           	3AF6	0000	132

C:\Program Files\Microchip\xc8\v2.36\pic\sources\c90\common\awdiv.c estimated size: 132

C:\Program Files\Microchip\xc8\v2.36\pic\sources\c90\common\__lldiv.c
		___lldiv       		CODE           	3B7A	0000	132

C:\Program Files\Microchip\xc8\v2.36\pic\sources\c90\common\__lldiv.c estimated size: 132

C:\Program Files\Microchip\xc8\v2.36\pic\sources\c90\common\lbmod.c
		___lbmod       		CODE           	4350	0000	44

C:\Program Files\Microchip\xc8\v2.36\pic\sources\c90\common\lbmod.c estimated size: 44

C:\Program Files\Microchip\xc8\v2.36\pic\sources\c90\common\fttol.c
		___fttol       		CODE           	36A2	0000	214

C:\Program Files\Microchip\xc8\v2.36\pic\sources\c90\common\fttol.c estimated size: 214

shared
		i2___lbdiv     		CODE           	42DE	0000	58
		i2___ftneg     		CODE           	446C	0000	36
		i2___ftadd     		CODE           	2D6E	0000	424
		i2_SettingsLCD 		CODE           	452A	0000	22
		__powers_      		SMALLCONST     	1001	0000	39
		i2___fttol     		CODE           	3778	0000	210
		i2___lbmod     		CODE           	43A6	0000	42
		_dpowers       		SMALLCONST     	104F	0000	40
		i2___ftge      		CODE           	3DEE	0000	116
		i2_isdigit     		CODE           	44D6	0000	30
		i2___awdiv     		CODE           	3BFE	0000	132
		i2__tdiv_to_l_ 		CODE           	3014	0000	254
		i2___ftmul     		CODE           	32FC	0000	244
		i2___wmul      		CODE           	4446	0000	38
		i2_LCD         		CODE           	3A52	0000	164
		i2__div_to_l_  		CODE           	33F0	0000	244
		__npowers_     		SMALLCONST     	1028	0000	39
		i2___ftpack    		CODE           	38F8	0000	174
		i2_scale       		CODE           	2472	0000	920
		i2___lldiv     		CODE           	3C82	0000	130
		__initialization		CODE           	4136	0000	66
		i2___lltoft    		CODE           	40DA	0000	92
		i2___ftsub     		CODE           	4262	0000	64
		i2___awmod     		CODE           	3ED2	0000	112
		i2_DataLCD     		CODE           	41D4	0000	78
		i2___llmod     		CODE           	4018	0000	102
		i2_sprintf     		CODE           	18D8	0000	2046
		i2_WriteLCD    		CODE           	4540	0000	22
		i2_strlen      		CODE           	43D0	0000	42
		i2_fround      		CODE           	29EA	0000	476

shared estimated size: 6456

C:\Program Files\Microchip\xc8\v2.36\pic\sources\c90\common\ftadd.c
		___ftadd       		CODE           	2BC6	0000	424

C:\Program Files\Microchip\xc8\v2.36\pic\sources\c90\common\ftadd.c estimated size: 424

C:\Program Files\Microchip\xc8\v2.36\pic\sources\c90\common\strlen.c
		_strlen        		CODE           	437C	0000	42

C:\Program Files\Microchip\xc8\v2.36\pic\sources\c90\common\strlen.c estimated size: 42

C:\Program Files\Microchip\xc8\v2.36\pic\sources\c90\common\isdigit.c
		_isdigit       		CODE           	44B4	0000	34

C:\Program Files\Microchip\xc8\v2.36\pic\sources\c90\common\isdigit.c estimated size: 34

C:\Program Files\Microchip\xc8\v2.36\pic\sources\c90\common\lbdiv.c
		___lbdiv       		CODE           	42A2	0000	60

C:\Program Files\Microchip\xc8\v2.36\pic\sources\c90\common\lbdiv.c estimated size: 60

C:\Program Files\Microchip\xc8\v2.36\pic\sources\c90\common\awtoft.c
		___awtoft      		CODE           	4318	0000	56

C:\Program Files\Microchip\xc8\v2.36\pic\sources\c90\common\awtoft.c estimated size: 56

C:\Program Files\Microchip\xc8\v2.36\pic\sources\c90\common\ftneg.c
		___ftneg       		CODE           	4420	0000	38

C:\Program Files\Microchip\xc8\v2.36\pic\sources\c90\common\ftneg.c estimated size: 38

