Microchip MPLAB XC8 Compiler V2.36

Linker command line:

-W-3 --edf=C:\Program Files\Microchip\xc8\v2.36\pic\dat\en_msgs.txt -cn \
  -h+dist/default/production\PCA9685_18F46K22.X.production.sym \
  --cmf=dist/default/production\PCA9685_18F46K22.X.production.cmf -z \
  -Q18F46K22 -oC:\Users\HP\AppData\Local\Temp\xcAs4t8.4 \
  -Mdist/default/production/PCA9685_18F46K22.X.production.map \
  --md=C:\Users\HP\AppData\Local\Temp\xcAs4t8.dat -E1 -ver=XC8 Compiler \
  -ACODE=00h-0FFFFh -ACONST=00h-0FFFFh -ASMALLCONST=01000h-010FFhx240 \
  -AMEDIUMCONST=01000h-0FFFFh -ACOMRAM=01h-05Fh -AABS1=00h-0F37h \
  -ABIGRAM=01h-0F37h -ARAM=060h-0FFh,0100h-01FFhx14,0F00h-0F37h \
  -ABANK0=060h-0FFh -ABANK1=0100h-01FFh -ABANK2=0200h-02FFh \
  -ABANK3=0300h-03FFh -ABANK4=0400h-04FFh -ABANK5=0500h-05FFh \
  -ABANK6=0600h-06FFh -ABANK7=0700h-07FFh -ABANK8=0800h-08FFh \
  -ABANK9=0900h-09FFh -ABANK10=0A00h-0AFFh -ABANK11=0B00h-0BFFh \
  -ABANK12=0C00h-0CFFh -ABANK13=0D00h-0DFFh -ABANK14=0E00h-0EFFh \
  -ABANK15=0F00h-0F37h -ASFR=0F38h-0F5Fh,0F60h-0FFFh -ABIGSFR=0F38h-0FFFh \
  -ACONFIG=0300000h-030000Dh -AIDLOC=0200000h-0200007h \
  -AEEDATA=0F00000h-0F003FFh -peeprom_data=EEDATA \
  -preset_vec=00h,intcode,intcodelo,powerup,init -pramtop=01000h \
  -psmallconst=SMALLCONST -pmediumconst=MEDIUMCONST -pconst=CONST \
  -AFARRAM=00h-00h \
  -prdata=COMRAM,nvrram=COMRAM,nvbit=COMRAM,rbss=COMRAM,rbit=COMRAM \
  -pfarbss=FARRAM,fardata=FARRAM,nvFARRAM=FARRAM \
  -pintsave_regs=BIGRAM,bigbss=BIGRAM,bigdata=BIGRAM -pbss=RAM \
  -pidata=CODE,irdata=CODE,ibigdata=CODE,ifardata=CODE -prparam=COMRAM \
  C:\Users\HP\AppData\Local\Temp\xcAs4t8.obj \
  dist/default/production\PCA9685_18F46K22.X.production.obj 

Object code version is 3.11

Machine type is 18F46K22



                Name                               Link     Load   Length Selector   Space Scale
C:\Users\HP\AppData\Local\Temp\xcAs4t8.obj
                idloc                            200000   200000        8        0       5
                config                           300000   300000        E        0       4
                init                                  0        0        4        0       0
dist/default/production\PCA9685_18F46K22.X.production.obj
                idloc                            200000   200000        8        0       5
                config                           300000   300000        E        0       4
                text19                             F8DC     F8DC       84     7C6E       0
                text18                             F6D4     F6D4       26     7B6A       0
                text17                             F76A     F76A       42     7BB5       0
                text16                             FA76     FA76       AE     7D3B       0
                text15                             FBF6     FBF6       E6     7DFB       0
                text14                             F868     F868       74     7C34       0
                text13                             FB24     FB24       D2     7D92       0
                text12                             F7AC     F7AC       5C     7BD6       0
                text11                             F6B0     F6B0       12     7B58       0
                text10                             F730     F730       3A     7B98       0
                text9                              F68C     F68C        8     7B46       0
                text8                              F6A4     F6A4        C     7B52       0
                text7                              F694     F694        8     7B4A       0
                text6                              F69C     F69C        8     7B4E       0
                text5                              F960     F960       8A     7CB0       0
                text4                              F6FA     F6FA       36     7B7D       0
                text3                              FCDC     FCDC      184     7E6E       0
                text2                              F9EA     F9EA       8C     7CF5       0
                text1                              F808     F808       60     7C04       0
                text0                              FE60     FE60      1A0     7F30       0
                cstackCOMRAM                          1        1       3E        1       1
                bssCOMRAM                            3F       3F        D        1       1
                cinit                              F6C2     F6C2       12     7B61       0

TOTAL           Name                               Link     Load   Length     Space
        CLASS   CODE           
                init                                  0        0        4         0
                text19                             F8DC     F8DC       84         0
                text18                             F6D4     F6D4       26         0
                text17                             F76A     F76A       42         0
                text16                             FA76     FA76       AE         0
                text15                             FBF6     FBF6       E6         0
                text14                             F868     F868       74         0
                text13                             FB24     FB24       D2         0
                text12                             F7AC     F7AC       5C         0
                text11                             F6B0     F6B0       12         0
                text10                             F730     F730       3A         0
                text9                              F68C     F68C        8         0
                text8                              F6A4     F6A4        C         0
                text7                              F694     F694        8         0
                text6                              F69C     F69C        8         0
                text5                              F960     F960       8A         0
                text4                              F6FA     F6FA       36         0
                text3                              FCDC     FCDC      184         0
                text2                              F9EA     F9EA       8C         0
                text1                              F808     F808       60         0
                text0                              FE60     FE60      1A0         0
                cinit                              F6C2     F6C2       12         0

        CLASS   CONST          

        CLASS   SMALLCONST     

        CLASS   MEDIUMCONST    

        CLASS   COMRAM         
                cstackCOMRAM                          1        1       3E         1
                bssCOMRAM                            3F       3F        D         1

        CLASS   ABS1           

        CLASS   BIGRAM         

        CLASS   RAM            

        CLASS   BANK0          

        CLASS   BANK1          

        CLASS   BANK2          

        CLASS   BANK3          

        CLASS   BANK4          

        CLASS   BANK5          

        CLASS   BANK6          

        CLASS   BANK7          

        CLASS   BANK8          

        CLASS   BANK9          

        CLASS   BANK10         

        CLASS   BANK11         

        CLASS   BANK12         

        CLASS   BANK13         

        CLASS   BANK14         

        CLASS   BANK15         

        CLASS   SFR            

        CLASS   BIGSFR         

        CLASS   CONFIG         
                config                           300000   300000        E         4

        CLASS   IDLOC          
                idloc                            200000   200000        8         5

        CLASS   EEDATA         

        CLASS   FARRAM         

        CLASS   HEAP           

        CLASS   STACK          



SEGMENTS        Name                           Load    Length   Top    Selector   Space  Class

                reset_vec                      000000  000004  000004         0       0  CODE    
                cstackCOMRAM                   000001  00004B  00004C         1       1  COMRAM  
                text9                          00F68C  000008  00F694      7B46       0  CODE    
                text7                          00F694  000008  00F69C      7B4A       0  CODE    
                text6                          00F69C  000008  00F6A4      7B4E       0  CODE    
                text8                          00F6A4  00000C  00F6B0      7B52       0  CODE    
                text11                         00F6B0  000012  00F6C2      7B58       0  CODE    
                cinit                          00F6C2  000012  00F6D4      7B61       0  CODE    
                text18                         00F6D4  000026  00F6FA      7B6A       0  CODE    
                text4                          00F6FA  000036  00F730      7B7D       0  CODE    
                text10                         00F730  00003A  00F76A      7B98       0  CODE    
                text17                         00F76A  000042  00F7AC      7BB5       0  CODE    
                text12                         00F7AC  00005C  00F808      7BD6       0  CODE    
                text1                          00F808  000060  00F868      7C04       0  CODE    
                text14                         00F868  000074  00F8DC      7C34       0  CODE    
                text19                         00F8DC  000084  00F960      7C6E       0  CODE    
                text5                          00F960  00008A  00F9EA      7CB0       0  CODE    
                text2                          00F9EA  00008C  00FA76      7CF5       0  CODE    
                text16                         00FA76  0000AE  00FB24      7D3B       0  CODE    
                text13                         00FB24  0000D2  00FBF6      7D92       0  CODE    
                text15                         00FBF6  0000E6  00FCDC      7DFB       0  CODE    
                text3                          00FCDC  000184  00FE60      7E6E       0  CODE    
                text0                          00FE60  0001A0  010000      7F30       0  CODE    


UNUSED ADDRESS RANGES

        Name                Unused          Largest block    Delta
        BANK0            000060-0000FF               A0
        BANK1            000100-0001FF              100
        BANK10           000A00-000AFF              100
        BANK11           000B00-000BFF              100
        BANK12           000C00-000CFF              100
        BANK13           000D00-000DFF              100
        BANK14           000E00-000EFF              100
        BANK15           000F00-000F37               38
        BANK2            000200-0002FF              100
        BANK3            000300-0003FF              100
        BANK4            000400-0004FF              100
        BANK5            000500-0005FF              100
        BANK6            000600-0006FF              100
        BANK7            000700-0007FF              100
        BANK8            000800-0008FF              100
        BANK9            000900-0009FF              100
        BIGRAM           00004C-000F37              EEC
        BIGSFR           000F38-000FFF               C8
        CODE             000004-00F68B             F688
        COMRAM           00004C-00005F               14
        CONST            000004-00F68B             F688
        EEDATA           F00000-F003FF              400
        MEDIUMCONST      001000-00F68B             E68C
        RAM              000060-000F37              100
        SFR              000F38-000FFF               28
        SMALLCONST       001000-00F68B              100

                                  Symbol Table

?___awdiv                cstackCOMRAM 000001
?___ftdiv                cstackCOMRAM 000012
?___ftpack               cstackCOMRAM 000001
?___fttol                cstackCOMRAM 000021
?___lltoft               cstackCOMRAM 000009
?___wmul                 cstackCOMRAM 000009
?_map                    cstackCOMRAM 00000F
_ANSELC                  (abs)        000F3A
_ANSELD                  (abs)        000F3B
_DriverPin               bssCOMRAM    000041
_LATD                    (abs)        000F8C
_LATDbits                (abs)        000F8C
_LATE                    (abs)        000F8D
_OSCCON                  (abs)        000FD3
_SSP1ADD                 (abs)        000FC8
_SSP1BUF                 (abs)        000FC9
_SSP1CON1                (abs)        000FC6
_SSP1CON2                (abs)        000FC5
_SSP1CON2bits            (abs)        000FC5
_SSP1CON3                (abs)        000FCB
_SSP1STAT                (abs)        000FC7
_TRISCbits               (abs)        000F94
_TRISD                   (abs)        000F95
_TRISE                   (abs)        000F96
__HRAM                   (abs)        000000
__Habs1                  abs1         000000
__Hbank0                 bank0        000000
__Hbank1                 bank1        000000
__Hbank10                bank10       000000
__Hbank11                bank11       000000
__Hbank12                bank12       000000
__Hbank13                bank13       000000
__Hbank14                bank14       000000
__Hbank15                bank15       000000
__Hbank2                 bank2        000000
__Hbank3                 bank3        000000
__Hbank4                 bank4        000000
__Hbank5                 bank5        000000
__Hbank6                 bank6        000000
__Hbank7                 bank7        000000
__Hbank8                 bank8        000000
__Hbank9                 bank9        000000
__Hbigbss                bigbss       000000
__Hbigdata               bigdata      000000
__Hbigram                bigram       000000
__Hbigsfr                bigsfr       000000
__Hbss                   bss          000000
__HbssCOMRAM             bssCOMRAM    000000
__Hcinit                 cinit        000000
__Hclrtext               clrtext      000000
__Hcomram                comram       000000
__Hconfig                config       30000E
__Hconst                 const        000000
__HcstackCOMRAM          cstackCOMRAM 000000
__Hdata                  data         000000
__Heeprom_data           eeprom_data  000000
__Hfarbss                farbss       000000
__Hfardata               fardata      000000
__Hheap                  heap         000000
__Hibigdata              ibigdata     000000
__Hidata                 idata        000000
__Hidloc                 idloc        200008
__Hifardata              ifardata     000000
__Hinit                  init         000004
__Hintcode               intcode      000000
__Hintcode_body          intcode_body 000000
__Hintcodelo             intcodelo    000000
__Hintentry              intentry     000000
__Hintret                intret       000000
__Hintsave_regs          intsave_regs 000000
__Hirdata                irdata       000000
__Hmediumconst           mediumconst  000000
__HnvFARRAM              nvFARRAM     000000
__Hnvbit                 nvbit        000000
__Hnvrram                nvrram       000000
__Hparam                 rparam       000000
__Hpowerup               powerup      000000
__Hram                   ram          000000
__Hramtop                ramtop       001000
__Hrbit                  rbit         000000
__Hrbss                  rbss         000000
__Hrdata                 rdata        000000
__Hreset_vec             reset_vec    000000
__Hrparam                rparam       000000
__Hsfr                   sfr          000000
__Hsmallconst            smallconst   000000
__Hspace_0               (abs)        010000
__Hspace_1               (abs)        00004C
__Hspace_2               (abs)        000000
__Hspace_4               (abs)        60000E
__Hstack                 stack        000000
__Hstruct                struct       000000
__Htemp                  temp         000000
__Htext                  text         000000
__Htext0                 text0        000000
__Htext1                 text1        000000
__Htext10                text10       000000
__Htext11                text11       000000
__Htext12                text12       000000
__Htext13                text13       000000
__Htext14                text14       000000
__Htext15                text15       000000
__Htext16                text16       000000
__Htext17                text17       000000
__Htext18                text18       000000
__Htext19                text19       000000
__Htext2                 text2        000000
__Htext3                 text3        000000
__Htext4                 text4        000000
__Htext5                 text5        000000
__Htext6                 text6        000000
__Htext7                 text7        000000
__Htext8                 text8        000000
__Htext9                 text9        000000
__LRAM                   (abs)        000001
__Labs1                  abs1         000000
__Lbank0                 bank0        000000
__Lbank1                 bank1        000000
__Lbank10                bank10       000000
__Lbank11                bank11       000000
__Lbank12                bank12       000000
__Lbank13                bank13       000000
__Lbank14                bank14       000000
__Lbank15                bank15       000000
__Lbank2                 bank2        000000
__Lbank3                 bank3        000000
__Lbank4                 bank4        000000
__Lbank5                 bank5        000000
__Lbank6                 bank6        000000
__Lbank7                 bank7        000000
__Lbank8                 bank8        000000
__Lbank9                 bank9        000000
__Lbigbss                bigbss       000000
__Lbigdata               bigdata      000000
__Lbigram                bigram       000000
__Lbigsfr                bigsfr       000000
__Lbss                   bss          000000
__LbssCOMRAM             bssCOMRAM    000000
__Lcinit                 cinit        000000
__Lclrtext               clrtext      000000
__Lcomram                comram       000000
__Lconfig                config       000000
__Lconst                 const        000000
__LcstackCOMRAM          cstackCOMRAM 000000
__Ldata                  data         000000
__Leeprom_data           eeprom_data  000000
__Lfarbss                farbss       000000
__Lfardata               fardata      000000
__Lheap                  heap         000000
__Libigdata              ibigdata     000000
__Lidata                 idata        000000
__Lidloc                 idloc        000000
__Lifardata              ifardata     000000
__Linit                  init         000000
__Lintcode               intcode      000000
__Lintcode_body          intcode_body 000000
__Lintcodelo             intcodelo    000000
__Lintentry              intentry     000000
__Lintret                intret       000000
__Lintsave_regs          intsave_regs 000000
__Lirdata                irdata       000000
__Lmediumconst           mediumconst  000000
__LnvFARRAM              nvFARRAM     000000
__Lnvbit                 nvbit        000000
__Lnvrram                nvrram       000000
__Lparam                 rparam       000000
__Lpowerup               powerup      000000
__Lram                   ram          000000
__Lramtop                ramtop       001000
__Lrbit                  rbit         000000
__Lrbss                  rbss         000000
__Lrdata                 rdata        000000
__Lreset_vec             reset_vec    000000
__Lrparam                rparam       000000
__Lsfr                   sfr          000000
__Lsmallconst            smallconst   000000
__Lspace_0               (abs)        000000
__Lspace_1               (abs)        000000
__Lspace_2               (abs)        000000
__Lspace_4               (abs)        000000
__Lstack                 stack        000000
__Lstruct                struct       000000
__Ltemp                  temp         000000
__Ltext                  text         000000
__Ltext0                 text0        000000
__Ltext1                 text1        000000
__Ltext10                text10       000000
__Ltext11                text11       000000
__Ltext12                text12       000000
__Ltext13                text13       000000
__Ltext14                text14       000000
__Ltext15                text15       000000
__Ltext16                text16       000000
__Ltext17                text17       000000
__Ltext18                text18       000000
__Ltext19                text19       000000
__Ltext2                 text2        000000
__Ltext3                 text3        000000
__Ltext4                 text4        000000
__Ltext5                 text5        000000
__Ltext6                 text6        000000
__Ltext7                 text7        000000
__Ltext8                 text8        000000
__Ltext9                 text9        000000
__S0                     (abs)        010000
__S1                     (abs)        00004C
__S4                     (abs)        000000
__S5                     (abs)        000000
___awdiv                 text19       00F8DC
___awdiv@counter         cstackCOMRAM 000005
___awdiv@dividend        cstackCOMRAM 000001
___awdiv@divisor         cstackCOMRAM 000003
___awdiv@quotient        cstackCOMRAM 000007
___awdiv@sign            cstackCOMRAM 000006
___ftdiv                 text15       00FBF6
___ftdiv@cntr            cstackCOMRAM 00001B
___ftdiv@exp             cstackCOMRAM 00001F
___ftdiv@f1              cstackCOMRAM 000012
___ftdiv@f2              cstackCOMRAM 000015
___ftdiv@f3              cstackCOMRAM 00001C
___ftdiv@sign            cstackCOMRAM 000020
___ftge                  text14       00F868
___ftge@ff1              cstackCOMRAM 000001
___ftge@ff2              cstackCOMRAM 000004
___ftpack                text16       00FA76
___ftpack@arg            cstackCOMRAM 000001
___ftpack@exp            cstackCOMRAM 000004
___ftpack@sign           cstackCOMRAM 000005
___fttol                 text13       00FB24
___fttol@exp1            cstackCOMRAM 00002F
___fttol@f1              cstackCOMRAM 000021
___fttol@lval            cstackCOMRAM 00002B
___fttol@sign1           cstackCOMRAM 00002A
___heap_hi               (abs)        000000
___heap_lo               (abs)        000000
___inthi_sp              stack        000000
___intlo_sp              stack        000000
___lltoft                text12       00F7AC
___lltoft@c              cstackCOMRAM 000009
___lltoft@exp            cstackCOMRAM 000011
___param_bank            (abs)        000000
___rparam_used           (abs)        000001
___sp                    stack        000000
___wmul                  text18       00F6D4
___wmul@multiplicand     cstackCOMRAM 00000B
___wmul@multiplier       cstackCOMRAM 000009
___wmul@product          cstackCOMRAM 00000D
__accesstop              (abs)        000060
__activetblptr           (abs)        000000
__end_of___awdiv         text19       00F960
__end_of___ftdiv         text15       00FCDC
__end_of___ftge          text14       00F8DC
__end_of___ftpack        text16       00FB24
__end_of___fttol         text13       00FBF6
__end_of___lltoft        text12       00F808
__end_of___wmul          text18       00F6FA
__end_of__initialization cinit        00F6CE
__end_of_main            text0        010000
__end_of_map             text17       00F7AC
__end_of_readI2C1        text5        00F9EA
__end_of_readyI2C        text11       00F6C2
__end_of_receiveI2C      text10       00F76A
__end_of_repeatedStart   text9        00F694
__end_of_sendI2C         text8        00F6B0
__end_of_setPWMFreq      text3        00FE60
__end_of_settings        text2        00FA76
__end_of_startI2C        text7        00F69C
__end_of_stopI2C         text6        00F6A4
__end_of_writeI2C        text1        00F868
__end_of_writeI2C1       text4        00F730
__initialization         cinit        00F6C2
__mediumconst            mediumconst  000000
__pbssCOMRAM             bssCOMRAM    00003F
__pcinit                 cinit        00F6C2
__pcstackCOMRAM          cstackCOMRAM 000001
__ptext0                 text0        00FE60
__ptext1                 text1        00F808
__ptext10                text10       00F730
__ptext11                text11       00F6B0
__ptext12                text12       00F7AC
__ptext13                text13       00FB24
__ptext14                text14       00F868
__ptext15                text15       00FBF6
__ptext16                text16       00FA76
__ptext17                text17       00F76A
__ptext18                text18       00F6D4
__ptext19                text19       00F8DC
__ptext2                 text2        00F9EA
__ptext3                 text3        00FCDC
__ptext4                 text4        00F6FA
__ptext5                 text5        00F960
__ptext6                 text6        00F69C
__ptext7                 text7        00F694
__ptext8                 text8        00F6A4
__ptext9                 text9        00F68C
__ramtop                 ramtop       001000
__smallconst             smallconst   000000
_data1                   bssCOMRAM    000047
_data2                   bssCOMRAM    000048
_i                       bssCOMRAM    000045
_led                     bssCOMRAM    00003F
_main                    text0        00FE60
_map                     text17       00F76A
_pos                     bssCOMRAM    000043
_readI2C1                text5        00F960
_readyI2C                text11       00F6B0
_receiveI2C              text10       00F730
_repeatedStart           text9        00F68C
_sendI2C                 text8        00F6A4
_setPWMFreq              text3        00FCDC
_settings                text2        00F9EA
_startI2C                text7        00F694
_stopI2C                 text6        00F69C
_writeI2C                text1        00F808
_writeI2C1               text4        00F6FA
end_of_initialization    cinit        00F6CE
intlevel0                text         000000
intlevel1                text         000000
intlevel2                text         000000
intlevel3                text         000000
isa$std                  (abs)        000001
isa$xinst                (abs)        000000
main@j                   cstackCOMRAM 00003D
map@In_Max               cstackCOMRAM 000013
map@In_Min               cstackCOMRAM 000011
map@Out_Max              cstackCOMRAM 000017
map@Out_Min              cstackCOMRAM 000015
map@x                    cstackCOMRAM 00000F
readI2C1@Address         cstackCOMRAM 00000B
readI2C1@Data            cstackCOMRAM 000006
readI2C1@Register        cstackCOMRAM 000005
readI2C1@bytes           cstackCOMRAM 000007
receiveI2C@buffer        cstackCOMRAM 000004
receiveI2C@flag          cstackCOMRAM 000003
sendI2C@data             cstackCOMRAM 000002
setPWMFreq@freq          cstackCOMRAM 000030
setPWMFreq@prescale      cstackCOMRAM 000034
setPWMFreq@prescaleval   cstackCOMRAM 000035
stackhi                  (abs)        000000
stacklo                  (abs)        000000
start                    init         000000
start_initialization     cinit        00F6C2
writeI2C1@Address        cstackCOMRAM 000007
writeI2C1@Data           cstackCOMRAM 000004
writeI2C1@Register       cstackCOMRAM 000003
writeI2C@Address         cstackCOMRAM 000009
writeI2C@Data            cstackCOMRAM 000004
writeI2C@Register        cstackCOMRAM 000003
writeI2C@bytes           cstackCOMRAM 000005


MODULE INFORMATION

Module		Function		Class		Link	Load	Size
C:\Program Files\Microchip\xc8\v2.36\pic\sources\c90\common\float.c
		___ftpack      		CODE           	FA76	0000	174

C:\Program Files\Microchip\xc8\v2.36\pic\sources\c90\common\float.c estimated size: 174

C:\Program Files\Microchip\xc8\v2.36\pic\sources\c90\common\lltoft.c
		___lltoft      		CODE           	F7AC	0000	92

C:\Program Files\Microchip\xc8\v2.36\pic\sources\c90\common\lltoft.c estimated size: 92

PCA9685 18F46K22.c
		_stopI2C       		CODE           	F69C	0000	8
		_readI2C1      		CODE           	F960	0000	138
		_map           		CODE           	F76A	0000	66
		_writeI2C      		CODE           	F808	0000	96
		_writeI2C1     		CODE           	F6FA	0000	54
		_repeatedStart 		CODE           	F68C	0000	8
		_settings      		CODE           	F9EA	0000	140
		_startI2C      		CODE           	F694	0000	8
		_main          		CODE           	FE60	0000	416
		_receiveI2C    		CODE           	F730	0000	58
		_readyI2C      		CODE           	F6B0	0000	18
		_sendI2C       		CODE           	F6A4	0000	12
		_setPWMFreq    		CODE           	FCDC	0000	388

PCA9685 18F46K22.c estimated size: 1410

C:\Program Files\Microchip\xc8\v2.36\pic\sources\c90\common\ftge.c
		___ftge        		CODE           	F868	0000	116

C:\Program Files\Microchip\xc8\v2.36\pic\sources\c90\common\ftge.c estimated size: 116

C:\Program Files\Microchip\xc8\v2.36\pic\sources\c90\common\Umul16.c
		___wmul        		CODE           	F6D4	0000	38

C:\Program Files\Microchip\xc8\v2.36\pic\sources\c90\common\Umul16.c estimated size: 38

C:\Program Files\Microchip\xc8\v2.36\pic\sources\c90\common\ftdiv.c
		___ftdiv       		CODE           	FBF6	0000	230

C:\Program Files\Microchip\xc8\v2.36\pic\sources\c90\common\ftdiv.c estimated size: 230

C:\Program Files\Microchip\xc8\v2.36\pic\sources\c90\common\awdiv.c
		___awdiv       		CODE           	F8DC	0000	132

C:\Program Files\Microchip\xc8\v2.36\pic\sources\c90\common\awdiv.c estimated size: 132

C:\Program Files\Microchip\xc8\v2.36\pic\sources\c90\common\fttol.c
		___fttol       		CODE           	FB24	0000	210

C:\Program Files\Microchip\xc8\v2.36\pic\sources\c90\common\fttol.c estimated size: 210

shared
		__initialization		CODE           	F6C2	0000	12

shared estimated size: 12

