Microchip MPLAB XC8 Compiler V2.36

Linker command line:

-W-3 --edf=C:\Program Files\Microchip\xc8\v2.36\pic\dat\en_msgs.txt -cn \
  -h+dist/default/production\PIC_ROBOT_2R.X.production.sym \
  --cmf=dist/default/production\PIC_ROBOT_2R.X.production.cmf -z -Q18F46K22 \
  -oC:\Users\tetri\AppData\Local\Temp\xcAs2tc.4 \
  -Mdist/default/production/PIC_ROBOT_2R.X.production.map \
  --md=C:\Users\tetri\AppData\Local\Temp\xcAs2tc.dat -E1 -ver=XC8 Compiler \
  -ACODE=00h-0FFFFh -ACONST=00h-0FFFFh -ASMALLCONST=01000h-010FFhx240 \
  -AMEDIUMCONST=01000h-0FFFFh -ACOMRAM=01h-05Fh -AABS1=00h-0F37h \
  -ABIGRAM=01h-0F37h -ARAM=060h-0FFh,0100h-01FFhx14,0F00h-0F37h \
  -ABANK0=060h-0FFh -ABANK1=0100h-01FFh -ABANK2=0200h-02FFh \
  -ABANK3=0300h-03FFh -ABANK4=0400h-04FFh -ABANK5=0500h-05FFh \
  -ABANK6=0600h-06FFh -ABANK7=0700h-07FFh -ABANK8=0800h-08FFh \
  -ABANK9=0900h-09FFh -ABANK10=0A00h-0AFFh -ABANK11=0B00h-0BFFh \
  -ABANK12=0C00h-0CFFh -ABANK13=0D00h-0DFFh -ABANK14=0E00h-0EFFh \
  -ABANK15=0F00h-0F37h -ASFR=0F38h-0F5Fh,0F60h-0FFFh -ABIGSFR=0F38h-0FFFh \
  -ACONFIG=0300000h-030000Dh -AIDLOC=0200000h-0200007h \
  -AEEDATA=0F00000h-0F003FFh -peeprom_data=EEDATA \
  -preset_vec=00h,intcode=08h,intcodelo,powerup,init -pramtop=01000h \
  -psmallconst=SMALLCONST -pmediumconst=MEDIUMCONST -pconst=CONST \
  -AFARRAM=00h-00h \
  -prdata=COMRAM,nvrram=COMRAM,nvbit=COMRAM,rbss=COMRAM,rbit=COMRAM \
  -pfarbss=FARRAM,fardata=FARRAM,nvFARRAM=FARRAM \
  -pintsave_regs=BIGRAM,bigbss=BIGRAM,bigdata=BIGRAM -pbss=RAM \
  -pidata=CODE,irdata=CODE,ibigdata=CODE,ifardata=CODE -prparam=COMRAM \
  C:\Users\tetri\AppData\Local\Temp\xcAs2tc.obj \
  dist/default/production\PIC_ROBOT_2R.X.production.obj 

Object code version is 3.11

Machine type is 18F46K22



                Name                               Link     Load   Length Selector   Space Scale
C:\Users\tetri\AppData\Local\Temp\xcAs2tc.obj
                idloc                            200000   200000        8        0       5
                config                           300000   300000        E        0       4
                init                                34C      34C        4        4       0
                reset_vec                             0        0        4        0       0
dist/default/production\PIC_ROBOT_2R.X.production.obj
                intcode                               8        8      344        4       0
                idloc                            200000   200000        8        0       5
                config                           300000   300000        E        0       4
                temp                                 5F       5F        1        1       1
                smallconst                         1000     1000       92      800       0
                text42                             2F16     2F16       A4      849       0
                text41                             34BC     34BC       16      849       0
                text40                             344A     344A       22      849       0
                text39                             3266     3266       44      849       0
                text38                             2D16     2D16       AE      849       0
                text37                             339E     339E       38      849       0
                text36                             30C0     30C0       74      849       0
                text35                             3426     3426       24      849       0
                text34                             303E     303E       82      849       0
                text33                             31A4     31A4       66      849       0
                text32                             320A     320A       5C      849       0
                text31                             3400     3400       26      849       0
                text30                             27EE     27EE       F4      849       0
                text29                             2508     2508       FE      849       0
                text28                             3364     3364       3A      849       0
                text27                             33D6     33D6       2A      849       0
                text26                             26FA     26FA       F4      849       0
                text25                             1AFC     1AFC      1DC      849       0
                text24                             346C     346C       1E      849       0
                text23                             2FBA     2FBA       84      849       0
                text22                             3134     3134       70      849       0
                text21                             1764     1764      398      849       0
                text20                             1E80     1E80      1A8      849       0
                text19                             32EA     32EA       40      849       0
                text18                             2B96     2B96       D2      849       0
                text17                             1092     1092      6D2      849       0
                text16                             34A6     34A6       16      849       0
                text15                             2AB0     2AB0       E6      849       0
                text14                             23D2     23D2      136      849       0
                text13                             229C     229C      136      849       0
                text11                             2DC4     2DC4       AC      849       0
                text10                             348A     348A       1C      849       0
                text9                              2C68     2C68       AE      849       0
                text8                              29CA     29CA       E6      849       0
                text7                              2606     2606       F4      849       0
                text6                              1CD8     1CD8      1A8      849       0
                text5                              32AA     32AA       40      849       0
                text4                              28E2     28E2       E8      849       0
                text3                              2162     2162      13A      849       0
                text2                              2028     2028      13A      849       0
                text1                              2E70     2E70       A6      849       0
                text0                              34D2     34D2        6      849       0
                cstackCOMRAM                          1        1       58        1       1
                cstackBANK0                          60       60       4B       60       1
                cstackBANK1                         100      100       11      100       1
                bssBANK0                             AB       AB       36       60       1
                dataCOMRAM                           5D       5D        2        1       1
                bssCOMRAM                            59       59        4        1       1
                cinit                              332A     332A       3A      849       0
                idataCOMRAM                        34D8     34D8        2      849       0

TOTAL           Name                               Link     Load   Length     Space
        CLASS   CODE           
                intcode                               8        8      344         0
                init                                34C      34C        4         0
                reset_vec                             0        0        4         0
                text42                             2F16     2F16       A4         0
                text41                             34BC     34BC       16         0
                text40                             344A     344A       22         0
                text39                             3266     3266       44         0
                text38                             2D16     2D16       AE         0
                text37                             339E     339E       38         0
                text36                             30C0     30C0       74         0
                text35                             3426     3426       24         0
                text34                             303E     303E       82         0
                text33                             31A4     31A4       66         0
                text32                             320A     320A       5C         0
                text31                             3400     3400       26         0
                text30                             27EE     27EE       F4         0
                text29                             2508     2508       FE         0
                text28                             3364     3364       3A         0
                text27                             33D6     33D6       2A         0
                text26                             26FA     26FA       F4         0
                text25                             1AFC     1AFC      1DC         0
                text24                             346C     346C       1E         0
                text23                             2FBA     2FBA       84         0
                text22                             3134     3134       70         0
                text21                             1764     1764      398         0
                text20                             1E80     1E80      1A8         0
                text19                             32EA     32EA       40         0
                text18                             2B96     2B96       D2         0
                text17                             1092     1092      6D2         0
                text16                             34A6     34A6       16         0
                text15                             2AB0     2AB0       E6         0
                text14                             23D2     23D2      136         0
                text13                             229C     229C      136         0
                text11                             2DC4     2DC4       AC         0
                text10                             348A     348A       1C         0
                text9                              2C68     2C68       AE         0
                text8                              29CA     29CA       E6         0
                text7                              2606     2606       F4         0
                text6                              1CD8     1CD8      1A8         0
                text5                              32AA     32AA       40         0
                text4                              28E2     28E2       E8         0
                text3                              2162     2162      13A         0
                text2                              2028     2028      13A         0
                text1                              2E70     2E70       A6         0
                text0                              34D2     34D2        6         0
                cinit                              332A     332A       3A         0
                idataCOMRAM                        34D8     34D8        2         0

        CLASS   CONST          

        CLASS   SMALLCONST     
                smallconst                         1000     1000       92         0

        CLASS   MEDIUMCONST    

        CLASS   COMRAM         
                temp                                 5F       5F        1         1
                cstackCOMRAM                          1        1       58         1
                dataCOMRAM                           5D       5D        2         1
                bssCOMRAM                            59       59        4         1

        CLASS   ABS1           

        CLASS   BIGRAM         

        CLASS   RAM            

        CLASS   BANK0          
                cstackBANK0                          60       60       4B         1
                bssBANK0                             AB       AB       36         1

        CLASS   BANK1          
                cstackBANK1                         100      100       11         1

        CLASS   BANK2          

        CLASS   BANK3          

        CLASS   BANK4          

        CLASS   BANK5          

        CLASS   BANK6          

        CLASS   BANK7          

        CLASS   BANK8          

        CLASS   BANK9          

        CLASS   BANK10         

        CLASS   BANK11         

        CLASS   BANK12         

        CLASS   BANK13         

        CLASS   BANK14         

        CLASS   BANK15         

        CLASS   SFR            

        CLASS   BIGSFR         

        CLASS   CONFIG         
                config                           300000   300000        E         4

        CLASS   IDLOC          
                idloc                            200000   200000        8         5

        CLASS   EEDATA         

        CLASS   FARRAM         

        CLASS   HEAP           

        CLASS   STACK          



SEGMENTS        Name                           Load    Length   Top    Selector   Space  Class

                reset_vec                      000000  000004  000004         0       0  CODE    
                cstackCOMRAM                   000001  00005F  000060         1       1  COMRAM  
                intcode                        000008  000348  000350         4       0  CODE    
                cstackBANK0                    000060  000081  0000E1        60       1  BANK0   
                cstackBANK1                    000100  000011  000111       100       1  BANK1   
                smallconst                     001000  000092  001092       800       0  SMALLCON
                text17                         001092  002448  0034DA       849       0  CODE    


UNUSED ADDRESS RANGES

        Name                Unused          Largest block    Delta
        BANK0            0000E1-0000FF               1F
        BANK1            000111-0001FF               EF
        BANK10           000A00-000AFF              100
        BANK11           000B00-000BFF              100
        BANK12           000C00-000CFF              100
        BANK13           000D00-000DFF              100
        BANK14           000E00-000EFF              100
        BANK15           000F00-000F37               38
        BANK2            000200-0002FF              100
        BANK3            000300-0003FF              100
        BANK4            000400-0004FF              100
        BANK5            000500-0005FF              100
        BANK6            000600-0006FF              100
        BANK7            000700-0007FF              100
        BANK8            000800-0008FF              100
        BANK9            000900-0009FF              100
        BIGRAM           0000E1-0000FF               1F
                         000111-000F37              E27
        BIGSFR           000F38-000FFF               C8
        CODE             000004-000007                4
                         000350-000FFF              CB0
                         0034DA-00FFFF             CB26
        CONST            000004-000007                4
                         000350-000FFF              CB0
                         0034DA-00FFFF             CB26
        EEDATA           F00000-F003FF              400
        MEDIUMCONST      0034DA-00FFFF             CB26
        RAM              0000E1-0000FF               1F
                         000111-000F37              100
        SFR              000F38-000FFF               28
        SMALLCONST       0034DA-00FFFF              100

                                  Symbol Table

?___awdiv                cstackCOMRAM 000007
?___awmod                cstackCOMRAM 000001
?___awtoft               cstackCOMRAM 000009
?___ftadd                cstackBANK0  000095
?___ftdiv                cstackBANK0  000086
?___ftmul                cstackBANK0  000086
?___ftneg                cstackCOMRAM 000001
?___ftpack               cstackBANK0  00007E
?___ftsub                cstackBANK0  0000A1
?___fttol                cstackBANK0  0000A7
?___lldiv                cstackCOMRAM 000001
?___llmod                cstackCOMRAM 000001
?___lltoft               cstackCOMRAM 000009
?___wmul                 cstackCOMRAM 000001
?__div_to_l_             cstackCOMRAM 000001
?__tdiv_to_l_            cstackCOMRAM 000001
?_fround                 cstackCOMRAM 00001E
?_scale                  cstackCOMRAM 00001E
?_sprintf                cstackCOMRAM 00004D
?_strlen                 cstackCOMRAM 000001
?i2___ftadd              cstackCOMRAM 00002C
?i2___ftdiv              cstackCOMRAM 000009
?i2___ftmul              cstackCOMRAM 00000F
?i2___ftpack             cstackCOMRAM 000001
?i2___ftsub              cstackCOMRAM 000038
?i2___fttol              cstackCOMRAM 00003E
LCD@data                 cstackBANK0  00007F
SettingsLCD@word         cstackBANK0  000080
TMR1_ISR@d               cstackCOMRAM 000058
WriteLCD@word            cstackCOMRAM 000003
_ANSELC                  (abs)        000F3A
_ANSELD                  (abs)        000F3B
_ANSELE                  (abs)        000F3C
_DataLCD                 text39       003266
_GIE                     (abs)        007F97
_LATD                    (abs)        000F8C
_LATD6                   (abs)        007C66
_LATD7                   (abs)        007C67
_LATDbits                (abs)        000F8C
_LATE                    (abs)        000F8D
_LATEbits                (abs)        000F8D
_LCD                     text11       002DC4
_OSCCON                  (abs)        000FD3
_PEIE                    (abs)        007F96
_RC1IE                   (abs)        007CED
_RC1IF                   (abs)        007CF5
_RCREG1                  (abs)        000FAE
_RCSTA1                  (abs)        000FAB
_SPBRG1                  (abs)        000FAF
_SettingsLCD             text10       00348A
_T1CON                   (abs)        000FCD
_T3CON                   (abs)        000FB1
_TMR1                    (abs)        000FCE
_TMR1IE                  (abs)        007CE8
_TMR1IF                  (abs)        007CF0
_TMR1ON                  (abs)        007E68
_TMR1_ISR                intcode      000008
_TMR3                    (abs)        000FB2
_TMR3IE                  (abs)        007D01
_TMR3IF                  (abs)        007D09
_TMR3ON                  (abs)        007D88
_TRISCbits               (abs)        000F94
_TRISD                   (abs)        000F95
_TRISE                   (abs)        000F96
_TXSTA1                  (abs)        000FAC
_WriteLCD                text41       0034BC
__HRAM                   (abs)        000000
__Habs1                  abs1         000000
__Hbank0                 bank0        000000
__Hbank1                 bank1        000000
__Hbank10                bank10       000000
__Hbank11                bank11       000000
__Hbank12                bank12       000000
__Hbank13                bank13       000000
__Hbank14                bank14       000000
__Hbank15                bank15       000000
__Hbank2                 bank2        000000
__Hbank3                 bank3        000000
__Hbank4                 bank4        000000
__Hbank5                 bank5        000000
__Hbank6                 bank6        000000
__Hbank7                 bank7        000000
__Hbank8                 bank8        000000
__Hbank9                 bank9        000000
__Hbigbss                bigbss       000000
__Hbigdata               bigdata      000000
__Hbigram                bigram       000000
__Hbigsfr                bigsfr       000000
__Hbss                   bss          000000
__HbssBANK0              bssBANK0     000000
__HbssCOMRAM             bssCOMRAM    000000
__Hcinit                 cinit        000000
__Hclrtext               clrtext      000000
__Hcomram                comram       000000
__Hconfig                config       30000E
__Hconst                 const        000000
__HcstackBANK0           cstackBANK0  000000
__HcstackBANK1           cstackBANK1  000000
__HcstackCOMRAM          cstackCOMRAM 000000
__Hdata                  data         000000
__HdataCOMRAM            dataCOMRAM   000000
__Heeprom_data           eeprom_data  000000
__Hfarbss                farbss       000000
__Hfardata               fardata      000000
__Hheap                  heap         000000
__Hibigdata              ibigdata     000000
__Hidata                 idata        000000
__HidataCOMRAM           idataCOMRAM  000000
__Hidloc                 idloc        200008
__Hifardata              ifardata     000000
__Hinit                  init         000350
__Hintcode               intcode      00034C
__Hintcode_body          intcode_body 000000
__Hintcodelo             intcodelo    00034C
__Hintentry              intentry     000000
__Hintret                intret       000000
__Hintsave_regs          intsave_regs 000000
__Hirdata                irdata       000000
__Hmediumconst           mediumconst  000000
__HnvFARRAM              nvFARRAM     000000
__Hnvbit                 nvbit        000000
__Hnvrram                nvrram       000000
__Hparam                 rparam       000000
__Hpowerup               powerup      00034C
__Hram                   ram          000000
__Hramtop                ramtop       001000
__Hrbit                  rbit         000000
__Hrbss                  rbss         000000
__Hrdata                 rdata        000000
__Hreset_vec             reset_vec    000004
__Hrparam                rparam       000000
__Hsfr                   sfr          000000
__Hsmallconst            smallconst   001092
__Hspace_0               (abs)        0034DA
__Hspace_1               (abs)        000111
__Hspace_2               (abs)        000000
__Hspace_4               (abs)        60000E
__Hstack                 stack        000000
__Hstruct                struct       000000
__Htemp                  temp         000060
__Htext                  text         000000
__Htext0                 text0        000000
__Htext1                 text1        000000
__Htext10                text10       000000
__Htext11                text11       000000
__Htext13                text13       000000
__Htext14                text14       000000
__Htext15                text15       000000
__Htext16                text16       000000
__Htext17                text17       000000
__Htext18                text18       000000
__Htext19                text19       000000
__Htext2                 text2        000000
__Htext20                text20       000000
__Htext21                text21       000000
__Htext22                text22       000000
__Htext23                text23       000000
__Htext24                text24       000000
__Htext25                text25       000000
__Htext26                text26       000000
__Htext27                text27       000000
__Htext28                text28       000000
__Htext29                text29       000000
__Htext3                 text3        000000
__Htext30                text30       000000
__Htext31                text31       000000
__Htext32                text32       000000
__Htext33                text33       000000
__Htext34                text34       000000
__Htext35                text35       000000
__Htext36                text36       000000
__Htext37                text37       000000
__Htext38                text38       000000
__Htext39                text39       000000
__Htext4                 text4        000000
__Htext40                text40       000000
__Htext41                text41       000000
__Htext42                text42       000000
__Htext5                 text5        000000
__Htext6                 text6        000000
__Htext7                 text7        000000
__Htext8                 text8        000000
__Htext9                 text9        000000
__LRAM                   (abs)        000001
__Labs1                  abs1         000000
__Lbank0                 bank0        000000
__Lbank1                 bank1        000000
__Lbank10                bank10       000000
__Lbank11                bank11       000000
__Lbank12                bank12       000000
__Lbank13                bank13       000000
__Lbank14                bank14       000000
__Lbank15                bank15       000000
__Lbank2                 bank2        000000
__Lbank3                 bank3        000000
__Lbank4                 bank4        000000
__Lbank5                 bank5        000000
__Lbank6                 bank6        000000
__Lbank7                 bank7        000000
__Lbank8                 bank8        000000
__Lbank9                 bank9        000000
__Lbigbss                bigbss       000000
__Lbigdata               bigdata      000000
__Lbigram                bigram       000000
__Lbigsfr                bigsfr       000000
__Lbss                   bss          000000
__LbssBANK0              bssBANK0     000000
__LbssCOMRAM             bssCOMRAM    000000
__Lcinit                 cinit        000000
__Lclrtext               clrtext      000000
__Lcomram                comram       000000
__Lconfig                config       000000
__Lconst                 const        000000
__LcstackBANK0           cstackBANK0  000000
__LcstackBANK1           cstackBANK1  000000
__LcstackCOMRAM          cstackCOMRAM 000000
__Ldata                  data         000000
__LdataCOMRAM            dataCOMRAM   000000
__Leeprom_data           eeprom_data  000000
__Lfarbss                farbss       000000
__Lfardata               fardata      000000
__Lheap                  heap         000000
__Libigdata              ibigdata     000000
__Lidata                 idata        000000
__LidataCOMRAM           idataCOMRAM  000000
__Lidloc                 idloc        000000
__Lifardata              ifardata     000000
__Linit                  init         00034C
__Lintcode               intcode      000008
__Lintcode_body          intcode_body 000000
__Lintcodelo             intcodelo    00034C
__Lintentry              intentry     000000
__Lintret                intret       000000
__Lintsave_regs          intsave_regs 000000
__Lirdata                irdata       000000
__Lmediumconst           mediumconst  000000
__LnvFARRAM              nvFARRAM     000000
__Lnvbit                 nvbit        000000
__Lnvrram                nvrram       000000
__Lparam                 rparam       000000
__Lpowerup               powerup      00034C
__Lram                   ram          000000
__Lramtop                ramtop       001000
__Lrbit                  rbit         000000
__Lrbss                  rbss         000000
__Lrdata                 rdata        000000
__Lreset_vec             reset_vec    000000
__Lrparam                rparam       000000
__Lsfr                   sfr          000000
__Lsmallconst            smallconst   001000
__Lspace_0               (abs)        000000
__Lspace_1               (abs)        000000
__Lspace_2               (abs)        000000
__Lspace_4               (abs)        000000
__Lstack                 stack        000000
__Lstruct                struct       000000
__Ltemp                  temp         00005F
__Ltext                  text         000000
__Ltext0                 text0        000000
__Ltext1                 text1        000000
__Ltext10                text10       000000
__Ltext11                text11       000000
__Ltext13                text13       000000
__Ltext14                text14       000000
__Ltext15                text15       000000
__Ltext16                text16       000000
__Ltext17                text17       000000
__Ltext18                text18       000000
__Ltext19                text19       000000
__Ltext2                 text2        000000
__Ltext20                text20       000000
__Ltext21                text21       000000
__Ltext22                text22       000000
__Ltext23                text23       000000
__Ltext24                text24       000000
__Ltext25                text25       000000
__Ltext26                text26       000000
__Ltext27                text27       000000
__Ltext28                text28       000000
__Ltext29                text29       000000
__Ltext3                 text3        000000
__Ltext30                text30       000000
__Ltext31                text31       000000
__Ltext32                text32       000000
__Ltext33                text33       000000
__Ltext34                text34       000000
__Ltext35                text35       000000
__Ltext36                text36       000000
__Ltext37                text37       000000
__Ltext38                text38       000000
__Ltext39                text39       000000
__Ltext4                 text4        000000
__Ltext40                text40       000000
__Ltext41                text41       000000
__Ltext42                text42       000000
__Ltext5                 text5        000000
__Ltext6                 text6        000000
__Ltext7                 text7        000000
__Ltext8                 text8        000000
__Ltext9                 text9        000000
__S0                     (abs)        0034DA
__S1                     (abs)        000111
__S4                     (abs)        000000
__S5                     (abs)        000000
___awdiv                 text23       002FBA
___awdiv@counter         cstackCOMRAM 00000B
___awdiv@dividend        cstackCOMRAM 000007
___awdiv@divisor         cstackCOMRAM 000009
___awdiv@quotient        cstackCOMRAM 00000D
___awdiv@sign            cstackCOMRAM 00000C
___awmod                 text22       003134
___awmod@counter         cstackCOMRAM 000005
___awmod@dividend        cstackCOMRAM 000001
___awmod@divisor         cstackCOMRAM 000003
___awmod@sign            cstackCOMRAM 000006
___awtoft                text37       00339E
___awtoft@c              cstackCOMRAM 000009
___awtoft@sign           cstackCOMRAM 00000C
___ftadd                 text6        001CD8
___ftadd@exp1            cstackBANK0  0000A0
___ftadd@exp2            cstackBANK0  00009F
___ftadd@f1              cstackBANK0  000095
___ftadd@f2              cstackBANK0  000098
___ftadd@sign            cstackBANK0  00009E
___ftdiv                 text8        0029CA
___ftdiv@cntr            cstackBANK0  00008F
___ftdiv@exp             cstackBANK0  000093
___ftdiv@f1              cstackBANK0  000086
___ftdiv@f2              cstackBANK0  000089
___ftdiv@f3              cstackBANK0  000090
___ftdiv@sign            cstackBANK0  000094
___ftge                  text36       0030C0
___ftge@ff1              cstackCOMRAM 000001
___ftge@ff2              cstackCOMRAM 000004
___ftmul                 text7        002606
___ftmul@cntr            cstackBANK0  000093
___ftmul@exp             cstackBANK0  00008F
___ftmul@f1              cstackBANK0  000086
___ftmul@f2              cstackBANK0  000089
___ftmul@f3_as_product   cstackBANK0  000090
___ftmul@sign            cstackBANK0  000094
___ftneg                 text35       003426
___ftneg@f1              cstackCOMRAM 000001
___ftpack                text9        002C68
___ftpack@arg            cstackBANK0  00007E
___ftpack@exp            cstackBANK0  000081
___ftpack@sign           cstackBANK0  000082
___ftsub                 text5        0032AA
___ftsub@f1              cstackBANK0  0000A1
___ftsub@f2              cstackBANK0  0000A4
___fttol                 text4        0028E2
___fttol@exp1            cstackBANK1  00010A
___fttol@f1              cstackBANK0  0000A7
___fttol@lval            cstackBANK1  000106
___fttol@sign1           cstackBANK1  000105
___heap_hi               (abs)        000000
___heap_lo               (abs)        000000
___inthi_sp              stack        000000
___intlo_sp              stack        000000
___lbdiv                 text28       003364
___lbdiv@counter         cstackCOMRAM 000007
___lbdiv@dividend        cstackCOMRAM 000006
___lbdiv@divisor         cstackCOMRAM 000005
___lbdiv@quotient        cstackCOMRAM 000008
___lbmod                 text27       0033D6
___lbmod@counter         cstackCOMRAM 000003
___lbmod@dividend        cstackCOMRAM 000002
___lbmod@divisor         cstackCOMRAM 000001
___lbmod@rem             cstackCOMRAM 000004
___lldiv                 text34       00303E
___lldiv@counter         cstackCOMRAM 00000D
___lldiv@dividend        cstackCOMRAM 000001
___lldiv@divisor         cstackCOMRAM 000005
___lldiv@quotient        cstackCOMRAM 000009
___llmod                 text33       0031A4
___llmod@counter         cstackCOMRAM 000009
___llmod@dividend        cstackCOMRAM 000001
___llmod@divisor         cstackCOMRAM 000005
___lltoft                text32       00320A
___lltoft@c              cstackCOMRAM 000009
___lltoft@exp            cstackCOMRAM 000011
___param_bank            (abs)        000000
___rparam_used           (abs)        000001
___sp                    stack        000000
___wmul                  text31       003400
___wmul@multiplicand     cstackCOMRAM 000003
___wmul@multiplier       cstackCOMRAM 000001
___wmul@product          cstackCOMRAM 000005
__accesstop              (abs)        000060
__activetblptr           (abs)        000002
__div_to_l_              text30       0027EE
__div_to_l_@cntr         cstackCOMRAM 00000B
__div_to_l_@exp1         cstackCOMRAM 00000C
__div_to_l_@f1           cstackCOMRAM 000001
__div_to_l_@f2           cstackCOMRAM 000004
__div_to_l_@quot         cstackCOMRAM 000007
__end_of_DataLCD         text39       0032AA
__end_of_LCD             text11       002E70
__end_of_SettingsLCD     text10       0034A6
__end_of_TMR1_ISR        intcode      00034C
__end_of_WriteLCD        text41       0034D2
__end_of___awdiv         text23       00303E
__end_of___awmod         text22       0031A4
__end_of___awtoft        text37       0033D6
__end_of___ftadd         text6        001E80
__end_of___ftdiv         text8        002AB0
__end_of___ftge          text36       003134
__end_of___ftmul         text7        0026FA
__end_of___ftneg         text35       00344A
__end_of___ftpack        text9        002D16
__end_of___ftsub         text5        0032EA
__end_of___fttol         text4        0029CA
__end_of___lbdiv         text28       00339E
__end_of___lbmod         text27       003400
__end_of___lldiv         text34       0030C0
__end_of___llmod         text33       00320A
__end_of___lltoft        text32       003266
__end_of___wmul          text31       003426
__end_of__div_to_l_      text30       0028E2
__end_of__initialization cinit        003356
__end_of__npowers_       smallconst   00104F
__end_of__powers_        smallconst   001028
__end_of__tdiv_to_l_     text29       002606
__end_of_deg2time1       text3        00229C
__end_of_deg2time2       text2        002162
__end_of_dpowers         smallconst   001077
__end_of_fround          text25       001CD8
__end_of_isdigit         text24       00348A
__end_of_main            text0        0034D8
__end_of_scale           text21       001AFC
__end_of_settings        text1        002F16
__end_of_sprintf         text17       001764
__end_of_strlen          text40       00346C
__end_ofi2_LCD           text42       002FBA
__end_ofi2_SettingsLCD   text16       0034BC
__end_ofi2___ftadd       text20       002028
__end_ofi2___ftdiv       text15       002B96
__end_ofi2___ftmul       text26       0027EE
__end_ofi2___ftpack      text38       002DC4
__end_ofi2___ftsub       text19       00332A
__end_ofi2___fttol       text18       002C68
__end_ofi2_deg2time1     text14       002508
__end_ofi2_deg2time2     text13       0023D2
__initialization         cinit        00332A
__mediumconst            mediumconst  000000
__npowers_               smallconst   001028
__pbssBANK0              bssBANK0     0000AB
__pbssCOMRAM             bssCOMRAM    000059
__pcinit                 cinit        00332A
__pcstackBANK0           cstackBANK0  000060
__pcstackBANK1           cstackBANK1  000100
__pcstackCOMRAM          cstackCOMRAM 000001
__pdataCOMRAM            dataCOMRAM   00005D
__pidataCOMRAM           idataCOMRAM  0034D8
__pintcode               intcode      000008
__powers_                smallconst   001001
__psmallconst            smallconst   001000
__ptext0                 text0        0034D2
__ptext1                 text1        002E70
__ptext10                text10       00348A
__ptext11                text11       002DC4
__ptext13                text13       00229C
__ptext14                text14       0023D2
__ptext15                text15       002AB0
__ptext16                text16       0034A6
__ptext17                text17       001092
__ptext18                text18       002B96
__ptext19                text19       0032EA
__ptext2                 text2        002028
__ptext20                text20       001E80
__ptext21                text21       001764
__ptext22                text22       003134
__ptext23                text23       002FBA
__ptext24                text24       00346C
__ptext25                text25       001AFC
__ptext26                text26       0026FA
__ptext27                text27       0033D6
__ptext28                text28       003364
__ptext29                text29       002508
__ptext3                 text3        002162
__ptext30                text30       0027EE
__ptext31                text31       003400
__ptext32                text32       00320A
__ptext33                text33       0031A4
__ptext34                text34       00303E
__ptext35                text35       003426
__ptext36                text36       0030C0
__ptext37                text37       00339E
__ptext38                text38       002D16
__ptext39                text39       003266
__ptext4                 text4        0028E2
__ptext40                text40       00344A
__ptext41                text41       0034BC
__ptext42                text42       002F16
__ptext5                 text5        0032AA
__ptext6                 text6        001CD8
__ptext7                 text7        002606
__ptext8                 text8        0029CA
__ptext9                 text9        002C68
__ramtop                 ramtop       001000
__smallconst             smallconst   001000
__tdiv_to_l_             text29       002508
__tdiv_to_l_@cntr        cstackCOMRAM 00000E
__tdiv_to_l_@exp1        cstackCOMRAM 00000F
__tdiv_to_l_@f1          cstackCOMRAM 000001
__tdiv_to_l_@f2          cstackCOMRAM 000004
__tdiv_to_l_@quot        cstackCOMRAM 00000A
_a                       bssCOMRAM    000059
_b                       bssBANK0     0000AE
_c                       bssBANK0     0000AB
_confir                  bssBANK0     0000BF
_confir1                 bssBANK0     0000BD
_deg2time1               text3        002162
_deg2time1$954           cstackBANK1  00010E
_deg2time2               text2        002028
_deg2time2$955           cstackBANK1  00010E
_degrees1                bssBANK0     0000BA
_degrees2                bssBANK0     0000B7
_dpowers                 smallconst   00104F
_flag                    dataCOMRAM   00005D
_fround                  text25       001AFC
_fround$1033             cstackCOMRAM 000028
_fround$1034             cstackCOMRAM 000025
_i                       bssBANK0     0000C3
_incremento              bssBANK0     0000C1
_isdigit                 text24       00346C
_isdigit$767             cstackCOMRAM 000002
_main                    text0        0034D2
_scale                   text21       001764
_scale$1035              cstackCOMRAM 000025
_servo                   bssCOMRAM    00005C
_settings                text1        002E70
_sprintf                 text17       001092
_sprintf$1036            cstackBANK0  000060
_strlen                  text40       00344A
_text                    bssBANK0     0000CD
_th1                     bssBANK0     0000CB
_th2                     bssBANK0     0000C7
_time_high               bssBANK0     0000B4
_time_low                bssBANK0     0000B1
_tl1                     bssBANK0     0000C9
_tl2                     bssBANK0     0000C5
btemp                    temp         00005F
deg2time1@degrees1       cstackBANK1  00010B
deg2time2@degrees2       cstackBANK1  00010B
end_of_initialization    cinit        003356
fround@prec              cstackCOMRAM 00002B
i2LCD@data               cstackCOMRAM 000002
i2SettingsLCD@word       cstackCOMRAM 000003
i2_LCD                   text42       002F16
i2_SettingsLCD           text16       0034A6
i2___ftadd               text20       001E80
i2___ftadd@exp1          cstackCOMRAM 000037
i2___ftadd@exp2          cstackCOMRAM 000036
i2___ftadd@f1            cstackCOMRAM 00002C
i2___ftadd@f2            cstackCOMRAM 00002F
i2___ftadd@sign          cstackCOMRAM 000035
i2___ftdiv               text15       002AB0
i2___ftdiv@cntr          cstackCOMRAM 000012
i2___ftdiv@exp           cstackCOMRAM 000016
i2___ftdiv@f1            cstackCOMRAM 000009
i2___ftdiv@f2            cstackCOMRAM 00000C
i2___ftdiv@f3            cstackCOMRAM 000013
i2___ftdiv@sign          cstackCOMRAM 000017
i2___ftmul               text26       0026FA
i2___ftmul@cntr          cstackCOMRAM 00001C
i2___ftmul@exp           cstackCOMRAM 000018
i2___ftmul@f1            cstackCOMRAM 00000F
i2___ftmul@f2            cstackCOMRAM 000012
i2___ftmul@f3_as_product cstackCOMRAM 000019
i2___ftmul@sign          cstackCOMRAM 00001D
i2___ftpack              text38       002D16
i2___ftpack@arg          cstackCOMRAM 000001
i2___ftpack@exp          cstackCOMRAM 000004
i2___ftpack@sign         cstackCOMRAM 000005
i2___ftsub               text19       0032EA
i2___ftsub@f1            cstackCOMRAM 000038
i2___ftsub@f2            cstackCOMRAM 00003B
i2___fttol               text18       002B96
i2___fttol@exp1          cstackCOMRAM 00004C
i2___fttol@f1            cstackCOMRAM 00003E
i2___fttol@lval          cstackCOMRAM 000048
i2___fttol@sign1         cstackCOMRAM 000047
i2_deg2time1             text14       0023D2
i2_deg2time1$1037        cstackCOMRAM 000050
i2_deg2time2             text13       00229C
i2_deg2time2$1038        cstackCOMRAM 000050
i2deg2time1@degrees1     cstackCOMRAM 00004D
i2deg2time2@degrees2     cstackCOMRAM 00004D
int$flags                temp         00005F
intlevel0                text         000000
intlevel1                text         000000
intlevel2                text         000000
intlevel3                text         000000
isa$std                  (abs)        000001
isa$xinst                (abs)        000000
isdigit@c                cstackCOMRAM 000003
scale@scl                cstackCOMRAM 000028
sprintf@ap               cstackBANK0  000063
sprintf@c                cstackBANK0  000075
sprintf@eexp             cstackBANK0  00006A
sprintf@f                cstackCOMRAM 00004E
sprintf@flag             cstackBANK0  000064
sprintf@fval             cstackBANK0  000072
sprintf@prec             cstackBANK0  000070
sprintf@sp               cstackCOMRAM 00004D
sprintf@tmpval           cstackBANK0  00006C
sprintf@val              cstackBANK0  000066
stackhi                  (abs)        000000
stacklo                  (abs)        000000
start                    init         00034C
start_initialization     cinit        00332A
strlen@cp                cstackCOMRAM 000003
strlen@s                 cstackCOMRAM 000001
ttemp5                   temp         000060
ttemp6                   temp         000063
ttemp7                   temp         000067
wtemp8                   temp         000060


MODULE INFORMATION

Module		Function		Class		Link	Load	Size
C:\Program Files\Microchip\xc8\v2.36\pic\sources\c90\common\ftsub.c
		___ftsub       		CODE           	32AA	0000	64

C:\Program Files\Microchip\xc8\v2.36\pic\sources\c90\common\ftsub.c estimated size: 64

C:\Program Files\Microchip\xc8\v2.36\pic\sources\c90\common\float.c
		___ftpack      		CODE           	2C68	0000	174

C:\Program Files\Microchip\xc8\v2.36\pic\sources\c90\common\float.c estimated size: 174

C:\Program Files\Microchip\xc8\v2.36\pic\sources\c90\common\doprnt.c
		_scale         		CODE           	1764	0000	920
		_sprintf       		CODE           	1092	0000	1746
		_fround        		CODE           	1AFC	0000	476

C:\Program Files\Microchip\xc8\v2.36\pic\sources\c90\common\doprnt.c estimated size: 3142

C:\Program Files\Microchip\xc8\v2.36\pic\sources\c90\common\lltoft.c
		___lltoft      		CODE           	320A	0000	92

C:\Program Files\Microchip\xc8\v2.36\pic\sources\c90\common\lltoft.c estimated size: 92

C:\Program Files\Microchip\xc8\v2.36\pic\sources\c90\common\awmod.c
		___awmod       		CODE           	3134	0000	112

C:\Program Files\Microchip\xc8\v2.36\pic\sources\c90\common\awmod.c estimated size: 112

C:\Program Files\Microchip\xc8\v2.36\pic\sources\c90\common\ftge.c
		___ftge        		CODE           	30C0	0000	116

C:\Program Files\Microchip\xc8\v2.36\pic\sources\c90\common\ftge.c estimated size: 116

C:\Program Files\Microchip\xc8\v2.36\pic\sources\c90\common\llmod.c
		___llmod       		CODE           	31A4	0000	102

C:\Program Files\Microchip\xc8\v2.36\pic\sources\c90\common\llmod.c estimated size: 102

PIC_ROBOT_2R.c
		_deg2time1     		CODE           	2162	0000	314
		_deg2time2     		CODE           	2028	0000	314
		_DataLCD       		CODE           	3266	0000	68
		_settings      		CODE           	2E70	0000	166
		_LCD           		CODE           	2DC4	0000	172
		_main          		CODE           	34D2	0000	6
		_WriteLCD      		CODE           	34BC	0000	22
		_SettingsLCD   		CODE           	348A	0000	28
		_TMR1_ISR      		CODE           	0008	0000	836

PIC_ROBOT_2R.c estimated size: 1926

C:\Program Files\Microchip\xc8\v2.36\pic\sources\c90\common\ftdivl.c
		__tdiv_to_l_   		CODE           	2508	0000	254

C:\Program Files\Microchip\xc8\v2.36\pic\sources\c90\common\ftdivl.c estimated size: 254

C:\Program Files\Microchip\xc8\v2.36\pic\sources\c90\common\ftmul.c
		___ftmul       		CODE           	2606	0000	244

C:\Program Files\Microchip\xc8\v2.36\pic\sources\c90\common\ftmul.c estimated size: 244

C:\Program Files\Microchip\xc8\v2.36\pic\sources\c90\common\Umul16.c
		___wmul        		CODE           	3400	0000	38

C:\Program Files\Microchip\xc8\v2.36\pic\sources\c90\common\Umul16.c estimated size: 38

C:\Program Files\Microchip\xc8\v2.36\pic\sources\c90\common\ftdiv.c
		___ftdiv       		CODE           	29CA	0000	230

C:\Program Files\Microchip\xc8\v2.36\pic\sources\c90\common\ftdiv.c estimated size: 230

C:\Program Files\Microchip\xc8\v2.36\pic\sources\c90\common\fldivl.c
		__div_to_l_    		CODE           	27EE	0000	244

C:\Program Files\Microchip\xc8\v2.36\pic\sources\c90\common\fldivl.c estimated size: 244

C:\Program Files\Microchip\xc8\v2.36\pic\sources\c90\common\awdiv.c
		___awdiv       		CODE           	2FBA	0000	132

C:\Program Files\Microchip\xc8\v2.36\pic\sources\c90\common\awdiv.c estimated size: 132

C:\Program Files\Microchip\xc8\v2.36\pic\sources\c90\common\__lldiv.c
		___lldiv       		CODE           	303E	0000	130

C:\Program Files\Microchip\xc8\v2.36\pic\sources\c90\common\__lldiv.c estimated size: 130

C:\Program Files\Microchip\xc8\v2.36\pic\sources\c90\common\lbmod.c
		___lbmod       		CODE           	33D6	0000	42

C:\Program Files\Microchip\xc8\v2.36\pic\sources\c90\common\lbmod.c estimated size: 42

C:\Program Files\Microchip\xc8\v2.36\pic\sources\c90\common\fttol.c
		___fttol       		CODE           	28E2	0000	232

C:\Program Files\Microchip\xc8\v2.36\pic\sources\c90\common\fttol.c estimated size: 232

shared
		i2___ftadd     		CODE           	1E80	0000	424
		i2_SettingsLCD 		CODE           	34A6	0000	22
		i2___ftdiv     		CODE           	2AB0	0000	230
		__powers_      		SMALLCONST     	1001	0000	39
		i2___fttol     		CODE           	2B96	0000	210
		_dpowers       		SMALLCONST     	104F	0000	40
		i2___ftmul     		CODE           	26FA	0000	244
		i2_LCD         		CODE           	2F16	0000	164
		i2_deg2time1   		CODE           	23D2	0000	310
		i2_deg2time2   		CODE           	229C	0000	310
		__npowers_     		SMALLCONST     	1028	0000	39
		i2___ftpack    		CODE           	2D16	0000	174
		__initialization		CODE           	332A	0000	44
		i2___ftsub     		CODE           	32EA	0000	64

shared estimated size: 2314

C:\Program Files\Microchip\xc8\v2.36\pic\sources\c90\common\ftadd.c
		___ftadd       		CODE           	1CD8	0000	424

C:\Program Files\Microchip\xc8\v2.36\pic\sources\c90\common\ftadd.c estimated size: 424

C:\Program Files\Microchip\xc8\v2.36\pic\sources\c90\common\strlen.c
		_strlen        		CODE           	344A	0000	34

C:\Program Files\Microchip\xc8\v2.36\pic\sources\c90\common\strlen.c estimated size: 34

C:\Program Files\Microchip\xc8\v2.36\pic\sources\c90\common\isdigit.c
		_isdigit       		CODE           	346C	0000	30

C:\Program Files\Microchip\xc8\v2.36\pic\sources\c90\common\isdigit.c estimated size: 30

C:\Program Files\Microchip\xc8\v2.36\pic\sources\c90\common\lbdiv.c
		___lbdiv       		CODE           	3364	0000	58

C:\Program Files\Microchip\xc8\v2.36\pic\sources\c90\common\lbdiv.c estimated size: 58

C:\Program Files\Microchip\xc8\v2.36\pic\sources\c90\common\awtoft.c
		___awtoft      		CODE           	339E	0000	56

C:\Program Files\Microchip\xc8\v2.36\pic\sources\c90\common\awtoft.c estimated size: 56

C:\Program Files\Microchip\xc8\v2.36\pic\sources\c90\common\ftneg.c
		___ftneg       		CODE           	3426	0000	36

C:\Program Files\Microchip\xc8\v2.36\pic\sources\c90\common\ftneg.c estimated size: 36

