Microchip MPLAB XC8 Compiler V2.36

Linker command line:

-W-3 --edf=C:\Program Files\Microchip\xc8\v2.36\pic\dat\en_msgs.txt -cn \
  -h+dist/default/production\BORRAR.X.production.sym \
  --cmf=dist/default/production\BORRAR.X.production.cmf -z -Q18F46K22 \
  -oC:\Users\HP\AppData\Local\Temp\xcAs5t4.4 \
  -Mdist/default/production/BORRAR.X.production.map \
  --md=C:\Users\HP\AppData\Local\Temp\xcAs5t4.dat -E1 -ver=XC8 Compiler \
  -ACODE=00h-0FFFFh -ACONST=00h-0FFFFh -ASMALLCONST=01000h-010FFhx240 \
  -AMEDIUMCONST=01000h-0FFFFh -ACOMRAM=01h-05Fh -AABS1=00h-0F37h \
  -ABIGRAM=01h-0F37h -ARAM=060h-0FFh,0100h-01FFhx14,0F00h-0F37h \
  -ABANK0=060h-0FFh -ABANK1=0100h-01FFh -ABANK2=0200h-02FFh \
  -ABANK3=0300h-03FFh -ABANK4=0400h-04FFh -ABANK5=0500h-05FFh \
  -ABANK6=0600h-06FFh -ABANK7=0700h-07FFh -ABANK8=0800h-08FFh \
  -ABANK9=0900h-09FFh -ABANK10=0A00h-0AFFh -ABANK11=0B00h-0BFFh \
  -ABANK12=0C00h-0CFFh -ABANK13=0D00h-0DFFh -ABANK14=0E00h-0EFFh \
  -ABANK15=0F00h-0F37h -ASFR=0F38h-0F5Fh,0F60h-0FFFh -ABIGSFR=0F38h-0FFFh \
  -ACONFIG=0300000h-030000Dh -AIDLOC=0200000h-0200007h \
  -AEEDATA=0F00000h-0F003FFh -peeprom_data=EEDATA \
  -preset_vec=00h,intcode=08h,intcodelo,powerup,init -pramtop=01000h \
  -psmallconst=SMALLCONST -pmediumconst=MEDIUMCONST -pconst=CONST \
  -AFARRAM=00h-00h \
  -prdata=COMRAM,nvrram=COMRAM,nvbit=COMRAM,rbss=COMRAM,rbit=COMRAM \
  -pfarbss=FARRAM,fardata=FARRAM,nvFARRAM=FARRAM \
  -pintsave_regs=BIGRAM,bigbss=BIGRAM,bigdata=BIGRAM -pbss=RAM \
  -pidata=CODE,irdata=CODE,ibigdata=CODE,ifardata=CODE -prparam=COMRAM \
  C:\Users\HP\AppData\Local\Temp\xcAs5t4.obj \
  dist/default/production\BORRAR.X.production.obj 

Object code version is 3.11

Machine type is 18F46K22



                Name                               Link     Load   Length Selector   Space Scale
C:\Users\HP\AppData\Local\Temp\xcAs5t4.obj
                idloc                            200000   200000        8        0       5
                config                           300000   300000        E        0       4
                init                                3FE      3FE        4        4       0
                reset_vec                             0        0        4        0       0
dist/default/production\BORRAR.X.production.obj
                intcode                               8        8      3F6        4       0
                idloc                            200000   200000        8        0       5
                config                           300000   300000        E        0       4
                temp                                 5F       5F        1        1       1
                smallconst                         1000     1000       A2      800       0
                text73                             3D34     3D34       AE      851       0
                text72                             4802     4802       38      851       0
                text71                             3E8E     3E8E       A4      851       0
                text70                             4A5E     4A5E       16      851       0
                text69                             49D2     49D2       22      851       0
                text68                             4606     4606       46      851       0
                text67                             4A48     4A48       16      851       0
                text66                             3FB6     3FB6       84      851       0
                text65                             4944     4944       26      851       0
                text64                             468E     468E       42      851       0
                text63                             4234     4234       74      851       0
                text62                             496A     496A       24      851       0
                text61                             3010     3010      1A8      851       0
                text60                             4710     4710       40      851       0
                text59                             3BB4     3BB4       D2      851       0
                text58                             413E     413E       82      851       0
                text57                             43EE     43EE       66      851       0
                text56                             450C     450C       5C      851       0
                text55                             3820     3820       F4      851       0
                text54                             3444     3444       FE      851       0
                text53                             372C     372C       F4      851       0
                text52                             47C8     47C8       3A      851       0
                text51                             48CE     48CE       2A      851       0
                text50                             2C8C     2C8C      1DC      851       0
                text49                             49F4     49F4       1E      851       0
                text48                             4318     4318       70      851       0
                text47                             2444     2444      398      851       0
                text46                             18EA     18EA      7BE      851       0
                text45                             4A88     4A88       12      851       0
                text44                             4AA6     4AA6        C      851       0
                text43                             4AD2     4AD2        8      851       0
                text42                             4ACA     4ACA        8      851       0
                text41                             44B0     44B0       5C      851       0
                text39                             3DE2     3DE2       AC      851       0
                text38                             4A2E     4A2E       1A      851       0
                text37                             49B0     49B0       22      851       0
                text36                             45C0     45C0       46      851       0
                text35                             3F32     3F32       84      851       0
                text34                             491E     491E       26      851       0
                text33                             464C     464C       42      851       0
                text32                             4A12     4A12       1C      851       0
                text31                             3C86     3C86       AE      851       0
                text30                             3914     3914       E6      851       0
                text29                             41C0     41C0       74      851       0
                text28                             3ADE     3ADE       D6      851       0
                text27                             4454     4454       5C      851       0
                text26                             4A74     4A74       14      851       0
                text25                             478C     478C       3C      851       0
                text24                             4AC2     4AC2        8      851       0
                text23                             4A9A     4A9A        C      851       0
                text22                             4ABA     4ABA        8      851       0
                text21                             4AB2     4AB2        8      851       0
                text20                             40BC     40BC       82      851       0
                text19                             483A     483A       36      851       0
                text18                             31B8     31B8      18E      851       0
                text17                             39FA     39FA       E4      851       0
                text16                             48F8     48F8       26      851       0
                text15                             2E68     2E68      1A8      851       0
                text14                             46D0     46D0       40      851       0
                text13                             403A     403A       82      851       0
                text12                             4388     4388       66      851       0
                text11                             3542     3542       F6      851       0
                text10                             3346     3346       FE      851       0
                text9                              3638     3638       F4      851       0
                text8                              4750     4750       3C      851       0
                text7                              48A2     48A2       2C      851       0
                text6                              2AAC     2AAC      1E0      851       0
                text5                              498E     498E       22      851       0
                text4                              42A8     42A8       70      851       0
                text3                              20A8     20A8      39C      851       0
                text2                              10A2     10A2      848      851       0
                text1                              4568     4568       58      851       0
                text0                              27DC     27DC      2D0      851       0
                cstackCOMRAM                          1        1       5E        1       1
                cstackBANK0                          60       60       55       60       1
                cstackBANK1                         100      100       16      100       1
                dataBANK0                            E4       E4        2       60       1
                bssBANK0                             B5       B5       2F       60       1
                cinit                              4870     4870       32      851       0
                idataBANK0                         4ADA     4ADA        2      851       0

TOTAL           Name                               Link     Load   Length     Space
        CLASS   CODE           
                intcode                               8        8      3F6         0
                init                                3FE      3FE        4         0
                reset_vec                             0        0        4         0
                text73                             3D34     3D34       AE         0
                text72                             4802     4802       38         0
                text71                             3E8E     3E8E       A4         0
                text70                             4A5E     4A5E       16         0
                text69                             49D2     49D2       22         0
                text68                             4606     4606       46         0
                text67                             4A48     4A48       16         0
                text66                             3FB6     3FB6       84         0
                text65                             4944     4944       26         0
                text64                             468E     468E       42         0
                text63                             4234     4234       74         0
                text62                             496A     496A       24         0
                text61                             3010     3010      1A8         0
                text60                             4710     4710       40         0
                text59                             3BB4     3BB4       D2         0
                text58                             413E     413E       82         0
                text57                             43EE     43EE       66         0
                text56                             450C     450C       5C         0
                text55                             3820     3820       F4         0
                text54                             3444     3444       FE         0
                text53                             372C     372C       F4         0
                text52                             47C8     47C8       3A         0
                text51                             48CE     48CE       2A         0
                text50                             2C8C     2C8C      1DC         0
                text49                             49F4     49F4       1E         0
                text48                             4318     4318       70         0
                text47                             2444     2444      398         0
                text46                             18EA     18EA      7BE         0
                text45                             4A88     4A88       12         0
                text44                             4AA6     4AA6        C         0
                text43                             4AD2     4AD2        8         0
                text42                             4ACA     4ACA        8         0
                text41                             44B0     44B0       5C         0
                text39                             3DE2     3DE2       AC         0
                text38                             4A2E     4A2E       1A         0
                text37                             49B0     49B0       22         0
                text36                             45C0     45C0       46         0
                text35                             3F32     3F32       84         0
                text34                             491E     491E       26         0
                text33                             464C     464C       42         0
                text32                             4A12     4A12       1C         0
                text31                             3C86     3C86       AE         0
                text30                             3914     3914       E6         0
                text29                             41C0     41C0       74         0
                text28                             3ADE     3ADE       D6         0
                text27                             4454     4454       5C         0
                text26                             4A74     4A74       14         0
                text25                             478C     478C       3C         0
                text24                             4AC2     4AC2        8         0
                text23                             4A9A     4A9A        C         0
                text22                             4ABA     4ABA        8         0
                text21                             4AB2     4AB2        8         0
                text20                             40BC     40BC       82         0
                text19                             483A     483A       36         0
                text18                             31B8     31B8      18E         0
                text17                             39FA     39FA       E4         0
                text16                             48F8     48F8       26         0
                text15                             2E68     2E68      1A8         0
                text14                             46D0     46D0       40         0
                text13                             403A     403A       82         0
                text12                             4388     4388       66         0
                text11                             3542     3542       F6         0
                text10                             3346     3346       FE         0
                text9                              3638     3638       F4         0
                text8                              4750     4750       3C         0
                text7                              48A2     48A2       2C         0
                text6                              2AAC     2AAC      1E0         0
                text5                              498E     498E       22         0
                text4                              42A8     42A8       70         0
                text3                              20A8     20A8      39C         0
                text2                              10A2     10A2      848         0
                text1                              4568     4568       58         0
                text0                              27DC     27DC      2D0         0
                cinit                              4870     4870       32         0
                idataBANK0                         4ADA     4ADA        2         0

        CLASS   CONST          

        CLASS   SMALLCONST     
                smallconst                         1000     1000       A2         0

        CLASS   MEDIUMCONST    

        CLASS   COMRAM         
                temp                                 5F       5F        1         1
                cstackCOMRAM                          1        1       5E         1

        CLASS   ABS1           

        CLASS   BIGRAM         

        CLASS   RAM            

        CLASS   BANK0          
                cstackBANK0                          60       60       55         1
                dataBANK0                            E4       E4        2         1
                bssBANK0                             B5       B5       2F         1

        CLASS   BANK1          
                cstackBANK1                         100      100       16         1

        CLASS   BANK2          

        CLASS   BANK3          

        CLASS   BANK4          

        CLASS   BANK5          

        CLASS   BANK6          

        CLASS   BANK7          

        CLASS   BANK8          

        CLASS   BANK9          

        CLASS   BANK10         

        CLASS   BANK11         

        CLASS   BANK12         

        CLASS   BANK13         

        CLASS   BANK14         

        CLASS   BANK15         

        CLASS   SFR            

        CLASS   BIGSFR         

        CLASS   CONFIG         
                config                           300000   300000        E         4

        CLASS   IDLOC          
                idloc                            200000   200000        8         5

        CLASS   EEDATA         

        CLASS   FARRAM         

        CLASS   HEAP           

        CLASS   STACK          



SEGMENTS        Name                           Load    Length   Top    Selector   Space  Class

                reset_vec                      000000  000004  000004         0       0  CODE    
                cstackCOMRAM                   000001  00005F  000060         1       1  COMRAM  
                intcode                        000008  0003FA  000402         4       0  CODE    
                cstackBANK0                    000060  000086  0000E6        60       1  BANK0   
                cstackBANK1                    000100  000016  000116       100       1  BANK1   
                smallconst                     001000  0000A2  0010A2       800       0  SMALLCON
                text2                          0010A2  003A3A  004ADC       851       0  CODE    


UNUSED ADDRESS RANGES

        Name                Unused          Largest block    Delta
        BANK0            0000E6-0000FF               1A
        BANK1            000116-0001FF               EA
        BANK10           000A00-000AFF              100
        BANK11           000B00-000BFF              100
        BANK12           000C00-000CFF              100
        BANK13           000D00-000DFF              100
        BANK14           000E00-000EFF              100
        BANK15           000F00-000F37               38
        BANK2            000200-0002FF              100
        BANK3            000300-0003FF              100
        BANK4            000400-0004FF              100
        BANK5            000500-0005FF              100
        BANK6            000600-0006FF              100
        BANK7            000700-0007FF              100
        BANK8            000800-0008FF              100
        BANK9            000900-0009FF              100
        BIGRAM           0000E6-0000FF               1A
                         000116-000F37              E22
        BIGSFR           000F38-000FFF               C8
        CODE             000004-000007                4
                         000402-000FFF              BFE
                         004ADC-00FFFF             B524
        CONST            000004-000007                4
                         000402-000FFF              BFE
                         004ADC-00FFFF             B524
        EEDATA           F00000-F003FF              400
        MEDIUMCONST      004ADC-00FFFF             B524
        RAM              0000E6-0000FF               1A
                         000116-000F37              100
        SFR              000F38-000FFF               28
        SMALLCONST       004ADC-00FFFF              100

                                  Symbol Table

?___awdiv                cstackBANK0  000071
?___awmod                cstackBANK0  00006B
?___awtoft               cstackCOMRAM 000009
?___ftadd                cstackBANK0  000096
?___ftdiv                cstackBANK0  00007C
?___ftmul                cstackBANK0  000079
?___ftneg                cstackBANK0  00006B
?___ftpack               cstackBANK0  00006B
?___ftsub                cstackBANK0  0000A2
?___fttol                cstackBANK0  000093
?___lldiv                cstackBANK0  00006B
?___llmod                cstackBANK0  000078
?___lltoft               cstackBANK0  000073
?___wmul                 cstackBANK0  000079
?__div_to_l_             cstackBANK0  00006B
?__tdiv_to_l_            cstackBANK0  00006B
?_fround                 cstackBANK0  000088
?_map                    cstackBANK0  0000A2
?_scale                  cstackBANK0  000088
?_sprintf                cstackBANK0  0000A8
?_strlen                 cstackBANK0  00006B
?i2___awdiv              cstackCOMRAM 000007
?i2___awmod              cstackCOMRAM 000001
?i2___ftadd              cstackCOMRAM 00002C
?i2___ftmul              cstackCOMRAM 00000F
?i2___ftneg              cstackCOMRAM 000001
?i2___ftpack             cstackCOMRAM 000001
?i2___ftsub              cstackCOMRAM 000038
?i2___fttol              cstackCOMRAM 00001E
?i2___lldiv              cstackCOMRAM 000001
?i2___llmod              cstackCOMRAM 00000E
?i2___lltoft             cstackCOMRAM 000009
?i2___wmul               cstackCOMRAM 00000F
?i2__div_to_l_           cstackCOMRAM 000001
?i2__tdiv_to_l_          cstackCOMRAM 000001
?i2_fround               cstackCOMRAM 00001E
?i2_map                  cstackCOMRAM 00002D
?i2_scale                cstackCOMRAM 00001E
?i2_sprintf              cstackCOMRAM 00003E
?i2_strlen               cstackCOMRAM 000001
LCD@data                 cstackBANK0  00006C
SettingsLCD@word         cstackBANK0  00006D
TMR1_ISR@d               cstackBANK0  00006A
WriteLCD@word            cstackBANK0  00006D
_ANSELB                  (abs)        000F39
_ANSELC                  (abs)        000F3A
_ANSELD                  (abs)        000F3B
_ANSELE                  (abs)        000F3C
_DataLCD                 text36       0045C0
_DriverPin               bssBANK0     0000C2
_GIE                     (abs)        007F97
_INT1IE                  (abs)        007F83
_INT1IF                  (abs)        007F80
_INTEDG1                 (abs)        007F8D
_LATD                    (abs)        000F8C
_LATD6                   (abs)        007C66
_LATD7                   (abs)        007C67
_LATDbits                (abs)        000F8C
_LATE                    (abs)        000F8D
_LATEbits                (abs)        000F8D
_LCD                     text39       003DE2
_OSCCON                  (abs)        000FD3
_PEIE                    (abs)        007F96
_RC1IE                   (abs)        007CED
_RC1IF                   (abs)        007CF5
_RCREG1                  (abs)        000FAE
_RCSTA1                  (abs)        000FAB
_SPBRG1                  (abs)        000FAF
_SSP1ADD                 (abs)        000FC8
_SSP1BUF                 (abs)        000FC9
_SSP1CON1                (abs)        000FC6
_SSP1CON2                (abs)        000FC5
_SSP1CON2bits            (abs)        000FC5
_SSP1CON3                (abs)        000FCB
_SSP1STAT                (abs)        000FC7
_SettingsLCD             text32       004A12
_TMR1_ISR                intcode      000008
_TRISB                   (abs)        000F93
_TRISCbits               (abs)        000F94
_TRISD                   (abs)        000F95
_TRISE                   (abs)        000F96
_TXSTA1                  (abs)        000FAC
_WriteLCD                text38       004A2E
__HRAM                   (abs)        000000
__Habs1                  abs1         000000
__Hbank0                 bank0        000000
__Hbank1                 bank1        000000
__Hbank10                bank10       000000
__Hbank11                bank11       000000
__Hbank12                bank12       000000
__Hbank13                bank13       000000
__Hbank14                bank14       000000
__Hbank15                bank15       000000
__Hbank2                 bank2        000000
__Hbank3                 bank3        000000
__Hbank4                 bank4        000000
__Hbank5                 bank5        000000
__Hbank6                 bank6        000000
__Hbank7                 bank7        000000
__Hbank8                 bank8        000000
__Hbank9                 bank9        000000
__Hbigbss                bigbss       000000
__Hbigdata               bigdata      000000
__Hbigram                bigram       000000
__Hbigsfr                bigsfr       000000
__Hbss                   bss          000000
__HbssBANK0              bssBANK0     000000
__Hcinit                 cinit        000000
__Hclrtext               clrtext      000000
__Hcomram                comram       000000
__Hconfig                config       30000E
__Hconst                 const        000000
__HcstackBANK0           cstackBANK0  000000
__HcstackBANK1           cstackBANK1  000000
__HcstackCOMRAM          cstackCOMRAM 000000
__Hdata                  data         000000
__HdataBANK0             dataBANK0    000000
__Heeprom_data           eeprom_data  000000
__Hfarbss                farbss       000000
__Hfardata               fardata      000000
__Hheap                  heap         000000
__Hibigdata              ibigdata     000000
__Hidata                 idata        000000
__HidataBANK0            idataBANK0   000000
__Hidloc                 idloc        200008
__Hifardata              ifardata     000000
__Hinit                  init         000402
__Hintcode               intcode      0003FE
__Hintcode_body          intcode_body 000000
__Hintcodelo             intcodelo    0003FE
__Hintentry              intentry     000000
__Hintret                intret       000000
__Hintsave_regs          intsave_regs 000000
__Hirdata                irdata       000000
__Hmediumconst           mediumconst  000000
__HnvFARRAM              nvFARRAM     000000
__Hnvbit                 nvbit        000000
__Hnvrram                nvrram       000000
__Hparam                 rparam       000000
__Hpowerup               powerup      0003FE
__Hram                   ram          000000
__Hramtop                ramtop       001000
__Hrbit                  rbit         000000
__Hrbss                  rbss         000000
__Hrdata                 rdata        000000
__Hreset_vec             reset_vec    000004
__Hrparam                rparam       000000
__Hsfr                   sfr          000000
__Hsmallconst            smallconst   0010A2
__Hspace_0               (abs)        004ADC
__Hspace_1               (abs)        000116
__Hspace_2               (abs)        000000
__Hspace_4               (abs)        60000E
__Hstack                 stack        000000
__Hstruct                struct       000000
__Htemp                  temp         000060
__Htext                  text         000000
__Htext0                 text0        000000
__Htext1                 text1        000000
__Htext10                text10       000000
__Htext11                text11       000000
__Htext12                text12       000000
__Htext13                text13       000000
__Htext14                text14       000000
__Htext15                text15       000000
__Htext16                text16       000000
__Htext17                text17       000000
__Htext18                text18       000000
__Htext19                text19       000000
__Htext2                 text2        000000
__Htext20                text20       000000
__Htext21                text21       000000
__Htext22                text22       000000
__Htext23                text23       000000
__Htext24                text24       000000
__Htext25                text25       000000
__Htext26                text26       000000
__Htext27                text27       000000
__Htext28                text28       000000
__Htext29                text29       000000
__Htext3                 text3        000000
__Htext30                text30       000000
__Htext31                text31       000000
__Htext32                text32       000000
__Htext33                text33       000000
__Htext34                text34       000000
__Htext35                text35       000000
__Htext36                text36       000000
__Htext37                text37       000000
__Htext38                text38       000000
__Htext39                text39       000000
__Htext4                 text4        000000
__Htext41                text41       000000
__Htext42                text42       000000
__Htext43                text43       000000
__Htext44                text44       000000
__Htext45                text45       000000
__Htext46                text46       000000
__Htext47                text47       000000
__Htext48                text48       000000
__Htext49                text49       000000
__Htext5                 text5        000000
__Htext50                text50       000000
__Htext51                text51       000000
__Htext52                text52       000000
__Htext53                text53       000000
__Htext54                text54       000000
__Htext55                text55       000000
__Htext56                text56       000000
__Htext57                text57       000000
__Htext58                text58       000000
__Htext59                text59       000000
__Htext6                 text6        000000
__Htext60                text60       000000
__Htext61                text61       000000
__Htext62                text62       000000
__Htext63                text63       000000
__Htext64                text64       000000
__Htext65                text65       000000
__Htext66                text66       000000
__Htext67                text67       000000
__Htext68                text68       000000
__Htext69                text69       000000
__Htext7                 text7        000000
__Htext70                text70       000000
__Htext71                text71       000000
__Htext72                text72       000000
__Htext73                text73       000000
__Htext8                 text8        000000
__Htext9                 text9        000000
__LRAM                   (abs)        000001
__Labs1                  abs1         000000
__Lbank0                 bank0        000000
__Lbank1                 bank1        000000
__Lbank10                bank10       000000
__Lbank11                bank11       000000
__Lbank12                bank12       000000
__Lbank13                bank13       000000
__Lbank14                bank14       000000
__Lbank15                bank15       000000
__Lbank2                 bank2        000000
__Lbank3                 bank3        000000
__Lbank4                 bank4        000000
__Lbank5                 bank5        000000
__Lbank6                 bank6        000000
__Lbank7                 bank7        000000
__Lbank8                 bank8        000000
__Lbank9                 bank9        000000
__Lbigbss                bigbss       000000
__Lbigdata               bigdata      000000
__Lbigram                bigram       000000
__Lbigsfr                bigsfr       000000
__Lbss                   bss          000000
__LbssBANK0              bssBANK0     000000
__Lcinit                 cinit        000000
__Lclrtext               clrtext      000000
__Lcomram                comram       000000
__Lconfig                config       000000
__Lconst                 const        000000
__LcstackBANK0           cstackBANK0  000000
__LcstackBANK1           cstackBANK1  000000
__LcstackCOMRAM          cstackCOMRAM 000000
__Ldata                  data         000000
__LdataBANK0             dataBANK0    000000
__Leeprom_data           eeprom_data  000000
__Lfarbss                farbss       000000
__Lfardata               fardata      000000
__Lheap                  heap         000000
__Libigdata              ibigdata     000000
__Lidata                 idata        000000
__LidataBANK0            idataBANK0   000000
__Lidloc                 idloc        000000
__Lifardata              ifardata     000000
__Linit                  init         0003FE
__Lintcode               intcode      000008
__Lintcode_body          intcode_body 000000
__Lintcodelo             intcodelo    0003FE
__Lintentry              intentry     000000
__Lintret                intret       000000
__Lintsave_regs          intsave_regs 000000
__Lirdata                irdata       000000
__Lmediumconst           mediumconst  000000
__LnvFARRAM              nvFARRAM     000000
__Lnvbit                 nvbit        000000
__Lnvrram                nvrram       000000
__Lparam                 rparam       000000
__Lpowerup               powerup      0003FE
__Lram                   ram          000000
__Lramtop                ramtop       001000
__Lrbit                  rbit         000000
__Lrbss                  rbss         000000
__Lrdata                 rdata        000000
__Lreset_vec             reset_vec    000000
__Lrparam                rparam       000000
__Lsfr                   sfr          000000
__Lsmallconst            smallconst   001000
__Lspace_0               (abs)        000000
__Lspace_1               (abs)        000000
__Lspace_2               (abs)        000000
__Lspace_4               (abs)        000000
__Lstack                 stack        000000
__Lstruct                struct       000000
__Ltemp                  temp         00005F
__Ltext                  text         000000
__Ltext0                 text0        000000
__Ltext1                 text1        000000
__Ltext10                text10       000000
__Ltext11                text11       000000
__Ltext12                text12       000000
__Ltext13                text13       000000
__Ltext14                text14       000000
__Ltext15                text15       000000
__Ltext16                text16       000000
__Ltext17                text17       000000
__Ltext18                text18       000000
__Ltext19                text19       000000
__Ltext2                 text2        000000
__Ltext20                text20       000000
__Ltext21                text21       000000
__Ltext22                text22       000000
__Ltext23                text23       000000
__Ltext24                text24       000000
__Ltext25                text25       000000
__Ltext26                text26       000000
__Ltext27                text27       000000
__Ltext28                text28       000000
__Ltext29                text29       000000
__Ltext3                 text3        000000
__Ltext30                text30       000000
__Ltext31                text31       000000
__Ltext32                text32       000000
__Ltext33                text33       000000
__Ltext34                text34       000000
__Ltext35                text35       000000
__Ltext36                text36       000000
__Ltext37                text37       000000
__Ltext38                text38       000000
__Ltext39                text39       000000
__Ltext4                 text4        000000
__Ltext41                text41       000000
__Ltext42                text42       000000
__Ltext43                text43       000000
__Ltext44                text44       000000
__Ltext45                text45       000000
__Ltext46                text46       000000
__Ltext47                text47       000000
__Ltext48                text48       000000
__Ltext49                text49       000000
__Ltext5                 text5        000000
__Ltext50                text50       000000
__Ltext51                text51       000000
__Ltext52                text52       000000
__Ltext53                text53       000000
__Ltext54                text54       000000
__Ltext55                text55       000000
__Ltext56                text56       000000
__Ltext57                text57       000000
__Ltext58                text58       000000
__Ltext59                text59       000000
__Ltext6                 text6        000000
__Ltext60                text60       000000
__Ltext61                text61       000000
__Ltext62                text62       000000
__Ltext63                text63       000000
__Ltext64                text64       000000
__Ltext65                text65       000000
__Ltext66                text66       000000
__Ltext67                text67       000000
__Ltext68                text68       000000
__Ltext69                text69       000000
__Ltext7                 text7        000000
__Ltext70                text70       000000
__Ltext71                text71       000000
__Ltext72                text72       000000
__Ltext73                text73       000000
__Ltext8                 text8        000000
__Ltext9                 text9        000000
__S0                     (abs)        004ADC
__S1                     (abs)        000116
__S4                     (abs)        000000
__S5                     (abs)        000000
___awdiv                 text35       003F32
___awdiv@counter         cstackBANK0  000075
___awdiv@dividend        cstackBANK0  000071
___awdiv@divisor         cstackBANK0  000073
___awdiv@quotient        cstackBANK0  000077
___awdiv@sign            cstackBANK0  000076
___awmod                 text4        0042A8
___awmod@counter         cstackBANK0  00006F
___awmod@dividend        cstackBANK0  00006B
___awmod@divisor         cstackBANK0  00006D
___awmod@sign            cstackBANK0  000070
___awtoft                text72       004802
___awtoft@c              cstackCOMRAM 000009
___awtoft@sign           cstackCOMRAM 00000C
___ftadd                 text15       002E68
___ftadd@exp1            cstackBANK0  0000A1
___ftadd@exp2            cstackBANK0  0000A0
___ftadd@f1              cstackBANK0  000096
___ftadd@f2              cstackBANK0  000099
___ftadd@sign            cstackBANK0  00009F
___ftdiv                 text30       003914
___ftdiv@cntr            cstackBANK0  000085
___ftdiv@exp             cstackBANK0  000089
___ftdiv@f1              cstackBANK0  00007C
___ftdiv@f2              cstackBANK0  00007F
___ftdiv@f3              cstackBANK0  000086
___ftdiv@sign            cstackBANK0  00008A
___ftge                  text29       0041C0
___ftge@ff1              cstackBANK0  00006B
___ftge@ff2              cstackBANK0  00006E
___ftmul                 text9        003638
___ftmul@cntr            cstackBANK0  000086
___ftmul@exp             cstackBANK0  000082
___ftmul@f1              cstackBANK0  000079
___ftmul@f2              cstackBANK0  00007C
___ftmul@f3_as_product   cstackBANK0  000083
___ftmul@sign            cstackBANK0  000087
___ftneg                 text16       0048F8
___ftneg@f1              cstackBANK0  00006B
___ftpack                text31       003C86
___ftpack@arg            cstackBANK0  00006B
___ftpack@exp            cstackBANK0  00006E
___ftpack@sign           cstackBANK0  00006F
___ftsub                 text14       0046D0
___ftsub@f1              cstackBANK0  0000A2
___ftsub@f2              cstackBANK0  0000A5
___fttol                 text28       003ADE
___fttol@exp1            cstackBANK0  0000A1
___fttol@f1              cstackBANK0  000093
___fttol@lval            cstackBANK0  00009D
___fttol@sign1           cstackBANK0  00009C
___heap_hi               (abs)        000000
___heap_lo               (abs)        000000
___inthi_sp              stack        000000
___intlo_sp              stack        000000
___lbdiv                 text8        004750
___lbdiv@counter         cstackBANK0  000071
___lbdiv@dividend        cstackBANK0  000070
___lbdiv@divisor         cstackBANK0  00006F
___lbdiv@quotient        cstackBANK0  000072
___lbmod                 text7        0048A2
___lbmod@counter         cstackBANK0  00006D
___lbmod@dividend        cstackBANK0  00006C
___lbmod@divisor         cstackBANK0  00006B
___lbmod@rem             cstackBANK0  00006E
___lldiv                 text13       00403A
___lldiv@counter         cstackBANK0  000077
___lldiv@dividend        cstackBANK0  00006B
___lldiv@divisor         cstackBANK0  00006F
___lldiv@quotient        cstackBANK0  000073
___llmod                 text12       004388
___llmod@counter         cstackBANK0  000080
___llmod@dividend        cstackBANK0  000078
___llmod@divisor         cstackBANK0  00007C
___lltoft                text27       004454
___lltoft@c              cstackBANK0  000073
___lltoft@exp            cstackBANK0  00007B
___param_bank            (abs)        000000
___rparam_used           (abs)        000001
___sp                    stack        000000
___wmul                  text34       00491E
___wmul@multiplicand     cstackBANK0  00007B
___wmul@multiplier       cstackBANK0  000079
___wmul@product          cstackBANK0  00007D
__accesstop              (abs)        000060
__activetblptr           (abs)        000002
__div_to_l_              text11       003542
__div_to_l_@cntr         cstackBANK0  000075
__div_to_l_@exp1         cstackBANK0  000076
__div_to_l_@f1           cstackBANK0  00006B
__div_to_l_@f2           cstackBANK0  00006E
__div_to_l_@quot         cstackBANK0  000071
__end_of_DataLCD         text36       004606
__end_of_LCD             text39       003E8E
__end_of_SettingsLCD     text32       004A2E
__end_of_TMR1_ISR        intcode      0003FE
__end_of_WriteLCD        text38       004A48
__end_of___awdiv         text35       003FB6
__end_of___awmod         text4        004318
__end_of___awtoft        text72       00483A
__end_of___ftadd         text15       003010
__end_of___ftdiv         text30       0039FA
__end_of___ftge          text29       004234
__end_of___ftmul         text9        00372C
__end_of___ftneg         text16       00491E
__end_of___ftpack        text31       003D34
__end_of___ftsub         text14       004710
__end_of___fttol         text28       003BB4
__end_of___lbdiv         text8        00478C
__end_of___lbmod         text7        0048CE
__end_of___lldiv         text13       0040BC
__end_of___llmod         text12       0043EE
__end_of___lltoft        text27       0044B0
__end_of___wmul          text34       004944
__end_of__div_to_l_      text11       003638
__end_of__initialization cinit        004894
__end_of__npowers_       smallconst   00104F
__end_of__powers_        smallconst   001028
__end_of__tdiv_to_l_     text10       003444
__end_of_dpowers         smallconst   001077
__end_of_fround          text6        002C8C
__end_of_isdigit         text5        0049B0
__end_of_main            text0        002AAC
__end_of_map             text33       00468E
__end_of_readI2C1        text20       00413E
__end_of_readyI2C        text26       004A88
__end_of_receiveI2C      text25       0047C8
__end_of_repeatedStart   text24       004ACA
__end_of_scale           text3        002444
__end_of_sendI2C         text23       004AA6
__end_of_setPWMFreq      text18       003346
__end_of_settings        text17       003ADE
__end_of_sprintf         text2        0018EA
__end_of_startI2C        text22       004AC2
__end_of_stopI2C         text21       004ABA
__end_of_strlen          text37       0049D2
__end_of_writeI2C        text1        0045C0
__end_of_writeI2C1       text19       004870
__end_ofi2_DataLCD       text68       00464C
__end_ofi2_LCD           text71       003F32
__end_ofi2_SettingsLCD   text67       004A5E
__end_ofi2_WriteLCD      text70       004A74
__end_ofi2___awdiv       text66       00403A
__end_ofi2___awmod       text48       004388
__end_ofi2___ftadd       text61       0031B8
__end_ofi2___ftge        text63       0042A8
__end_ofi2___ftmul       text53       003820
__end_ofi2___ftneg       text62       00498E
__end_ofi2___ftpack      text73       003DE2
__end_ofi2___ftsub       text60       004750
__end_ofi2___fttol       text59       003C86
__end_ofi2___lbdiv       text52       004802
__end_ofi2___lbmod       text51       0048F8
__end_ofi2___lldiv       text58       0041C0
__end_ofi2___llmod       text57       004454
__end_ofi2___lltoft      text56       004568
__end_ofi2___wmul        text65       00496A
__end_ofi2__div_to_l_    text55       003914
__end_ofi2__tdiv_to_l_   text54       003542
__end_ofi2_fround        text50       002E68
__end_ofi2_isdigit       text49       004A12
__end_ofi2_map           text64       0046D0
__end_ofi2_readyI2C      text45       004A9A
__end_ofi2_scale         text47       0027DC
__end_ofi2_sendI2C       text44       004AB2
__end_ofi2_sprintf       text46       0020A8
__end_ofi2_startI2C      text43       004ADA
__end_ofi2_stopI2C       text42       004AD2
__end_ofi2_strlen        text69       0049F4
__end_ofi2_writeI2C      text41       00450C
__initialization         cinit        004870
__mediumconst            mediumconst  000000
__npowers_               smallconst   001028
__pbssBANK0              bssBANK0     0000B5
__pcinit                 cinit        004870
__pcstackBANK0           cstackBANK0  000060
__pcstackBANK1           cstackBANK1  000100
__pcstackCOMRAM          cstackCOMRAM 000001
__pdataBANK0             dataBANK0    0000E4
__pidataBANK0            idataBANK0   004ADA
__pintcode               intcode      000008
__powers_                smallconst   001001
__psmallconst            smallconst   001000
__ptext0                 text0        0027DC
__ptext1                 text1        004568
__ptext10                text10       003346
__ptext11                text11       003542
__ptext12                text12       004388
__ptext13                text13       00403A
__ptext14                text14       0046D0
__ptext15                text15       002E68
__ptext16                text16       0048F8
__ptext17                text17       0039FA
__ptext18                text18       0031B8
__ptext19                text19       00483A
__ptext2                 text2        0010A2
__ptext20                text20       0040BC
__ptext21                text21       004AB2
__ptext22                text22       004ABA
__ptext23                text23       004A9A
__ptext24                text24       004AC2
__ptext25                text25       00478C
__ptext26                text26       004A74
__ptext27                text27       004454
__ptext28                text28       003ADE
__ptext29                text29       0041C0
__ptext3                 text3        0020A8
__ptext30                text30       003914
__ptext31                text31       003C86
__ptext32                text32       004A12
__ptext33                text33       00464C
__ptext34                text34       00491E
__ptext35                text35       003F32
__ptext36                text36       0045C0
__ptext37                text37       0049B0
__ptext38                text38       004A2E
__ptext39                text39       003DE2
__ptext4                 text4        0042A8
__ptext41                text41       0044B0
__ptext42                text42       004ACA
__ptext43                text43       004AD2
__ptext44                text44       004AA6
__ptext45                text45       004A88
__ptext46                text46       0018EA
__ptext47                text47       002444
__ptext48                text48       004318
__ptext49                text49       0049F4
__ptext5                 text5        00498E
__ptext50                text50       002C8C
__ptext51                text51       0048CE
__ptext52                text52       0047C8
__ptext53                text53       00372C
__ptext54                text54       003444
__ptext55                text55       003820
__ptext56                text56       00450C
__ptext57                text57       0043EE
__ptext58                text58       00413E
__ptext59                text59       003BB4
__ptext6                 text6        002AAC
__ptext60                text60       004710
__ptext61                text61       003010
__ptext62                text62       00496A
__ptext63                text63       004234
__ptext64                text64       00468E
__ptext65                text65       004944
__ptext66                text66       003FB6
__ptext67                text67       004A48
__ptext68                text68       004606
__ptext69                text69       0049D2
__ptext7                 text7        0048A2
__ptext70                text70       004A5E
__ptext71                text71       003E8E
__ptext72                text72       004802
__ptext73                text73       003D34
__ptext8                 text8        004750
__ptext9                 text9        003638
__ramtop                 ramtop       001000
__smallconst             smallconst   001000
__tdiv_to_l_             text10       003346
__tdiv_to_l_@cntr        cstackBANK0  000078
__tdiv_to_l_@exp1        cstackBANK0  000079
__tdiv_to_l_@f1          cstackBANK0  00006B
__tdiv_to_l_@f2          cstackBANK0  00006E
__tdiv_to_l_@quot        cstackBANK0  000074
_a                       bssBANK0     0000BB
_b                       bssBANK0     0000B8
_c                       bssBANK0     0000B5
_confir                  bssBANK0     0000C6
_data1                   bssBANK0     0000CA
_data2                   bssBANK0     0000E0
_dpowers                 smallconst   00104F
_flag                    dataBANK0    0000E4
_fround                  text6        002AAC
_fround$1121             cstackBANK0  000092
_fround$1122             cstackBANK0  00008F
_i                       bssBANK0     0000C8
_inter                   bssBANK0     0000BE
_isdigit                 text5        00498E
_isdigit$930             cstackBANK0  00006C
_led                     bssBANK0     0000C0
_main                    text0        0027DC
_map                     text33       00464C
_pos                     bssBANK0     0000C4
_readI2C1                text20       0040BC
_readyI2C                text26       004A74
_receiveI2C              text25       00478C
_repeatedStart           text24       004AC2
_scale                   text3        0020A8
_scale$1123              cstackBANK0  00008F
_sendI2C                 text23       004A9A
_servo                   bssBANK0     0000CB
_setPWMFreq              text18       0031B8
_settings                text17       0039FA
_sprintf                 text2        0010A2
_sprintf$1124            cstackBANK1  000100
_startI2C                text22       004ABA
_stopI2C                 text21       004AB2
_strlen                  text37       0049B0
_text                    bssBANK0     0000CC
_writeI2C                text1        004568
_writeI2C1               text19       00483A
btemp                    temp         00005F
end_of_initialization    cinit        004894
fround@prec              cstackBANK0  000095
i2LCD@data               cstackCOMRAM 000002
i2SettingsLCD@word       cstackCOMRAM 000003
i2WriteLCD@word          cstackCOMRAM 000003
i2_DataLCD               text68       004606
i2_LCD                   text71       003E8E
i2_SettingsLCD           text67       004A48
i2_WriteLCD              text70       004A5E
i2___awdiv               text66       003FB6
i2___awdiv@counter       cstackCOMRAM 00000B
i2___awdiv@dividend      cstackCOMRAM 000007
i2___awdiv@divisor       cstackCOMRAM 000009
i2___awdiv@quotient      cstackCOMRAM 00000D
i2___awdiv@sign          cstackCOMRAM 00000C
i2___awmod               text48       004318
i2___awmod@counter       cstackCOMRAM 000005
i2___awmod@dividend      cstackCOMRAM 000001
i2___awmod@divisor       cstackCOMRAM 000003
i2___awmod@sign          cstackCOMRAM 000006
i2___ftadd               text61       003010
i2___ftadd@exp1          cstackCOMRAM 000037
i2___ftadd@exp2          cstackCOMRAM 000036
i2___ftadd@f1            cstackCOMRAM 00002C
i2___ftadd@f2            cstackCOMRAM 00002F
i2___ftadd@sign          cstackCOMRAM 000035
i2___ftge                text63       004234
i2___ftge@ff1            cstackCOMRAM 000001
i2___ftge@ff2            cstackCOMRAM 000004
i2___ftmul               text53       00372C
i2___ftmul@cntr          cstackCOMRAM 00001C
i2___ftmul@exp           cstackCOMRAM 000018
i2___ftmul@f1            cstackCOMRAM 00000F
i2___ftmul@f2            cstackCOMRAM 000012
i2___ftmul@f3_as_product cstackCOMRAM 000019
i2___ftmul@sign          cstackCOMRAM 00001D
i2___ftneg               text62       00496A
i2___ftneg@f1            cstackCOMRAM 000001
i2___ftpack              text73       003D34
i2___ftpack@arg          cstackCOMRAM 000001
i2___ftpack@exp          cstackCOMRAM 000004
i2___ftpack@sign         cstackCOMRAM 000005
i2___ftsub               text60       004710
i2___ftsub@f1            cstackCOMRAM 000038
i2___ftsub@f2            cstackCOMRAM 00003B
i2___fttol               text59       003BB4
i2___fttol@exp1          cstackCOMRAM 00002C
i2___fttol@f1            cstackCOMRAM 00001E
i2___fttol@lval          cstackCOMRAM 000028
i2___fttol@sign1         cstackCOMRAM 000027
i2___lbdiv               text52       0047C8
i2___lbdiv@counter       cstackCOMRAM 000007
i2___lbdiv@dividend      cstackCOMRAM 000006
i2___lbdiv@divisor       cstackCOMRAM 000005
i2___lbdiv@quotient      cstackCOMRAM 000008
i2___lbmod               text51       0048CE
i2___lbmod@counter       cstackCOMRAM 000003
i2___lbmod@dividend      cstackCOMRAM 000002
i2___lbmod@divisor       cstackCOMRAM 000001
i2___lbmod@rem           cstackCOMRAM 000004
i2___lldiv               text58       00413E
i2___lldiv@counter       cstackCOMRAM 00000D
i2___lldiv@dividend      cstackCOMRAM 000001
i2___lldiv@divisor       cstackCOMRAM 000005
i2___lldiv@quotient      cstackCOMRAM 000009
i2___llmod               text57       0043EE
i2___llmod@counter       cstackCOMRAM 000016
i2___llmod@dividend      cstackCOMRAM 00000E
i2___llmod@divisor       cstackCOMRAM 000012
i2___lltoft              text56       00450C
i2___lltoft@c            cstackCOMRAM 000009
i2___lltoft@exp          cstackCOMRAM 000011
i2___wmul                text65       004944
i2___wmul@multiplicand   cstackCOMRAM 000011
i2___wmul@multiplier     cstackCOMRAM 00000F
i2___wmul@product        cstackCOMRAM 000013
i2__div_to_l_            text55       003820
i2__div_to_l_@cntr       cstackCOMRAM 00000B
i2__div_to_l_@exp1       cstackCOMRAM 00000C
i2__div_to_l_@f1         cstackCOMRAM 000001
i2__div_to_l_@f2         cstackCOMRAM 000004
i2__div_to_l_@quot       cstackCOMRAM 000007
i2__tdiv_to_l_           text54       003444
i2__tdiv_to_l_@cntr      cstackCOMRAM 00000E
i2__tdiv_to_l_@exp1      cstackCOMRAM 00000F
i2__tdiv_to_l_@f1        cstackCOMRAM 000001
i2__tdiv_to_l_@f2        cstackCOMRAM 000004
i2__tdiv_to_l_@quot      cstackCOMRAM 00000A
i2_fround                text50       002C8C
i2_fround$1353           cstackCOMRAM 000028
i2_fround$1354           cstackCOMRAM 000025
i2_isdigit               text49       0049F4
i2_isdigit$930           cstackCOMRAM 000002
i2_map                   text64       00468E
i2_readyI2C              text45       004A88
i2_scale                 text47       002444
i2_scale$1355            cstackCOMRAM 000025
i2_sendI2C               text44       004AA6
i2_sprintf               text46       0018EA
i2_sprintf$1356          cstackCOMRAM 000049
i2_startI2C              text43       004AD2
i2_stopI2C               text42       004ACA
i2_strlen                text69       0049D2
i2_writeI2C              text41       0044B0
i2fround@prec            cstackCOMRAM 00002B
i2isdigit@c              cstackCOMRAM 000003
i2map@In_Max             cstackCOMRAM 000031
i2map@In_Min             cstackCOMRAM 00002F
i2map@Out_Max            cstackCOMRAM 000035
i2map@Out_Min            cstackCOMRAM 000033
i2map@x                  cstackCOMRAM 00002D
i2scale@scl              cstackCOMRAM 000028
i2sendI2C@data           cstackCOMRAM 000002
i2sprintf@ap             cstackCOMRAM 00004C
i2sprintf@c              cstackCOMRAM 00005E
i2sprintf@eexp           cstackCOMRAM 00004F
i2sprintf@f              cstackCOMRAM 00003F
i2sprintf@flag           cstackCOMRAM 00004D
i2sprintf@fval           cstackCOMRAM 00005B
i2sprintf@prec           cstackCOMRAM 000059
i2sprintf@sp             cstackCOMRAM 00003E
i2sprintf@tmpval         cstackCOMRAM 000051
i2sprintf@val            cstackCOMRAM 000055
i2strlen@cp              cstackCOMRAM 000003
i2strlen@s               cstackCOMRAM 000001
i2writeI2C@Address       cstackCOMRAM 000009
i2writeI2C@Data          cstackCOMRAM 000004
i2writeI2C@Register      cstackCOMRAM 000003
i2writeI2C@bytes         cstackCOMRAM 000005
int$flags                temp         00005F
intlevel0                text         000000
intlevel1                text         000000
intlevel2                text         000000
intlevel3                text         000000
isa$std                  (abs)        000001
isa$xinst                (abs)        000000
isdigit@c                cstackBANK0  00006D
map@In_Max               cstackBANK0  0000A6
map@In_Min               cstackBANK0  0000A4
map@Out_Max              cstackBANK0  0000AA
map@Out_Min              cstackBANK0  0000A8
map@x                    cstackBANK0  0000A2
readI2C1@Address         cstackBANK0  000075
readI2C1@Data            cstackBANK0  000070
readI2C1@Register        cstackBANK0  00006F
readI2C1@bytes           cstackBANK0  000071
receiveI2C@buffer        cstackBANK0  00006E
receiveI2C@flag          cstackBANK0  00006D
scale@scl                cstackBANK0  000092
sendI2C@data             cstackBANK0  00006C
setPWMFreq@freq          cstackBANK0  0000A2
setPWMFreq@prescale      cstackBANK0  0000A6
setPWMFreq@prescaleval   cstackBANK0  0000A7
sprintf@ap               cstackBANK1  000103
sprintf@c                cstackBANK1  000115
sprintf@eexp             cstackBANK1  000106
sprintf@f                cstackBANK0  0000A9
sprintf@flag             cstackBANK1  000104
sprintf@fval             cstackBANK1  000112
sprintf@prec             cstackBANK1  000110
sprintf@sp               cstackBANK0  0000A8
sprintf@tmpval           cstackBANK1  000108
sprintf@val              cstackBANK1  00010C
stackhi                  (abs)        000000
stacklo                  (abs)        000000
start                    init         0003FE
start_initialization     cinit        004870
strlen@cp                cstackBANK0  00006D
strlen@s                 cstackBANK0  00006B
ttemp5                   temp         000060
ttemp6                   temp         000063
ttemp7                   temp         000067
writeI2C1@Address        cstackBANK0  000071
writeI2C1@Data           cstackBANK0  00006E
writeI2C1@Register       cstackBANK0  00006D
writeI2C@Address         cstackBANK0  000073
writeI2C@Data            cstackBANK0  00006E
writeI2C@Register        cstackBANK0  00006D
writeI2C@bytes           cstackBANK0  00006F
wtemp8                   temp         000060


MODULE INFORMATION

Module		Function		Class		Link	Load	Size
C:\Program Files\Microchip\xc8\v2.36\pic\sources\c90\common\ftsub.c
		___ftsub       		CODE           	46D0	0000	64

C:\Program Files\Microchip\xc8\v2.36\pic\sources\c90\common\ftsub.c estimated size: 64

C:\Program Files\Microchip\xc8\v2.36\pic\sources\c90\common\doprnt.c
		_scale         		CODE           	20A8	0000	924
		_sprintf       		CODE           	10A2	0000	2120
		_fround        		CODE           	2AAC	0000	480

C:\Program Files\Microchip\xc8\v2.36\pic\sources\c90\common\doprnt.c estimated size: 3524

C:\Program Files\Microchip\xc8\v2.36\pic\sources\c90\common\float.c
		___ftpack      		CODE           	3C86	0000	174

C:\Program Files\Microchip\xc8\v2.36\pic\sources\c90\common\float.c estimated size: 174

C:\Program Files\Microchip\xc8\v2.36\pic\sources\c90\common\lltoft.c
		___lltoft      		CODE           	4454	0000	92

C:\Program Files\Microchip\xc8\v2.36\pic\sources\c90\common\lltoft.c estimated size: 92

C:\Program Files\Microchip\xc8\v2.36\pic\sources\c90\common\awmod.c
		___awmod       		CODE           	42A8	0000	112

C:\Program Files\Microchip\xc8\v2.36\pic\sources\c90\common\awmod.c estimated size: 112

C:\Program Files\Microchip\xc8\v2.36\pic\sources\c90\common\ftge.c
		___ftge        		CODE           	41C0	0000	116

C:\Program Files\Microchip\xc8\v2.36\pic\sources\c90\common\ftge.c estimated size: 116

C:\Program Files\Microchip\xc8\v2.36\pic\sources\c90\common\llmod.c
		___llmod       		CODE           	4388	0000	102

C:\Program Files\Microchip\xc8\v2.36\pic\sources\c90\common\llmod.c estimated size: 102

BORRAR.c
		_stopI2C       		CODE           	4AB2	0000	8
		_readI2C1      		CODE           	40BC	0000	130
		_DataLCD       		CODE           	45C0	0000	70
		_map           		CODE           	464C	0000	66
		_writeI2C      		CODE           	4568	0000	88
		_writeI2C1     		CODE           	483A	0000	54
		_repeatedStart 		CODE           	4AC2	0000	8
		_settings      		CODE           	39FA	0000	228
		_startI2C      		CODE           	4ABA	0000	8
		_LCD           		CODE           	3DE2	0000	172
		_main          		CODE           	27DC	0000	720
		_receiveI2C    		CODE           	478C	0000	60
		_WriteLCD      		CODE           	4A2E	0000	26
		_readyI2C      		CODE           	4A74	0000	20
		_sendI2C       		CODE           	4A9A	0000	12
		_SettingsLCD   		CODE           	4A12	0000	28
		_TMR1_ISR      		CODE           	0008	0000	1014
		_setPWMFreq    		CODE           	31B8	0000	398

BORRAR.c estimated size: 3110

C:\Program Files\Microchip\xc8\v2.36\pic\sources\c90\common\ftdivl.c
		__tdiv_to_l_   		CODE           	3346	0000	254

C:\Program Files\Microchip\xc8\v2.36\pic\sources\c90\common\ftdivl.c estimated size: 254

C:\Program Files\Microchip\xc8\v2.36\pic\sources\c90\common\ftmul.c
		___ftmul       		CODE           	3638	0000	244

C:\Program Files\Microchip\xc8\v2.36\pic\sources\c90\common\ftmul.c estimated size: 244

C:\Program Files\Microchip\xc8\v2.36\pic\sources\c90\common\Umul16.c
		___wmul        		CODE           	491E	0000	38

C:\Program Files\Microchip\xc8\v2.36\pic\sources\c90\common\Umul16.c estimated size: 38

C:\Program Files\Microchip\xc8\v2.36\pic\sources\c90\common\ftdiv.c
		___ftdiv       		CODE           	3914	0000	230

C:\Program Files\Microchip\xc8\v2.36\pic\sources\c90\common\ftdiv.c estimated size: 230

C:\Program Files\Microchip\xc8\v2.36\pic\sources\c90\common\fldivl.c
		__div_to_l_    		CODE           	3542	0000	246

C:\Program Files\Microchip\xc8\v2.36\pic\sources\c90\common\fldivl.c estimated size: 246

C:\Program Files\Microchip\xc8\v2.36\pic\sources\c90\common\awdiv.c
		___awdiv       		CODE           	3F32	0000	132

C:\Program Files\Microchip\xc8\v2.36\pic\sources\c90\common\awdiv.c estimated size: 132

C:\Program Files\Microchip\xc8\v2.36\pic\sources\c90\common\__lldiv.c
		___lldiv       		CODE           	403A	0000	130

C:\Program Files\Microchip\xc8\v2.36\pic\sources\c90\common\__lldiv.c estimated size: 130

C:\Program Files\Microchip\xc8\v2.36\pic\sources\c90\common\lbmod.c
		___lbmod       		CODE           	48A2	0000	44

C:\Program Files\Microchip\xc8\v2.36\pic\sources\c90\common\lbmod.c estimated size: 44

C:\Program Files\Microchip\xc8\v2.36\pic\sources\c90\common\fttol.c
		___fttol       		CODE           	3ADE	0000	214

C:\Program Files\Microchip\xc8\v2.36\pic\sources\c90\common\fttol.c estimated size: 214

shared
		i2___lbdiv     		CODE           	47C8	0000	58
		i2_writeI2C    		CODE           	44B0	0000	92
		i2___ftneg     		CODE           	496A	0000	36
		i2___ftadd     		CODE           	3010	0000	424
		i2_SettingsLCD 		CODE           	4A48	0000	22
		__powers_      		SMALLCONST     	1001	0000	39
		i2___fttol     		CODE           	3BB4	0000	210
		i2___lbmod     		CODE           	48CE	0000	42
		_dpowers       		SMALLCONST     	104F	0000	40
		i2___ftge      		CODE           	4234	0000	116
		i2_isdigit     		CODE           	49F4	0000	30
		i2_startI2C    		CODE           	4AD2	0000	8
		i2___awdiv     		CODE           	3FB6	0000	132
		i2__tdiv_to_l_ 		CODE           	3444	0000	254
		i2___ftmul     		CODE           	372C	0000	244
		i2___wmul      		CODE           	4944	0000	38
		i2_LCD         		CODE           	3E8E	0000	164
		i2__div_to_l_  		CODE           	3820	0000	244
		__npowers_     		SMALLCONST     	1028	0000	39
		i2_stopI2C     		CODE           	4ACA	0000	8
		i2___ftpack    		CODE           	3D34	0000	174
		i2_scale       		CODE           	2444	0000	920
		i2___lldiv     		CODE           	413E	0000	130
		__initialization		CODE           	4870	0000	36
		i2___lltoft    		CODE           	450C	0000	92
		i2___ftsub     		CODE           	4710	0000	64
		i2___awmod     		CODE           	4318	0000	112
		i2_DataLCD     		CODE           	4606	0000	70
		i2_readyI2C    		CODE           	4A88	0000	18
		i2___llmod     		CODE           	43EE	0000	102
		i2_sprintf     		CODE           	18EA	0000	1982
		i2_WriteLCD    		CODE           	4A5E	0000	22
		i2_strlen      		CODE           	49D2	0000	34
		i2_sendI2C     		CODE           	4AA6	0000	12
		i2_fround      		CODE           	2C8C	0000	476
		i2_map         		CODE           	468E	0000	66

shared estimated size: 6550

C:\Program Files\Microchip\xc8\v2.36\pic\sources\c90\common\ftadd.c
		___ftadd       		CODE           	2E68	0000	424

C:\Program Files\Microchip\xc8\v2.36\pic\sources\c90\common\ftadd.c estimated size: 424

C:\Program Files\Microchip\xc8\v2.36\pic\sources\c90\common\strlen.c
		_strlen        		CODE           	49B0	0000	34

C:\Program Files\Microchip\xc8\v2.36\pic\sources\c90\common\strlen.c estimated size: 34

C:\Program Files\Microchip\xc8\v2.36\pic\sources\c90\common\isdigit.c
		_isdigit       		CODE           	498E	0000	34

C:\Program Files\Microchip\xc8\v2.36\pic\sources\c90\common\isdigit.c estimated size: 34

C:\Program Files\Microchip\xc8\v2.36\pic\sources\c90\common\lbdiv.c
		___lbdiv       		CODE           	4750	0000	60

C:\Program Files\Microchip\xc8\v2.36\pic\sources\c90\common\lbdiv.c estimated size: 60

C:\Program Files\Microchip\xc8\v2.36\pic\sources\c90\common\awtoft.c
		___awtoft      		CODE           	4802	0000	56

C:\Program Files\Microchip\xc8\v2.36\pic\sources\c90\common\awtoft.c estimated size: 56

C:\Program Files\Microchip\xc8\v2.36\pic\sources\c90\common\ftneg.c
		___ftneg       		CODE           	48F8	0000	38

C:\Program Files\Microchip\xc8\v2.36\pic\sources\c90\common\ftneg.c estimated size: 38

