Microchip MPLAB XC8 Compiler V2.36

Linker command line:

-W-3 --edf=C:\Program Files\Microchip\xc8\v2.36\pic\dat\en_msgs.txt -cn \
  -h+dist/default/production\PIC18F46K22_PCA9685_ROBOR_2R.X.production.sym \
  --cmf=dist/default/production\PIC18F46K22_PCA9685_ROBOR_2R.X.production.cmf \
  -z -Q18F46K22 -oC:\Users\HP\AppData\Local\Temp\xcAs2qo.4 \
  -Mdist/default/production/PIC18F46K22_PCA9685_ROBOR_2R.X.production.map \
  --md=C:\Users\HP\AppData\Local\Temp\xcAs2qo.dat -E1 -ver=XC8 Compiler \
  -ACODE=00h-0FFFFh -ACONST=00h-0FFFFh -ASMALLCONST=01000h-010FFhx240 \
  -AMEDIUMCONST=01000h-0FFFFh -ACOMRAM=01h-05Fh -AABS1=00h-0F37h \
  -ABIGRAM=01h-0F37h -ARAM=060h-0FFh,0100h-01FFhx14,0F00h-0F37h \
  -ABANK0=060h-0FFh -ABANK1=0100h-01FFh -ABANK2=0200h-02FFh \
  -ABANK3=0300h-03FFh -ABANK4=0400h-04FFh -ABANK5=0500h-05FFh \
  -ABANK6=0600h-06FFh -ABANK7=0700h-07FFh -ABANK8=0800h-08FFh \
  -ABANK9=0900h-09FFh -ABANK10=0A00h-0AFFh -ABANK11=0B00h-0BFFh \
  -ABANK12=0C00h-0CFFh -ABANK13=0D00h-0DFFh -ABANK14=0E00h-0EFFh \
  -ABANK15=0F00h-0F37h -ASFR=0F38h-0F5Fh,0F60h-0FFFh -ABIGSFR=0F38h-0FFFh \
  -ACONFIG=0300000h-030000Dh -AIDLOC=0200000h-0200007h \
  -AEEDATA=0F00000h-0F003FFh -peeprom_data=EEDATA \
  -preset_vec=00h,intcode=08h,intcodelo,powerup,init -pramtop=01000h \
  -psmallconst=SMALLCONST -pmediumconst=MEDIUMCONST -pconst=CONST \
  -AFARRAM=00h-00h \
  -prdata=COMRAM,nvrram=COMRAM,nvbit=COMRAM,rbss=COMRAM,rbit=COMRAM \
  -pfarbss=FARRAM,fardata=FARRAM,nvFARRAM=FARRAM \
  -pintsave_regs=BIGRAM,bigbss=BIGRAM,bigdata=BIGRAM -pbss=RAM \
  -pidata=CODE,irdata=CODE,ibigdata=CODE,ifardata=CODE -prparam=COMRAM \
  C:\Users\HP\AppData\Local\Temp\xcAs2qo.obj \
  dist/default/production\PIC18F46K22_PCA9685_ROBOR_2R.X.production.obj 

Object code version is 3.11

Machine type is 18F46K22



                Name                               Link     Load   Length Selector   Space Scale
C:\Users\HP\AppData\Local\Temp\xcAs2qo.obj
                idloc                            200000   200000        8        0       5
                config                           300000   300000        E        0       4
                init                                3B8      3B8        4        4       0
                reset_vec                             0        0        4        0       0
dist/default/production\PIC18F46K22_PCA9685_ROBOR_2R.X.production.obj
                intcode                               8        8      3B0        4       0
                idloc                            200000   200000        8        0       5
                config                           300000   300000        E        0       4
                temp                                 5F       5F        1        1       1
                smallconst                         1000     1000       92      800       0
                text51                             2838     2838       A4      849       0
                text50                             2FB2     2FB2       16      849       0
                text49                             2F22     2F22       22      849       0
                text48                             2CC2     2CC2       46      849       0
                text47                             26DE     26DE       AE      849       0
                text46                             2E44     2E44       38      849       0
                text45                             28DC     28DC       84      849       0
                text44                             2ED8     2ED8       26      849       0
                text43                             2D4C     2D4C       42      849       0
                text42                             2EFE     2EFE       24      849       0
                text41                             1CBA     1CBA      1A8      849       0
                text40                             2D8E     2D8E       40      849       0
                text39                             2960     2960       82      849       0
                text38                             2BA4     2BA4       66      849       0
                text37                             21DC     21DC       F4      849       0
                text36                             1FEA     1FEA       FE      849       0
                text35                             20E8     20E8       F4      849       0
                text34                             2E0A     2E0A       3A      849       0
                text33                             2EAE     2EAE       2A      849       0
                text32                             1ADE     1ADE      1DC      849       0
                text31                             2F62     2F62       1E      849       0
                text30                             2ACA     2ACA       70      849       0
                text29                             1746     1746      398      849       0
                text28                             2A56     2A56       74      849       0
                text27                             255E     255E       D2      849       0
                text26                             2C66     2C66       5C      849       0
                text25                             1092     1092      6B4      849       0
                text24                             2FDC     2FDC       12      849       0
                text23                             2FFA     2FFA        C      849       0
                text22                             3026     3026        8      849       0
                text21                             301E     301E        8      849       0
                text20                             2D08     2D08       44      849       0
                text19                             2F9C     2F9C       16      849       0
                text17                             278C     278C       AC      849       0
                text16                             2F80     2F80       1C      849       0
                text15                             2630     2630       AE      849       0
                text14                             22D0     22D0       E6      849       0
                text13                             29E2     29E2       74      849       0
                text12                             248A     248A       D4      849       0
                text11                             2C0A     2C0A       5C      849       0
                text10                             2FC8     2FC8       14      849       0
                text9                              2DCE     2DCE       3C      849       0
                text8                              3016     3016        8      849       0
                text7                              2FEE     2FEE        C      849       0
                text6                              300E     300E        8      849       0
                text5                              3006     3006        8      849       0
                text4                              2B3A     2B3A       6A      849       0
                text3                              2F44     2F44       1E      849       0
                text2                              1E62     1E62      188      849       0
                text1                              23B6     23B6       D4      849       0
                text0                              302E     302E        6      849       0
                cstackCOMRAM                          1        1       5E        1       1
                cstackBANK0                          60       60       43       60       1
                dataBANK0                            D6       D6        2       60       1
                bssBANK0                             A3       A3       33       60       1
                cinit                              2E7C     2E7C       32      849       0
                idataBANK0                         3034     3034        2      849       0

TOTAL           Name                               Link     Load   Length     Space
        CLASS   CODE           
                intcode                               8        8      3B0         0
                init                                3B8      3B8        4         0
                reset_vec                             0        0        4         0
                text51                             2838     2838       A4         0
                text50                             2FB2     2FB2       16         0
                text49                             2F22     2F22       22         0
                text48                             2CC2     2CC2       46         0
                text47                             26DE     26DE       AE         0
                text46                             2E44     2E44       38         0
                text45                             28DC     28DC       84         0
                text44                             2ED8     2ED8       26         0
                text43                             2D4C     2D4C       42         0
                text42                             2EFE     2EFE       24         0
                text41                             1CBA     1CBA      1A8         0
                text40                             2D8E     2D8E       40         0
                text39                             2960     2960       82         0
                text38                             2BA4     2BA4       66         0
                text37                             21DC     21DC       F4         0
                text36                             1FEA     1FEA       FE         0
                text35                             20E8     20E8       F4         0
                text34                             2E0A     2E0A       3A         0
                text33                             2EAE     2EAE       2A         0
                text32                             1ADE     1ADE      1DC         0
                text31                             2F62     2F62       1E         0
                text30                             2ACA     2ACA       70         0
                text29                             1746     1746      398         0
                text28                             2A56     2A56       74         0
                text27                             255E     255E       D2         0
                text26                             2C66     2C66       5C         0
                text25                             1092     1092      6B4         0
                text24                             2FDC     2FDC       12         0
                text23                             2FFA     2FFA        C         0
                text22                             3026     3026        8         0
                text21                             301E     301E        8         0
                text20                             2D08     2D08       44         0
                text19                             2F9C     2F9C       16         0
                text17                             278C     278C       AC         0
                text16                             2F80     2F80       1C         0
                text15                             2630     2630       AE         0
                text14                             22D0     22D0       E6         0
                text13                             29E2     29E2       74         0
                text12                             248A     248A       D4         0
                text11                             2C0A     2C0A       5C         0
                text10                             2FC8     2FC8       14         0
                text9                              2DCE     2DCE       3C         0
                text8                              3016     3016        8         0
                text7                              2FEE     2FEE        C         0
                text6                              300E     300E        8         0
                text5                              3006     3006        8         0
                text4                              2B3A     2B3A       6A         0
                text3                              2F44     2F44       1E         0
                text2                              1E62     1E62      188         0
                text1                              23B6     23B6       D4         0
                text0                              302E     302E        6         0
                cinit                              2E7C     2E7C       32         0
                idataBANK0                         3034     3034        2         0

        CLASS   CONST          

        CLASS   SMALLCONST     
                smallconst                         1000     1000       92         0

        CLASS   MEDIUMCONST    

        CLASS   COMRAM         
                temp                                 5F       5F        1         1
                cstackCOMRAM                          1        1       5E         1

        CLASS   ABS1           

        CLASS   BIGRAM         

        CLASS   RAM            

        CLASS   BANK0          
                cstackBANK0                          60       60       43         1
                dataBANK0                            D6       D6        2         1
                bssBANK0                             A3       A3       33         1

        CLASS   BANK1          

        CLASS   BANK2          

        CLASS   BANK3          

        CLASS   BANK4          

        CLASS   BANK5          

        CLASS   BANK6          

        CLASS   BANK7          

        CLASS   BANK8          

        CLASS   BANK9          

        CLASS   BANK10         

        CLASS   BANK11         

        CLASS   BANK12         

        CLASS   BANK13         

        CLASS   BANK14         

        CLASS   BANK15         

        CLASS   SFR            

        CLASS   BIGSFR         

        CLASS   CONFIG         
                config                           300000   300000        E         4

        CLASS   IDLOC          
                idloc                            200000   200000        8         5

        CLASS   EEDATA         

        CLASS   FARRAM         

        CLASS   HEAP           

        CLASS   STACK          



SEGMENTS        Name                           Load    Length   Top    Selector   Space  Class

                reset_vec                      000000  000004  000004         0       0  CODE    
                cstackCOMRAM                   000001  00005F  000060         1       1  COMRAM  
                intcode                        000008  0003B4  0003BC         4       0  CODE    
                cstackBANK0                    000060  000078  0000D8        60       1  BANK0   
                smallconst                     001000  000092  001092       800       0  SMALLCON
                text25                         001092  001FA4  003036       849       0  CODE    


UNUSED ADDRESS RANGES

        Name                Unused          Largest block    Delta
        BANK0            0000D8-0000FF               28
        BANK1            000100-0001FF              100
        BANK10           000A00-000AFF              100
        BANK11           000B00-000BFF              100
        BANK12           000C00-000CFF              100
        BANK13           000D00-000DFF              100
        BANK14           000E00-000EFF              100
        BANK15           000F00-000F37               38
        BANK2            000200-0002FF              100
        BANK3            000300-0003FF              100
        BANK4            000400-0004FF              100
        BANK5            000500-0005FF              100
        BANK6            000600-0006FF              100
        BANK7            000700-0007FF              100
        BANK8            000800-0008FF              100
        BANK9            000900-0009FF              100
        BIGRAM           0000D8-000F37              E60
        BIGSFR           000F38-000FFF               C8
        CODE             000004-000007                4
                         0003BC-000FFF              C44
                         003036-00FFFF             CFCA
        CONST            000004-000007                4
                         0003BC-000FFF              C44
                         003036-00FFFF             CFCA
        EEDATA           F00000-F003FF              400
        MEDIUMCONST      003036-00FFFF             CFCA
        RAM              0000D8-000F37              100
        SFR              000F38-000FFF               28
        SMALLCONST       003036-00FFFF              100

                                  Symbol Table

?___awdiv                cstackCOMRAM 000007
?___awmod                cstackCOMRAM 000001
?___awtoft               cstackCOMRAM 000009
?___ftadd                cstackCOMRAM 00002C
?___ftdiv                cstackBANK0  00007A
?___ftmul                cstackCOMRAM 00000F
?___ftneg                cstackCOMRAM 000001
?___ftpack               cstackBANK0  000069
?___ftsub                cstackCOMRAM 000038
?___fttol                cstackBANK0  000089
?___lldiv                cstackCOMRAM 000001
?___llmod                cstackCOMRAM 000001
?___lltoft               cstackBANK0  000071
?___wmul                 cstackCOMRAM 00000F
?__div_to_l_             cstackCOMRAM 000001
?__tdiv_to_l_            cstackCOMRAM 000001
?_fround                 cstackCOMRAM 00001E
?_map                    cstackCOMRAM 000038
?_scale                  cstackCOMRAM 00001E
?_sprintf                cstackCOMRAM 00003E
?_strlen                 cstackCOMRAM 000001
?i2___ftpack             cstackCOMRAM 000001
?i2___fttol              cstackCOMRAM 000029
?i2___lltoft             cstackCOMRAM 000009
LCD@data                 cstackBANK0  00006A
SettingsLCD@word         cstackBANK0  00006B
TMR1_ISR@d               cstackBANK0  000068
WriteLCD@word            cstackCOMRAM 000003
_ANSELC                  (abs)        000F3A
_ANSELD                  (abs)        000F3B
_ANSELE                  (abs)        000F3C
_DataLCD                 text48       002CC2
_DriverPin1              bssBANK0     0000B0
_DriverPin2              bssBANK0     0000AE
_GIE                     (abs)        007F97
_LATD                    (abs)        000F8C
_LATD6                   (abs)        007C66
_LATD7                   (abs)        007C67
_LATDbits                (abs)        000F8C
_LATE                    (abs)        000F8D
_LATEbits                (abs)        000F8D
_LCD                     text17       00278C
_OSCCON                  (abs)        000FD3
_PEIE                    (abs)        007F96
_RC1IE                   (abs)        007CED
_RC1IF                   (abs)        007CF5
_RCREG1                  (abs)        000FAE
_RCSTA1                  (abs)        000FAB
_SPBRG1                  (abs)        000FAF
_SSP1ADD                 (abs)        000FC8
_SSP1BUF                 (abs)        000FC9
_SSP1CON1                (abs)        000FC6
_SSP1CON2                (abs)        000FC5
_SSP1CON2bits            (abs)        000FC5
_SSP1CON3                (abs)        000FCB
_SSP1STAT                (abs)        000FC7
_SettingsLCD             text16       002F80
_TMR1_ISR                intcode      000008
_TRISCbits               (abs)        000F94
_TRISD                   (abs)        000F95
_TRISE                   (abs)        000F96
_TXSTA1                  (abs)        000FAC
_WriteLCD                text50       002FB2
__HRAM                   (abs)        000000
__Habs1                  abs1         000000
__Hbank0                 bank0        000000
__Hbank1                 bank1        000000
__Hbank10                bank10       000000
__Hbank11                bank11       000000
__Hbank12                bank12       000000
__Hbank13                bank13       000000
__Hbank14                bank14       000000
__Hbank15                bank15       000000
__Hbank2                 bank2        000000
__Hbank3                 bank3        000000
__Hbank4                 bank4        000000
__Hbank5                 bank5        000000
__Hbank6                 bank6        000000
__Hbank7                 bank7        000000
__Hbank8                 bank8        000000
__Hbank9                 bank9        000000
__Hbigbss                bigbss       000000
__Hbigdata               bigdata      000000
__Hbigram                bigram       000000
__Hbigsfr                bigsfr       000000
__Hbss                   bss          000000
__HbssBANK0              bssBANK0     000000
__Hcinit                 cinit        000000
__Hclrtext               clrtext      000000
__Hcomram                comram       000000
__Hconfig                config       30000E
__Hconst                 const        000000
__HcstackBANK0           cstackBANK0  000000
__HcstackCOMRAM          cstackCOMRAM 000000
__Hdata                  data         000000
__HdataBANK0             dataBANK0    000000
__Heeprom_data           eeprom_data  000000
__Hfarbss                farbss       000000
__Hfardata               fardata      000000
__Hheap                  heap         000000
__Hibigdata              ibigdata     000000
__Hidata                 idata        000000
__HidataBANK0            idataBANK0   000000
__Hidloc                 idloc        200008
__Hifardata              ifardata     000000
__Hinit                  init         0003BC
__Hintcode               intcode      0003B8
__Hintcode_body          intcode_body 000000
__Hintcodelo             intcodelo    0003B8
__Hintentry              intentry     000000
__Hintret                intret       000000
__Hintsave_regs          intsave_regs 000000
__Hirdata                irdata       000000
__Hmediumconst           mediumconst  000000
__HnvFARRAM              nvFARRAM     000000
__Hnvbit                 nvbit        000000
__Hnvrram                nvrram       000000
__Hparam                 rparam       000000
__Hpowerup               powerup      0003B8
__Hram                   ram          000000
__Hramtop                ramtop       001000
__Hrbit                  rbit         000000
__Hrbss                  rbss         000000
__Hrdata                 rdata        000000
__Hreset_vec             reset_vec    000004
__Hrparam                rparam       000000
__Hsfr                   sfr          000000
__Hsmallconst            smallconst   001092
__Hspace_0               (abs)        003036
__Hspace_1               (abs)        0000D8
__Hspace_2               (abs)        000000
__Hspace_4               (abs)        60000E
__Hstack                 stack        000000
__Hstruct                struct       000000
__Htemp                  temp         000060
__Htext                  text         000000
__Htext0                 text0        000000
__Htext1                 text1        000000
__Htext10                text10       000000
__Htext11                text11       000000
__Htext12                text12       000000
__Htext13                text13       000000
__Htext14                text14       000000
__Htext15                text15       000000
__Htext16                text16       000000
__Htext17                text17       000000
__Htext19                text19       000000
__Htext2                 text2        000000
__Htext20                text20       000000
__Htext21                text21       000000
__Htext22                text22       000000
__Htext23                text23       000000
__Htext24                text24       000000
__Htext25                text25       000000
__Htext26                text26       000000
__Htext27                text27       000000
__Htext28                text28       000000
__Htext29                text29       000000
__Htext3                 text3        000000
__Htext30                text30       000000
__Htext31                text31       000000
__Htext32                text32       000000
__Htext33                text33       000000
__Htext34                text34       000000
__Htext35                text35       000000
__Htext36                text36       000000
__Htext37                text37       000000
__Htext38                text38       000000
__Htext39                text39       000000
__Htext4                 text4        000000
__Htext40                text40       000000
__Htext41                text41       000000
__Htext42                text42       000000
__Htext43                text43       000000
__Htext44                text44       000000
__Htext45                text45       000000
__Htext46                text46       000000
__Htext47                text47       000000
__Htext48                text48       000000
__Htext49                text49       000000
__Htext5                 text5        000000
__Htext50                text50       000000
__Htext51                text51       000000
__Htext6                 text6        000000
__Htext7                 text7        000000
__Htext8                 text8        000000
__Htext9                 text9        000000
__LRAM                   (abs)        000001
__Labs1                  abs1         000000
__Lbank0                 bank0        000000
__Lbank1                 bank1        000000
__Lbank10                bank10       000000
__Lbank11                bank11       000000
__Lbank12                bank12       000000
__Lbank13                bank13       000000
__Lbank14                bank14       000000
__Lbank15                bank15       000000
__Lbank2                 bank2        000000
__Lbank3                 bank3        000000
__Lbank4                 bank4        000000
__Lbank5                 bank5        000000
__Lbank6                 bank6        000000
__Lbank7                 bank7        000000
__Lbank8                 bank8        000000
__Lbank9                 bank9        000000
__Lbigbss                bigbss       000000
__Lbigdata               bigdata      000000
__Lbigram                bigram       000000
__Lbigsfr                bigsfr       000000
__Lbss                   bss          000000
__LbssBANK0              bssBANK0     000000
__Lcinit                 cinit        000000
__Lclrtext               clrtext      000000
__Lcomram                comram       000000
__Lconfig                config       000000
__Lconst                 const        000000
__LcstackBANK0           cstackBANK0  000000
__LcstackCOMRAM          cstackCOMRAM 000000
__Ldata                  data         000000
__LdataBANK0             dataBANK0    000000
__Leeprom_data           eeprom_data  000000
__Lfarbss                farbss       000000
__Lfardata               fardata      000000
__Lheap                  heap         000000
__Libigdata              ibigdata     000000
__Lidata                 idata        000000
__LidataBANK0            idataBANK0   000000
__Lidloc                 idloc        000000
__Lifardata              ifardata     000000
__Linit                  init         0003B8
__Lintcode               intcode      000008
__Lintcode_body          intcode_body 000000
__Lintcodelo             intcodelo    0003B8
__Lintentry              intentry     000000
__Lintret                intret       000000
__Lintsave_regs          intsave_regs 000000
__Lirdata                irdata       000000
__Lmediumconst           mediumconst  000000
__LnvFARRAM              nvFARRAM     000000
__Lnvbit                 nvbit        000000
__Lnvrram                nvrram       000000
__Lparam                 rparam       000000
__Lpowerup               powerup      0003B8
__Lram                   ram          000000
__Lramtop                ramtop       001000
__Lrbit                  rbit         000000
__Lrbss                  rbss         000000
__Lrdata                 rdata        000000
__Lreset_vec             reset_vec    000000
__Lrparam                rparam       000000
__Lsfr                   sfr          000000
__Lsmallconst            smallconst   001000
__Lspace_0               (abs)        000000
__Lspace_1               (abs)        000000
__Lspace_2               (abs)        000000
__Lspace_4               (abs)        000000
__Lstack                 stack        000000
__Lstruct                struct       000000
__Ltemp                  temp         00005F
__Ltext                  text         000000
__Ltext0                 text0        000000
__Ltext1                 text1        000000
__Ltext10                text10       000000
__Ltext11                text11       000000
__Ltext12                text12       000000
__Ltext13                text13       000000
__Ltext14                text14       000000
__Ltext15                text15       000000
__Ltext16                text16       000000
__Ltext17                text17       000000
__Ltext19                text19       000000
__Ltext2                 text2        000000
__Ltext20                text20       000000
__Ltext21                text21       000000
__Ltext22                text22       000000
__Ltext23                text23       000000
__Ltext24                text24       000000
__Ltext25                text25       000000
__Ltext26                text26       000000
__Ltext27                text27       000000
__Ltext28                text28       000000
__Ltext29                text29       000000
__Ltext3                 text3        000000
__Ltext30                text30       000000
__Ltext31                text31       000000
__Ltext32                text32       000000
__Ltext33                text33       000000
__Ltext34                text34       000000
__Ltext35                text35       000000
__Ltext36                text36       000000
__Ltext37                text37       000000
__Ltext38                text38       000000
__Ltext39                text39       000000
__Ltext4                 text4        000000
__Ltext40                text40       000000
__Ltext41                text41       000000
__Ltext42                text42       000000
__Ltext43                text43       000000
__Ltext44                text44       000000
__Ltext45                text45       000000
__Ltext46                text46       000000
__Ltext47                text47       000000
__Ltext48                text48       000000
__Ltext49                text49       000000
__Ltext5                 text5        000000
__Ltext50                text50       000000
__Ltext51                text51       000000
__Ltext6                 text6        000000
__Ltext7                 text7        000000
__Ltext8                 text8        000000
__Ltext9                 text9        000000
__S0                     (abs)        003036
__S1                     (abs)        0000D8
__S4                     (abs)        000000
__S5                     (abs)        000000
___awdiv                 text45       0028DC
___awdiv@counter         cstackCOMRAM 00000B
___awdiv@dividend        cstackCOMRAM 000007
___awdiv@divisor         cstackCOMRAM 000009
___awdiv@quotient        cstackCOMRAM 00000D
___awdiv@sign            cstackCOMRAM 00000C
___awmod                 text30       002ACA
___awmod@counter         cstackCOMRAM 000005
___awmod@dividend        cstackCOMRAM 000001
___awmod@divisor         cstackCOMRAM 000003
___awmod@sign            cstackCOMRAM 000006
___awtoft                text46       002E44
___awtoft@c              cstackCOMRAM 000009
___awtoft@sign           cstackCOMRAM 00000C
___ftadd                 text41       001CBA
___ftadd@exp1            cstackCOMRAM 000037
___ftadd@exp2            cstackCOMRAM 000036
___ftadd@f1              cstackCOMRAM 00002C
___ftadd@f2              cstackCOMRAM 00002F
___ftadd@sign            cstackCOMRAM 000035
___ftdiv                 text14       0022D0
___ftdiv@cntr            cstackBANK0  000083
___ftdiv@exp             cstackBANK0  000087
___ftdiv@f1              cstackBANK0  00007A
___ftdiv@f2              cstackBANK0  00007D
___ftdiv@f3              cstackBANK0  000084
___ftdiv@sign            cstackBANK0  000088
___ftge                  text13       0029E2
___ftge@ff1              cstackBANK0  000069
___ftge@ff2              cstackBANK0  00006C
___ftmul                 text35       0020E8
___ftmul@cntr            cstackCOMRAM 00001C
___ftmul@exp             cstackCOMRAM 000018
___ftmul@f1              cstackCOMRAM 00000F
___ftmul@f2              cstackCOMRAM 000012
___ftmul@f3_as_product   cstackCOMRAM 000019
___ftmul@sign            cstackCOMRAM 00001D
___ftneg                 text42       002EFE
___ftneg@f1              cstackCOMRAM 000001
___ftpack                text15       002630
___ftpack@arg            cstackBANK0  000069
___ftpack@exp            cstackBANK0  00006C
___ftpack@sign           cstackBANK0  00006D
___ftsub                 text40       002D8E
___ftsub@f1              cstackCOMRAM 000038
___ftsub@f2              cstackCOMRAM 00003B
___fttol                 text12       00248A
___fttol@exp1            cstackBANK0  000097
___fttol@f1              cstackBANK0  000089
___fttol@lval            cstackBANK0  000093
___fttol@sign1           cstackBANK0  000092
___heap_hi               (abs)        000000
___heap_lo               (abs)        000000
___inthi_sp              stack        000000
___intlo_sp              stack        000000
___lbdiv                 text34       002E0A
___lbdiv@counter         cstackCOMRAM 000007
___lbdiv@dividend        cstackCOMRAM 000006
___lbdiv@divisor         cstackCOMRAM 000005
___lbdiv@quotient        cstackCOMRAM 000008
___lbmod                 text33       002EAE
___lbmod@counter         cstackCOMRAM 000003
___lbmod@dividend        cstackCOMRAM 000002
___lbmod@divisor         cstackCOMRAM 000001
___lbmod@rem             cstackCOMRAM 000004
___lldiv                 text39       002960
___lldiv@counter         cstackCOMRAM 00000D
___lldiv@dividend        cstackCOMRAM 000001
___lldiv@divisor         cstackCOMRAM 000005
___lldiv@quotient        cstackCOMRAM 000009
___llmod                 text38       002BA4
___llmod@counter         cstackCOMRAM 000009
___llmod@dividend        cstackCOMRAM 000001
___llmod@divisor         cstackCOMRAM 000005
___lltoft                text11       002C0A
___lltoft@c              cstackBANK0  000071
___lltoft@exp            cstackBANK0  000079
___param_bank            (abs)        000000
___rparam_used           (abs)        000001
___sp                    stack        000000
___wmul                  text44       002ED8
___wmul@multiplicand     cstackCOMRAM 000011
___wmul@multiplier       cstackCOMRAM 00000F
___wmul@product          cstackCOMRAM 000013
__accesstop              (abs)        000060
__activetblptr           (abs)        000002
__div_to_l_              text37       0021DC
__div_to_l_@cntr         cstackCOMRAM 00000B
__div_to_l_@exp1         cstackCOMRAM 00000C
__div_to_l_@f1           cstackCOMRAM 000001
__div_to_l_@f2           cstackCOMRAM 000004
__div_to_l_@quot         cstackCOMRAM 000007
__end_of_DataLCD         text48       002D08
__end_of_LCD             text17       002838
__end_of_SettingsLCD     text16       002F9C
__end_of_TMR1_ISR        intcode      0003B8
__end_of_WriteLCD        text50       002FC8
__end_of___awdiv         text45       002960
__end_of___awmod         text30       002B3A
__end_of___awtoft        text46       002E7C
__end_of___ftadd         text41       001E62
__end_of___ftdiv         text14       0023B6
__end_of___ftge          text13       002A56
__end_of___ftmul         text35       0021DC
__end_of___ftneg         text42       002F22
__end_of___ftpack        text15       0026DE
__end_of___ftsub         text40       002DCE
__end_of___fttol         text12       00255E
__end_of___lbdiv         text34       002E44
__end_of___lbmod         text33       002ED8
__end_of___lldiv         text39       0029E2
__end_of___llmod         text38       002C0A
__end_of___lltoft        text11       002C66
__end_of___wmul          text44       002EFE
__end_of__div_to_l_      text37       0022D0
__end_of__initialization cinit        002EA0
__end_of__npowers_       smallconst   00104F
__end_of__powers_        smallconst   001028
__end_of__tdiv_to_l_     text36       0020E8
__end_of_dpowers         smallconst   001077
__end_of_fround          text32       001CBA
__end_of_isdigit         text31       002F80
__end_of_main            text0        003034
__end_of_map             text43       002D8E
__end_of_readI2C1        text4        002BA4
__end_of_readyI2C        text10       002FDC
__end_of_receiveI2C      text9        002E0A
__end_of_repeatedStart   text8        00301E
__end_of_scale           text29       001ADE
__end_of_sendI2C         text7        002FFA
__end_of_setPWMFreq      text2        001FEA
__end_of_settings        text1        00248A
__end_of_sprintf         text25       001746
__end_of_startI2C        text6        003016
__end_of_stopI2C         text5        00300E
__end_of_strlen          text49       002F44
__end_of_writeI2C        text20       002D4C
__end_of_writeI2C1       text3        002F62
__end_ofi2_LCD           text51       0028DC
__end_ofi2_SettingsLCD   text19       002FB2
__end_ofi2___ftge        text28       002ACA
__end_ofi2___ftpack      text47       00278C
__end_ofi2___fttol       text27       002630
__end_ofi2___lltoft      text26       002CC2
__end_ofi2_readyI2C      text24       002FEE
__end_ofi2_sendI2C       text23       003006
__end_ofi2_startI2C      text22       00302E
__end_ofi2_stopI2C       text21       003026
__initialization         cinit        002E7C
__mediumconst            mediumconst  000000
__npowers_               smallconst   001028
__pbssBANK0              bssBANK0     0000A3
__pcinit                 cinit        002E7C
__pcstackBANK0           cstackBANK0  000060
__pcstackCOMRAM          cstackCOMRAM 000001
__pdataBANK0             dataBANK0    0000D6
__pidataBANK0            idataBANK0   003034
__pintcode               intcode      000008
__powers_                smallconst   001001
__psmallconst            smallconst   001000
__ptext0                 text0        00302E
__ptext1                 text1        0023B6
__ptext10                text10       002FC8
__ptext11                text11       002C0A
__ptext12                text12       00248A
__ptext13                text13       0029E2
__ptext14                text14       0022D0
__ptext15                text15       002630
__ptext16                text16       002F80
__ptext17                text17       00278C
__ptext19                text19       002F9C
__ptext2                 text2        001E62
__ptext20                text20       002D08
__ptext21                text21       00301E
__ptext22                text22       003026
__ptext23                text23       002FFA
__ptext24                text24       002FDC
__ptext25                text25       001092
__ptext26                text26       002C66
__ptext27                text27       00255E
__ptext28                text28       002A56
__ptext29                text29       001746
__ptext3                 text3        002F44
__ptext30                text30       002ACA
__ptext31                text31       002F62
__ptext32                text32       001ADE
__ptext33                text33       002EAE
__ptext34                text34       002E0A
__ptext35                text35       0020E8
__ptext36                text36       001FEA
__ptext37                text37       0021DC
__ptext38                text38       002BA4
__ptext39                text39       002960
__ptext4                 text4        002B3A
__ptext40                text40       002D8E
__ptext41                text41       001CBA
__ptext42                text42       002EFE
__ptext43                text43       002D4C
__ptext44                text44       002ED8
__ptext45                text45       0028DC
__ptext46                text46       002E44
__ptext47                text47       0026DE
__ptext48                text48       002CC2
__ptext49                text49       002F22
__ptext5                 text5        003006
__ptext50                text50       002FB2
__ptext51                text51       002838
__ptext6                 text6        00300E
__ptext7                 text7        002FEE
__ptext8                 text8        003016
__ptext9                 text9        002DCE
__ramtop                 ramtop       001000
__smallconst             smallconst   001000
__tdiv_to_l_             text36       001FEA
__tdiv_to_l_@cntr        cstackCOMRAM 00000E
__tdiv_to_l_@exp1        cstackCOMRAM 00000F
__tdiv_to_l_@f1          cstackCOMRAM 000001
__tdiv_to_l_@f2          cstackCOMRAM 000004
__tdiv_to_l_@quot        cstackCOMRAM 00000A
_a                       bssBANK0     0000A9
_b                       bssBANK0     0000A6
_c                       bssBANK0     0000A3
_confir                  bssBANK0     0000B4
_data1                   bssBANK0     0000B8
_data2                   bssBANK0     0000D2
_data3                   bssBANK0     0000CE
_dpowers                 smallconst   00104F
_flag                    dataBANK0    0000D6
_fround                  text32       001ADE
_fround$1113             cstackCOMRAM 000028
_fround$1114             cstackCOMRAM 000025
_i                       bssBANK0     0000B6
_isdigit                 text31       002F62
_isdigit$922             cstackCOMRAM 000002
_led                     bssBANK0     0000AC
_main                    text0        00302E
_map                     text43       002D4C
_pos                     bssBANK0     0000B2
_readI2C1                text4        002B3A
_readyI2C                text10       002FC8
_receiveI2C              text9        002DCE
_repeatedStart           text8        003016
_scale                   text29       001746
_scale$1115              cstackCOMRAM 000025
_sendI2C                 text7        002FEE
_servo                   bssBANK0     0000B9
_setPWMFreq              text2        001E62
_settings                text1        0023B6
_sprintf                 text25       001092
_sprintf$1116            cstackCOMRAM 000049
_startI2C                text6        00300E
_stopI2C                 text5        003006
_strlen                  text49       002F22
_text                    bssBANK0     0000BA
_writeI2C                text20       002D08
_writeI2C1               text3        002F44
btemp                    temp         00005F
end_of_initialization    cinit        002EA0
fround@prec              cstackCOMRAM 00002B
i2LCD@data               cstackCOMRAM 000002
i2SettingsLCD@word       cstackCOMRAM 000003
i2_LCD                   text51       002838
i2_SettingsLCD           text19       002F9C
i2___ftge                text28       002A56
i2___ftge@ff1            cstackCOMRAM 000001
i2___ftge@ff2            cstackCOMRAM 000004
i2___ftpack              text47       0026DE
i2___ftpack@arg          cstackCOMRAM 000001
i2___ftpack@exp          cstackCOMRAM 000004
i2___ftpack@sign         cstackCOMRAM 000005
i2___fttol               text27       00255E
i2___fttol@exp1          cstackCOMRAM 000037
i2___fttol@f1            cstackCOMRAM 000029
i2___fttol@lval          cstackCOMRAM 000033
i2___fttol@sign1         cstackCOMRAM 000032
i2___lltoft              text26       002C66
i2___lltoft@c            cstackCOMRAM 000009
i2___lltoft@exp          cstackCOMRAM 000011
i2_readyI2C              text24       002FDC
i2_sendI2C               text23       002FFA
i2_startI2C              text22       003026
i2_stopI2C               text21       00301E
i2sendI2C@data           cstackCOMRAM 000002
int$flags                temp         00005F
intlevel0                text         000000
intlevel1                text         000000
intlevel2                text         000000
intlevel3                text         000000
isa$std                  (abs)        000001
isa$xinst                (abs)        000000
isdigit@c                cstackCOMRAM 000003
map@In_Max               cstackCOMRAM 00003C
map@In_Min               cstackCOMRAM 00003A
map@Out_Max              cstackCOMRAM 000040
map@Out_Min              cstackCOMRAM 00003E
map@x                    cstackCOMRAM 000038
readI2C1@Address         cstackBANK0  000073
readI2C1@Data            cstackBANK0  00006E
readI2C1@Register        cstackBANK0  00006D
readI2C1@bytes           cstackBANK0  00006F
receiveI2C@buffer        cstackBANK0  00006C
receiveI2C@flag          cstackBANK0  00006B
scale@scl                cstackCOMRAM 000028
sendI2C@data             cstackBANK0  00006A
setPWMFreq@freq          cstackBANK0  000098
setPWMFreq@prescale      cstackBANK0  00009C
setPWMFreq@prescaleval   cstackBANK0  00009D
sprintf@ap               cstackCOMRAM 00004C
sprintf@c                cstackCOMRAM 00005E
sprintf@eexp             cstackCOMRAM 000053
sprintf@f                cstackCOMRAM 00003F
sprintf@flag             cstackCOMRAM 00004D
sprintf@fval             cstackCOMRAM 00005B
sprintf@prec             cstackCOMRAM 000059
sprintf@sp               cstackCOMRAM 00003E
sprintf@tmpval           cstackCOMRAM 000055
sprintf@val              cstackCOMRAM 00004F
stackhi                  (abs)        000000
stacklo                  (abs)        000000
start                    init         0003B8
start_initialization     cinit        002E7C
strlen@cp                cstackCOMRAM 000003
strlen@s                 cstackCOMRAM 000001
ttemp5                   temp         000060
ttemp6                   temp         000063
ttemp7                   temp         000067
writeI2C1@Address        cstackBANK0  00006D
writeI2C1@Data           cstackBANK0  00006C
writeI2C1@Register       cstackBANK0  00006B
writeI2C@Address         cstackCOMRAM 000007
writeI2C@Data            cstackCOMRAM 000004
writeI2C@Register        cstackCOMRAM 000003
writeI2C@bytes           cstackCOMRAM 000005
wtemp8                   temp         000060


MODULE INFORMATION

Module		Function		Class		Link	Load	Size
C:\Program Files\Microchip\xc8\v2.36\pic\sources\c90\common\ftsub.c
		___ftsub       		CODE           	2D8E	0000	64

C:\Program Files\Microchip\xc8\v2.36\pic\sources\c90\common\ftsub.c estimated size: 64

C:\Program Files\Microchip\xc8\v2.36\pic\sources\c90\common\float.c
		___ftpack      		CODE           	2630	0000	174

C:\Program Files\Microchip\xc8\v2.36\pic\sources\c90\common\float.c estimated size: 174

C:\Program Files\Microchip\xc8\v2.36\pic\sources\c90\common\doprnt.c
		_scale         		CODE           	1746	0000	920
		_sprintf       		CODE           	1092	0000	1716
		_fround        		CODE           	1ADE	0000	476

C:\Program Files\Microchip\xc8\v2.36\pic\sources\c90\common\doprnt.c estimated size: 3112

C:\Program Files\Microchip\xc8\v2.36\pic\sources\c90\common\lltoft.c
		___lltoft      		CODE           	2C0A	0000	92

C:\Program Files\Microchip\xc8\v2.36\pic\sources\c90\common\lltoft.c estimated size: 92

C:\Program Files\Microchip\xc8\v2.36\pic\sources\c90\common\awmod.c
		___awmod       		CODE           	2ACA	0000	112

C:\Program Files\Microchip\xc8\v2.36\pic\sources\c90\common\awmod.c estimated size: 112

C:\Program Files\Microchip\xc8\v2.36\pic\sources\c90\common\ftge.c
		___ftge        		CODE           	29E2	0000	116

C:\Program Files\Microchip\xc8\v2.36\pic\sources\c90\common\ftge.c estimated size: 116

C:\Program Files\Microchip\xc8\v2.36\pic\sources\c90\common\llmod.c
		___llmod       		CODE           	2BA4	0000	102

C:\Program Files\Microchip\xc8\v2.36\pic\sources\c90\common\llmod.c estimated size: 102

C:\Program Files\Microchip\xc8\v2.36\pic\sources\c90\common\ftdivl.c
		__tdiv_to_l_   		CODE           	1FEA	0000	254

C:\Program Files\Microchip\xc8\v2.36\pic\sources\c90\common\ftdivl.c estimated size: 254

PIC18F46K22_PCA9685_ROBOR_2R.c
		_stopI2C       		CODE           	3006	0000	8
		_readI2C1      		CODE           	2B3A	0000	106
		_DataLCD       		CODE           	2CC2	0000	70
		_map           		CODE           	2D4C	0000	66
		_writeI2C      		CODE           	2D08	0000	68
		_writeI2C1     		CODE           	2F44	0000	30
		_repeatedStart 		CODE           	3016	0000	8
		_settings      		CODE           	23B6	0000	212
		_startI2C      		CODE           	300E	0000	8
		_LCD           		CODE           	278C	0000	172
		_main          		CODE           	302E	0000	6
		_receiveI2C    		CODE           	2DCE	0000	60
		_WriteLCD      		CODE           	2FB2	0000	22
		_readyI2C      		CODE           	2FC8	0000	20
		_sendI2C       		CODE           	2FEE	0000	12
		_SettingsLCD   		CODE           	2F80	0000	28
		_TMR1_ISR      		CODE           	0008	0000	944
		_setPWMFreq    		CODE           	1E62	0000	392

PIC18F46K22_PCA9685_ROBOR_2R.c estimated size: 2232

C:\Program Files\Microchip\xc8\v2.36\pic\sources\c90\common\ftmul.c
		___ftmul       		CODE           	20E8	0000	244

C:\Program Files\Microchip\xc8\v2.36\pic\sources\c90\common\ftmul.c estimated size: 244

C:\Program Files\Microchip\xc8\v2.36\pic\sources\c90\common\Umul16.c
		___wmul        		CODE           	2ED8	0000	38

C:\Program Files\Microchip\xc8\v2.36\pic\sources\c90\common\Umul16.c estimated size: 38

C:\Program Files\Microchip\xc8\v2.36\pic\sources\c90\common\ftdiv.c
		___ftdiv       		CODE           	22D0	0000	230

C:\Program Files\Microchip\xc8\v2.36\pic\sources\c90\common\ftdiv.c estimated size: 230

C:\Program Files\Microchip\xc8\v2.36\pic\sources\c90\common\fldivl.c
		__div_to_l_    		CODE           	21DC	0000	244

C:\Program Files\Microchip\xc8\v2.36\pic\sources\c90\common\fldivl.c estimated size: 244

C:\Program Files\Microchip\xc8\v2.36\pic\sources\c90\common\awdiv.c
		___awdiv       		CODE           	28DC	0000	132

C:\Program Files\Microchip\xc8\v2.36\pic\sources\c90\common\awdiv.c estimated size: 132

C:\Program Files\Microchip\xc8\v2.36\pic\sources\c90\common\__lldiv.c
		___lldiv       		CODE           	2960	0000	130

C:\Program Files\Microchip\xc8\v2.36\pic\sources\c90\common\__lldiv.c estimated size: 130

C:\Program Files\Microchip\xc8\v2.36\pic\sources\c90\common\lbmod.c
		___lbmod       		CODE           	2EAE	0000	42

C:\Program Files\Microchip\xc8\v2.36\pic\sources\c90\common\lbmod.c estimated size: 42

C:\Program Files\Microchip\xc8\v2.36\pic\sources\c90\common\fttol.c
		___fttol       		CODE           	248A	0000	212

C:\Program Files\Microchip\xc8\v2.36\pic\sources\c90\common\fttol.c estimated size: 212

shared
		i2_SettingsLCD 		CODE           	2F9C	0000	22
		__powers_      		SMALLCONST     	1001	0000	39
		i2___fttol     		CODE           	255E	0000	210
		_dpowers       		SMALLCONST     	104F	0000	40
		i2___ftge      		CODE           	2A56	0000	116
		i2_startI2C    		CODE           	3026	0000	8
		i2_LCD         		CODE           	2838	0000	164
		__npowers_     		SMALLCONST     	1028	0000	39
		i2_stopI2C     		CODE           	301E	0000	8
		i2___ftpack    		CODE           	26DE	0000	174
		__initialization		CODE           	2E7C	0000	36
		i2___lltoft    		CODE           	2C66	0000	92
		i2_readyI2C    		CODE           	2FDC	0000	18
		i2_sendI2C     		CODE           	2FFA	0000	12

shared estimated size: 978

C:\Program Files\Microchip\xc8\v2.36\pic\sources\c90\common\ftadd.c
		___ftadd       		CODE           	1CBA	0000	424

C:\Program Files\Microchip\xc8\v2.36\pic\sources\c90\common\ftadd.c estimated size: 424

C:\Program Files\Microchip\xc8\v2.36\pic\sources\c90\common\strlen.c
		_strlen        		CODE           	2F22	0000	34

C:\Program Files\Microchip\xc8\v2.36\pic\sources\c90\common\strlen.c estimated size: 34

C:\Program Files\Microchip\xc8\v2.36\pic\sources\c90\common\isdigit.c
		_isdigit       		CODE           	2F62	0000	30

C:\Program Files\Microchip\xc8\v2.36\pic\sources\c90\common\isdigit.c estimated size: 30

C:\Program Files\Microchip\xc8\v2.36\pic\sources\c90\common\lbdiv.c
		___lbdiv       		CODE           	2E0A	0000	58

C:\Program Files\Microchip\xc8\v2.36\pic\sources\c90\common\lbdiv.c estimated size: 58

C:\Program Files\Microchip\xc8\v2.36\pic\sources\c90\common\awtoft.c
		___awtoft      		CODE           	2E44	0000	56

C:\Program Files\Microchip\xc8\v2.36\pic\sources\c90\common\awtoft.c estimated size: 56

C:\Program Files\Microchip\xc8\v2.36\pic\sources\c90\common\ftneg.c
		___ftneg       		CODE           	2EFE	0000	36

C:\Program Files\Microchip\xc8\v2.36\pic\sources\c90\common\ftneg.c estimated size: 36

